=========================================
SLURM Job ID: 121524
Job Name: dinov3_ced_apt_gpu3
Node: gpu3
Start Time: Sat Dec 13 10:34:18 EST 2025
=========================================
Activating conda environment: gpu_training
GPUs available:
GPU 0: NVIDIA A30 (UUID: GPU-29441b90-6420-fd35-c439-d03f77885dd3)
GPU 1: NVIDIA A30 (UUID: GPU-153472c2-3399-ec40-a684-2443147fee35)
GPU 2: NVIDIA A30 (UUID: GPU-5ad644da-695f-1a04-39a7-004e8d27c563)
=========================================
Training Configuration:
  Epochs (DISC21): 18
  Epochs (NDEC): 3
  Batch Size: 12
  Learning Rate: 2e-4
  Subset Fraction: 0.5
  Mixed Precision: true
  Save Directory: ./checkpoints_20251213_103418
  Number of GPUs: 3
  Num Workers (per rank): 46
=========================================
Starting training...
Found 20 reference directories
DDP initialized: 3 GPUs (NCCL backend)
TF32 enabled for Ampere GPUs (A30)
Training CEDetector with APT on 3 GPUs
Arguments: Namespace(disc21_path='/home/jowatson/Deep Learning/DISC21', ndec_path='/home/jowatson/Deep Learning/NDEC', hf_token_path='/home/jowatson/Deep Learning/Code/.env', epochs=18, ndec_epochs=3, batch_size=12, lr=0.0002, subset_fraction=0.5, num_workers=46, use_amp=True, dinov3_model='facebook/dinov3-vitb16-pretrain-lvd1689m', freeze_backbone=False, save_dir='./checkpoints_20251213_103418', save_every=5)
Logging metrics to: ./checkpoints_20251213_103418/training_metrics.jsonl

Loading DISC21 dataset...
Found 20 reference directories
Found 20 reference directories
Indexed 1000000 reference images
Indexed 1000000 reference images
Indexed 1000000 reference images
Using 5000 samples (50.0% of dataset)
Using 5000 samples (50.0% of dataset)
Using 5000 samples (50.0% of dataset)
Found 5000 valid query-reference pairsFound 5000 valid query-reference pairs
Found 5000 valid query-reference pairs


Creating model...
Loading DiNOv3 model: facebook/dinov3-vitb16-pretrain-lvd1689m
Loading DiNOv3 model: facebook/dinov3-vitb16-pretrain-lvd1689m
Loading DiNOv3 model: facebook/dinov3-vitb16-pretrain-lvd1689m
DiNOv3 loaded: embed_dim=768, layers=12DiNOv3 loaded: embed_dim=768, layers=12DiNOv3 loaded: embed_dim=768, layers=12


gpu3:3143646:3143646 [0] NCCL INFO NCCL_SOCKET_IFNAME set by environment to ^docker0,lo
gpu3:3143646:3143646 [0] NCCL INFO Bootstrap : Using eth0:10.0.0.103<0>
gpu3:3143646:3143646 [0] NCCL INFO NET/Plugin: No plugin found (libnccl-net.so)
gpu3:3143646:3143646 [0] NCCL INFO NET/Plugin: Plugin load returned 2 : libnccl-net.so: cannot open shared object file: No such file or directory : when loading libnccl-net.so
gpu3:3143646:3143646 [0] NCCL INFO NET/Plugin: Using internal network plugin.
gpu3:3143646:3143646 [0] NCCL INFO cudaDriverVersion 12040
NCCL version 2.21.5+cuda11.0
gpu3:3143647:3143647 [1] NCCL INFO cudaDriverVersion 12040
gpu3:3143647:3143647 [1] NCCL INFO NCCL_SOCKET_IFNAME set by environment to ^docker0,lo
gpu3:3143647:3143647 [1] NCCL INFO Bootstrap : Using eth0:10.0.0.103<0>
gpu3:3143647:3143647 [1] NCCL INFO NET/Plugin: No plugin found (libnccl-net.so)
gpu3:3143647:3143647 [1] NCCL INFO NET/Plugin: Plugin load returned 2 : libnccl-net.so: cannot open shared object file: No such file or directory : when loading libnccl-net.so
gpu3:3143647:3143647 [1] NCCL INFO NET/Plugin: Using internal network plugin.
gpu3:3143648:3143648 [2] NCCL INFO cudaDriverVersion 12040
gpu3:3143648:3143648 [2] NCCL INFO NCCL_SOCKET_IFNAME set by environment to ^docker0,lo
gpu3:3143648:3143648 [2] NCCL INFO Bootstrap : Using eth0:10.0.0.103<0>
gpu3:3143648:3143648 [2] NCCL INFO NET/Plugin: No plugin found (libnccl-net.so)
gpu3:3143648:3143648 [2] NCCL INFO NET/Plugin: Plugin load returned 2 : libnccl-net.so: cannot open shared object file: No such file or directory : when loading libnccl-net.so
gpu3:3143648:3143648 [2] NCCL INFO NET/Plugin: Using internal network plugin.
gpu3:3143646:3143646 [0] NCCL INFO Comm config Blocking set to 1
gpu3:3143646:3144835 [0] NCCL INFO NCCL_IB_DISABLE set by environment to 0.
gpu3:3143646:3144835 [0] NCCL INFO NCCL_SOCKET_IFNAME set by environment to ^docker0,lo
gpu3:3143646:3144835 [0] NCCL INFO NET/IB : Using [0]mlx5_0:1/IB [RO]; OOB eth0:10.0.0.103<0>
gpu3:3143646:3144835 [0] NCCL INFO Using non-device net plugin version 0
gpu3:3143646:3144835 [0] NCCL INFO Using network IB
gpu3:3143648:3143648 [2] NCCL INFO Comm config Blocking set to 1
gpu3:3143648:3144837 [2] NCCL INFO NCCL_IB_DISABLE set by environment to 0.
gpu3:3143647:3143647 [1] NCCL INFO Comm config Blocking set to 1
gpu3:3143647:3144838 [1] NCCL INFO NCCL_IB_DISABLE set by environment to 0.
gpu3:3143648:3144837 [2] NCCL INFO NCCL_SOCKET_IFNAME set by environment to ^docker0,lo
gpu3:3143647:3144838 [1] NCCL INFO NCCL_SOCKET_IFNAME set by environment to ^docker0,lo
gpu3:3143647:3144838 [1] NCCL INFO NET/IB : Using [0]mlx5_0:1/IB [RO]; OOB eth0:10.0.0.103<0>
gpu3:3143647:3144838 [1] NCCL INFO Using non-device net plugin version 0
gpu3:3143647:3144838 [1] NCCL INFO Using network IB
gpu3:3143648:3144837 [2] NCCL INFO NET/IB : Using [0]mlx5_0:1/IB [RO]; OOB eth0:10.0.0.103<0>
gpu3:3143648:3144837 [2] NCCL INFO Using non-device net plugin version 0
gpu3:3143648:3144837 [2] NCCL INFO Using network IB
gpu3:3143648:3144837 [2] NCCL INFO ncclCommInitRank comm 0xdd68890 rank 2 nranks 3 cudaDev 2 nvmlDev 2 busId ca000 commId 0x4a7af32063dc40b5 - Init START
gpu3:3143647:3144838 [1] NCCL INFO ncclCommInitRank comm 0xd735c20 rank 1 nranks 3 cudaDev 1 nvmlDev 1 busId 4b000 commId 0x4a7af32063dc40b5 - Init START
gpu3:3143646:3144835 [0] NCCL INFO ncclCommInitRank comm 0xdfe0660 rank 0 nranks 3 cudaDev 0 nvmlDev 0 busId 31000 commId 0x4a7af32063dc40b5 - Init START
gpu3:3143647:3144838 [1] NCCL INFO Setting affinity for GPU 1 to ffff,0000ffff
gpu3:3143648:3144837 [2] NCCL INFO Setting affinity for GPU 2 to ffff0000,ffff0000
gpu3:3143646:3144835 [0] NCCL INFO Setting affinity for GPU 0 to ffff,0000ffff
gpu3:3143646:3144835 [0] NCCL INFO comm 0xdfe0660 rank 0 nRanks 3 nNodes 1 localRanks 3 localRank 0 MNNVL 0
gpu3:3143647:3144838 [1] NCCL INFO comm 0xd735c20 rank 1 nRanks 3 nNodes 1 localRanks 3 localRank 1 MNNVL 0
gpu3:3143648:3144837 [2] NCCL INFO comm 0xdd68890 rank 2 nRanks 3 nNodes 1 localRanks 3 localRank 2 MNNVL 0
gpu3:3143646:3144835 [0] NCCL INFO Channel 00/02 :    0   1   2
gpu3:3143646:3144835 [0] NCCL INFO Channel 01/02 :    0   1   2
gpu3:3143646:3144835 [0] NCCL INFO Trees [0] 1/-1/-1->0->-1 [1] 1/-1/-1->0->-1
gpu3:3143647:3144838 [1] NCCL INFO Trees [0] 2/-1/-1->1->0 [1] 2/-1/-1->1->0
gpu3:3143646:3144835 [0] NCCL INFO P2P Chunksize set to 524288
gpu3:3143647:3144838 [1] NCCL INFO P2P Chunksize set to 524288
gpu3:3143648:3144837 [2] NCCL INFO Trees [0] -1/-1/-1->2->1 [1] -1/-1/-1->2->1
gpu3:3143648:3144837 [2] NCCL INFO P2P Chunksize set to 524288
gpu3:3143647:3144838 [1] NCCL INFO Channel 00 : 1[1] -> 2[2] via SHM/direct/direct
gpu3:3143647:3144838 [1] NCCL INFO Channel 01 : 1[1] -> 2[2] via SHM/direct/direct
gpu3:3143646:3144835 [0] NCCL INFO Channel 00/0 : 0[0] -> 1[1] via P2P/IPC/read
gpu3:3143646:3144835 [0] NCCL INFO Channel 01/0 : 0[0] -> 1[1] via P2P/IPC/read
gpu3:3143648:3144837 [2] NCCL INFO Channel 00 : 2[2] -> 0[0] via SHM/direct/direct
gpu3:3143648:3144837 [2] NCCL INFO Channel 01 : 2[2] -> 0[0] via SHM/direct/direct
gpu3:3143648:3144837 [2] NCCL INFO Connected all rings
gpu3:3143646:3144835 [0] NCCL INFO Connected all rings
gpu3:3143647:3144838 [1] NCCL INFO Connected all rings
gpu3:3143648:3144837 [2] NCCL INFO Channel 00 : 2[2] -> 1[1] via SHM/direct/direct
gpu3:3143648:3144837 [2] NCCL INFO Channel 01 : 2[2] -> 1[1] via SHM/direct/direct
gpu3:3143647:3144838 [1] NCCL INFO Channel 00/0 : 1[1] -> 0[0] via P2P/IPC/read
gpu3:3143647:3144838 [1] NCCL INFO Channel 01/0 : 1[1] -> 0[0] via P2P/IPC/read
gpu3:3143646:3144835 [0] NCCL INFO Connected all trees
gpu3:3143646:3144835 [0] NCCL INFO threadThresholds 8/8/64 | 24/8/64 | 512 | 512
gpu3:3143646:3144835 [0] NCCL INFO 2 coll channels, 2 collnet channels, 0 nvls channels, 2 p2p channels, 2 p2p channels per peer
gpu3:3143647:3144838 [1] NCCL INFO Connected all trees
gpu3:3143648:3144837 [2] NCCL INFO Connected all trees
gpu3:3143647:3144838 [1] NCCL INFO threadThresholds 8/8/64 | 24/8/64 | 512 | 512
gpu3:3143647:3144838 [1] NCCL INFO 2 coll channels, 2 collnet channels, 0 nvls channels, 2 p2p channels, 2 p2p channels per peer
gpu3:3143648:3144837 [2] NCCL INFO threadThresholds 8/8/64 | 24/8/64 | 512 | 512
gpu3:3143648:3144837 [2] NCCL INFO 2 coll channels, 2 collnet channels, 0 nvls channels, 2 p2p channels, 2 p2p channels per peer
gpu3:3143647:3144838 [1] NCCL INFO TUNER/Plugin: Plugin load returned 11 : libnccl-net.so: cannot open shared object file: No such file or directory : when loading libnccl-tuner.so
gpu3:3143647:3144838 [1] NCCL INFO TUNER/Plugin: Using internal tuner plugin.
gpu3:3143647:3144838 [1] NCCL INFO ncclCommInitRank comm 0xd735c20 rank 1 nranks 3 cudaDev 1 nvmlDev 1 busId 4b000 commId 0x4a7af32063dc40b5 - Init COMPLETE
gpu3:3143646:3144835 [0] NCCL INFO TUNER/Plugin: Plugin load returned 11 : libnccl-net.so: cannot open shared object file: No such file or directory : when loading libnccl-tuner.so
gpu3:3143648:3144837 [2] NCCL INFO TUNER/Plugin: Plugin load returned 11 : libnccl-net.so: cannot open shared object file: No such file or directory : when loading libnccl-tuner.so
gpu3:3143646:3144835 [0] NCCL INFO TUNER/Plugin: Using internal tuner plugin.
gpu3:3143648:3144837 [2] NCCL INFO TUNER/Plugin: Using internal tuner plugin.
gpu3:3143646:3144835 [0] NCCL INFO ncclCommInitRank comm 0xdfe0660 rank 0 nranks 3 cudaDev 0 nvmlDev 0 busId 31000 commId 0x4a7af32063dc40b5 - Init COMPLETE
gpu3:3143648:3144837 [2] NCCL INFO ncclCommInitRank comm 0xdd68890 rank 2 nranks 3 cudaDev 2 nvmlDev 2 busId ca000 commId 0x4a7af32063dc40b5 - Init COMPLETE
Mixed precision training: Enabled

Training on DISC21 for 18 epochs...
Epoch 0 [0/139] Loss: 9.6442 | Batch Time: 12.59s | ETA: 0:29:09
Epoch 0 [10/139] Loss: 12.9492 | Batch Time: 8.37s | ETA: 0:17:43
Epoch 0 [20/139] Loss: 5.7641 | Batch Time: 7.03s | ETA: 0:15:23
Epoch 0 [30/139] Loss: 4.9683 | Batch Time: 7.46s | ETA: 0:13:54
Epoch 0 [40/139] Loss: 3.8466 | Batch Time: 7.13s | ETA: 0:12:25
Epoch 0 [50/139] Loss: 3.3738 | Batch Time: 7.61s | ETA: 0:10:59
Epoch 0 [60/139] Loss: 2.9532 | Batch Time: 6.27s | ETA: 0:09:30
Epoch 0 [70/139] Loss: 3.2522 | Batch Time: 8.06s | ETA: 0:08:19
Epoch 0 [80/139] Loss: 1.8849 | Batch Time: 6.65s | ETA: 0:07:03
Epoch 0 [90/139] Loss: 2.6847 | Batch Time: 7.32s | ETA: 0:05:51
Epoch 0 [100/139] Loss: 2.4714 | Batch Time: 7.56s | ETA: 0:04:38
Epoch 0 [110/139] Loss: 2.3238 | Batch Time: 7.43s | ETA: 0:03:28
Epoch 0 [120/139] Loss: 2.3179 | Batch Time: 7.42s | ETA: 0:02:15
Epoch 0 [130/139] Loss: 2.3285 | Batch Time: 5.85s | ETA: 0:01:04

Epoch 0 Train Metrics:
  µAP: 0.4958
  R@P90: 0.0000
  Accuracy: 0.4817
  Avg Loss: 3.9967
Epoch 0 completed in 16.94 minutes

============================================================
Progress: 1/18 epochs (5.6%)
Elapsed: 0:16:56
ETA: 4:47:57
Total estimated time: 5:04:53
============================================================

Epoch 1 [0/139] Loss: 2.1193 | Batch Time: 14.37s | ETA: 0:33:17
Epoch 1 [10/139] Loss: 2.3055 | Batch Time: 8.49s | ETA: 0:17:02
Epoch 1 [20/139] Loss: 2.2641 | Batch Time: 8.81s | ETA: 0:15:16
Epoch 1 [30/139] Loss: 2.2306 | Batch Time: 6.47s | ETA: 0:13:38
Epoch 1 [40/139] Loss: 2.0537 | Batch Time: 6.98s | ETA: 0:12:21
Epoch 1 [50/139] Loss: 2.3695 | Batch Time: 7.66s | ETA: 0:10:52
Epoch 1 [60/139] Loss: 0.6736 | Batch Time: 6.85s | ETA: 0:09:37
Epoch 1 [70/139] Loss: 2.1171 | Batch Time: 6.77s | ETA: 0:08:19
Epoch 1 [80/139] Loss: 2.4413 | Batch Time: 7.33s | ETA: 0:07:10
Epoch 1 [90/139] Loss: 1.6709 | Batch Time: 8.13s | ETA: 0:05:55
Epoch 1 [100/139] Loss: 2.1105 | Batch Time: 6.59s | ETA: 0:04:42
Epoch 1 [110/139] Loss: 1.9453 | Batch Time: 6.70s | ETA: 0:03:29
Epoch 1 [120/139] Loss: 1.7199 | Batch Time: 7.07s | ETA: 0:02:17
Epoch 1 [130/139] Loss: 1.5939 | Batch Time: 6.85s | ETA: 0:01:04

Epoch 1 Train Metrics:
  µAP: 0.4994
  R@P90: 0.0012
  Accuracy: 0.4841
  Avg Loss: 2.1096
Epoch 1 completed in 17.04 minutes

============================================================
Progress: 2/18 epochs (11.1%)
Elapsed: 0:33:58
ETA: 4:31:50
Total estimated time: 5:05:48
============================================================

Epoch 2 [0/139] Loss: 1.5690 | Batch Time: 13.58s | ETA: 0:31:27
Epoch 2 [10/139] Loss: 1.8284 | Batch Time: 6.35s | ETA: 0:16:40
Epoch 2 [20/139] Loss: 1.6918 | Batch Time: 7.08s | ETA: 0:15:00
Epoch 2 [30/139] Loss: 2.4408 | Batch Time: 7.06s | ETA: 0:13:37
Epoch 2 [40/139] Loss: 2.2988 | Batch Time: 7.06s | ETA: 0:12:23
Epoch 2 [50/139] Loss: 2.2115 | Batch Time: 6.40s | ETA: 0:10:48
Epoch 2 [60/139] Loss: 2.3586 | Batch Time: 8.00s | ETA: 0:09:36
Epoch 2 [70/139] Loss: 2.1521 | Batch Time: 6.12s | ETA: 0:08:20
Epoch 2 [80/139] Loss: 2.1935 | Batch Time: 6.96s | ETA: 0:07:05
Epoch 2 [90/139] Loss: 1.3256 | Batch Time: 7.65s | ETA: 0:05:50
Epoch 2 [100/139] Loss: 1.1146 | Batch Time: 6.49s | ETA: 0:04:38
Epoch 2 [110/139] Loss: 1.3421 | Batch Time: 7.68s | ETA: 0:03:26
Epoch 2 [120/139] Loss: 1.4837 | Batch Time: 6.69s | ETA: 0:02:14
Epoch 2 [130/139] Loss: 2.0615 | Batch Time: 7.10s | ETA: 0:01:04

Epoch 2 Train Metrics:
  µAP: 0.5199
  R@P90: 0.0035
  Accuracy: 0.4895
  Avg Loss: 1.8925
Epoch 2 completed in 16.91 minutes

============================================================
Progress: 3/18 epochs (16.7%)
Elapsed: 0:50:53
ETA: 4:14:26
Total estimated time: 5:05:19
============================================================

Epoch 3 [0/139] Loss: 1.6548 | Batch Time: 10.73s | ETA: 0:24:51
Epoch 3 [10/139] Loss: 1.3311 | Batch Time: 7.69s | ETA: 0:16:38
Epoch 3 [20/139] Loss: 2.1571 | Batch Time: 7.71s | ETA: 0:15:03
Epoch 3 [30/139] Loss: 0.3476 | Batch Time: 7.66s | ETA: 0:13:39
Epoch 3 [40/139] Loss: 1.6506 | Batch Time: 7.76s | ETA: 0:12:19
Epoch 3 [50/139] Loss: 1.8533 | Batch Time: 7.05s | ETA: 0:10:50
Epoch 3 [60/139] Loss: 1.2287 | Batch Time: 6.71s | ETA: 0:09:31
Epoch 3 [70/139] Loss: 1.3527 | Batch Time: 7.26s | ETA: 0:08:13
Epoch 3 [80/139] Loss: 0.6908 | Batch Time: 7.29s | ETA: 0:07:02
Epoch 3 [90/139] Loss: 1.3653 | Batch Time: 6.95s | ETA: 0:05:48
Epoch 3 [100/139] Loss: 1.7528 | Batch Time: 7.08s | ETA: 0:04:37
Epoch 3 [110/139] Loss: 2.0873 | Batch Time: 6.29s | ETA: 0:03:25
Epoch 3 [120/139] Loss: 1.2964 | Batch Time: 7.65s | ETA: 0:02:16
Epoch 3 [130/139] Loss: 1.5716 | Batch Time: 8.00s | ETA: 0:01:04

Epoch 3 Train Metrics:
  µAP: 0.5434
  R@P90: 0.0000
  Accuracy: 0.5069
  Avg Loss: 1.6300
Epoch 3 completed in 16.91 minutes

============================================================
Progress: 4/18 epochs (22.2%)
Elapsed: 1:07:47
ETA: 3:57:17
Total estimated time: 5:05:05
============================================================

Epoch 4 [0/139] Loss: 1.6268 | Batch Time: 12.32s | ETA: 0:28:31
Epoch 4 [10/139] Loss: 1.0320 | Batch Time: 8.13s | ETA: 0:16:58
Epoch 4 [20/139] Loss: 1.1074 | Batch Time: 8.28s | ETA: 0:15:13
Epoch 4 [30/139] Loss: 1.9061 | Batch Time: 7.21s | ETA: 0:13:54
Epoch 4 [40/139] Loss: 1.5180 | Batch Time: 7.52s | ETA: 0:12:34
Epoch 4 [50/139] Loss: 1.8257 | Batch Time: 6.81s | ETA: 0:11:03
Epoch 4 [60/139] Loss: 1.5656 | Batch Time: 7.05s | ETA: 0:09:44
Epoch 4 [70/139] Loss: 1.5180 | Batch Time: 7.31s | ETA: 0:08:27
Epoch 4 [80/139] Loss: 1.5450 | Batch Time: 6.92s | ETA: 0:07:08
Epoch 4 [90/139] Loss: 1.8836 | Batch Time: 7.15s | ETA: 0:05:53
Epoch 4 [100/139] Loss: 1.5274 | Batch Time: 7.30s | ETA: 0:04:41
Epoch 4 [110/139] Loss: 1.8529 | Batch Time: 7.11s | ETA: 0:03:29
Epoch 4 [120/139] Loss: 1.6997 | Batch Time: 7.89s | ETA: 0:02:17
Epoch 4 [130/139] Loss: 1.5293 | Batch Time: 7.24s | ETA: 0:01:05

Epoch 4 Train Metrics:
  µAP: 0.4816
  R@P90: 0.0000
  Accuracy: 0.4931
  Avg Loss: 1.4543
Epoch 4 completed in 17.14 minutes

============================================================
Progress: 5/18 epochs (27.8%)
Elapsed: 1:24:56
ETA: 3:40:51
Total estimated time: 5:05:47
============================================================

Saved checkpoint: ./checkpoints_20251213_103418/checkpoint_epoch_5.pt
Saved best model with µAP: 0.4816
Epoch 5 [0/139] Loss: 1.2429 | Batch Time: 9.74s | ETA: 0:22:34
Epoch 5 [10/139] Loss: 1.6257 | Batch Time: 7.59s | ETA: 0:16:26
Epoch 5 [20/139] Loss: 0.6808 | Batch Time: 6.62s | ETA: 0:15:04
Epoch 5 [30/139] Loss: 1.3165 | Batch Time: 7.90s | ETA: 0:13:45
Epoch 5 [40/139] Loss: 1.5671 | Batch Time: 6.64s | ETA: 0:12:24
Epoch 5 [50/139] Loss: 1.9122 | Batch Time: 6.69s | ETA: 0:11:01
Epoch 5 [60/139] Loss: 1.1600 | Batch Time: 7.89s | ETA: 0:09:42
Epoch 5 [70/139] Loss: 1.6788 | Batch Time: 7.22s | ETA: 0:08:22
Epoch 5 [80/139] Loss: 1.7073 | Batch Time: 6.42s | ETA: 0:07:04
Epoch 5 [90/139] Loss: 1.5599 | Batch Time: 7.32s | ETA: 0:05:51
Epoch 5 [100/139] Loss: 1.2997 | Batch Time: 6.53s | ETA: 0:04:40
Epoch 5 [110/139] Loss: 1.5338 | Batch Time: 7.28s | ETA: 0:03:29
Epoch 5 [120/139] Loss: 1.3870 | Batch Time: 6.98s | ETA: 0:02:17
Epoch 5 [130/139] Loss: 1.9376 | Batch Time: 8.04s | ETA: 0:01:05

Epoch 5 Train Metrics:
  µAP: 0.5251
  R@P90: 0.0000
  Accuracy: 0.5003
  Avg Loss: 1.4623
Epoch 5 completed in 17.11 minutes

============================================================
Progress: 6/18 epochs (33.3%)
Elapsed: 1:42:06
ETA: 3:24:12
Total estimated time: 5:06:18
============================================================

Epoch 6 [0/139] Loss: 1.2415 | Batch Time: 9.18s | ETA: 0:21:16
Epoch 6 [10/139] Loss: 1.8551 | Batch Time: 7.79s | ETA: 0:16:12
Epoch 6 [20/139] Loss: 1.6333 | Batch Time: 6.66s | ETA: 0:14:34
Epoch 6 [30/139] Loss: 1.1649 | Batch Time: 6.68s | ETA: 0:13:17
Epoch 6 [40/139] Loss: 0.1262 | Batch Time: 6.72s | ETA: 0:12:06
Epoch 6 [50/139] Loss: 1.9240 | Batch Time: 6.60s | ETA: 0:10:49
Epoch 6 [60/139] Loss: 1.9899 | Batch Time: 8.12s | ETA: 0:09:33
Epoch 6 [70/139] Loss: 1.4161 | Batch Time: 6.09s | ETA: 0:08:18
Epoch 6 [80/139] Loss: 0.8768 | Batch Time: 7.08s | ETA: 0:07:03
Epoch 6 [90/139] Loss: 0.5847 | Batch Time: 6.64s | ETA: 0:05:48
Epoch 6 [100/139] Loss: 1.5327 | Batch Time: 6.45s | ETA: 0:04:34
Epoch 6 [110/139] Loss: 1.3701 | Batch Time: 8.17s | ETA: 0:03:24
Epoch 6 [120/139] Loss: 1.4961 | Batch Time: 7.00s | ETA: 0:02:15
Epoch 6 [130/139] Loss: 1.5166 | Batch Time: 7.37s | ETA: 0:01:04

Epoch 6 Train Metrics:
  µAP: 0.4814
  R@P90: 0.0012
  Accuracy: 0.4781
  Avg Loss: 1.3398
Epoch 6 completed in 16.81 minutes

============================================================
Progress: 7/18 epochs (38.9%)
Elapsed: 1:58:54
ETA: 3:06:51
Total estimated time: 5:05:46
============================================================

Epoch 7 [0/139] Loss: 1.3553 | Batch Time: 10.46s | ETA: 0:24:14
Epoch 7 [10/139] Loss: 0.9766 | Batch Time: 7.47s | ETA: 0:16:32
Epoch 7 [20/139] Loss: 1.0571 | Batch Time: 8.31s | ETA: 0:15:09
Epoch 7 [30/139] Loss: 1.1931 | Batch Time: 7.39s | ETA: 0:13:44
Epoch 7 [40/139] Loss: 0.9519 | Batch Time: 7.44s | ETA: 0:12:24
Epoch 7 [50/139] Loss: 1.3681 | Batch Time: 6.95s | ETA: 0:11:00
Epoch 7 [60/139] Loss: -0.0941 | Batch Time: 6.85s | ETA: 0:09:42
Epoch 7 [70/139] Loss: 1.0726 | Batch Time: 7.21s | ETA: 0:08:23
Epoch 7 [80/139] Loss: 0.8889 | Batch Time: 8.27s | ETA: 0:07:09
Epoch 7 [90/139] Loss: 1.7701 | Batch Time: 6.25s | ETA: 0:05:54
Epoch 7 [100/139] Loss: 1.7054 | Batch Time: 7.72s | ETA: 0:04:41
Epoch 7 [110/139] Loss: 0.9570 | Batch Time: 6.94s | ETA: 0:03:29
Epoch 7 [120/139] Loss: 1.2470 | Batch Time: 6.69s | ETA: 0:02:16
Epoch 7 [130/139] Loss: 1.4314 | Batch Time: 8.15s | ETA: 0:01:04

Epoch 7 Train Metrics:
  µAP: 0.4690
  R@P90: 0.0000
  Accuracy: 0.4973
  Avg Loss: 1.2839
Epoch 7 completed in 17.08 minutes

============================================================
Progress: 8/18 epochs (44.4%)
Elapsed: 2:15:59
ETA: 2:49:59
Total estimated time: 5:05:59
============================================================

Epoch 8 [0/139] Loss: 1.1983 | Batch Time: 7.89s | ETA: 0:18:17
Epoch 8 [10/139] Loss: 1.5782 | Batch Time: 7.54s | ETA: 0:15:33
Epoch 8 [20/139] Loss: 0.8939 | Batch Time: 6.41s | ETA: 0:14:22
Epoch 8 [30/139] Loss: 1.1905 | Batch Time: 7.36s | ETA: 0:13:14
Epoch 8 [40/139] Loss: 1.2976 | Batch Time: 8.42s | ETA: 0:12:09
Epoch 8 [50/139] Loss: 0.9267 | Batch Time: 7.32s | ETA: 0:10:56
Epoch 8 [60/139] Loss: 1.7578 | Batch Time: 6.90s | ETA: 0:09:44
Epoch 8 [70/139] Loss: 2.1220 | Batch Time: 8.11s | ETA: 0:08:30
Epoch 8 [80/139] Loss: 1.4774 | Batch Time: 7.17s | ETA: 0:07:12
Epoch 8 [90/139] Loss: 1.1760 | Batch Time: 6.70s | ETA: 0:05:54
Epoch 8 [100/139] Loss: 0.9368 | Batch Time: 6.59s | ETA: 0:04:38
Epoch 8 [110/139] Loss: 1.0844 | Batch Time: 7.42s | ETA: 0:03:28
Epoch 8 [120/139] Loss: 1.3480 | Batch Time: 7.03s | ETA: 0:02:15
Epoch 8 [130/139] Loss: 1.1595 | Batch Time: 6.80s | ETA: 0:01:04

Epoch 8 Train Metrics:
  µAP: 0.5044
  R@P90: 0.0000
  Accuracy: 0.5015
  Avg Loss: 1.3061
Epoch 8 completed in 16.96 minutes

============================================================
Progress: 9/18 epochs (50.0%)
Elapsed: 2:32:57
ETA: 2:32:57
Total estimated time: 5:05:54
============================================================

Epoch 9 [0/139] Loss: 1.5875 | Batch Time: 10.29s | ETA: 0:23:50
Epoch 9 [10/139] Loss: 0.4982 | Batch Time: 7.71s | ETA: 0:16:35
Epoch 9 [20/139] Loss: 1.1345 | Batch Time: 6.21s | ETA: 0:14:59
Epoch 9 [30/139] Loss: 1.1799 | Batch Time: 7.82s | ETA: 0:13:37
Epoch 9 [40/139] Loss: 1.4952 | Batch Time: 7.07s | ETA: 0:12:14
Epoch 9 [50/139] Loss: 1.1140 | Batch Time: 7.02s | ETA: 0:10:51
Epoch 9 [60/139] Loss: 1.1484 | Batch Time: 6.96s | ETA: 0:09:36
Epoch 9 [70/139] Loss: 0.7852 | Batch Time: 7.32s | ETA: 0:08:20
Epoch 9 [80/139] Loss: 1.3452 | Batch Time: 7.59s | ETA: 0:07:07
Epoch 9 [90/139] Loss: 1.2587 | Batch Time: 8.50s | ETA: 0:05:57
Epoch 9 [100/139] Loss: 1.2984 | Batch Time: 6.95s | ETA: 0:04:43
Epoch 9 [110/139] Loss: 1.3443 | Batch Time: 7.25s | ETA: 0:03:30
Epoch 9 [120/139] Loss: 1.0797 | Batch Time: 6.16s | ETA: 0:02:17
Epoch 9 [130/139] Loss: 1.4706 | Batch Time: 7.36s | ETA: 0:01:04

Epoch 9 Train Metrics:
  µAP: 0.4562
  R@P90: 0.0000
  Accuracy: 0.4943
  Avg Loss: 1.2069
Epoch 9 completed in 17.05 minutes

============================================================
Progress: 10/18 epochs (55.6%)
Elapsed: 2:50:00
ETA: 2:16:00
Total estimated time: 5:06:00
============================================================

Saved checkpoint: ./checkpoints_20251213_103418/checkpoint_epoch_10.pt
Epoch 10 [0/139] Loss: 1.7424 | Batch Time: 9.33s | ETA: 0:21:36
Epoch 10 [10/139] Loss: 1.1770 | Batch Time: 7.64s | ETA: 0:16:04
Epoch 10 [20/139] Loss: 1.8760 | Batch Time: 6.62s | ETA: 0:14:42
Epoch 10 [30/139] Loss: 1.2544 | Batch Time: 8.67s | ETA: 0:13:30
Epoch 10 [40/139] Loss: 1.0327 | Batch Time: 6.95s | ETA: 0:12:08
Epoch 10 [50/139] Loss: 1.5391 | Batch Time: 6.50s | ETA: 0:10:48
Epoch 10 [60/139] Loss: 1.1119 | Batch Time: 7.04s | ETA: 0:09:31
Epoch 10 [70/139] Loss: 0.7498 | Batch Time: 7.32s | ETA: 0:08:16
Epoch 10 [80/139] Loss: 1.0141 | Batch Time: 7.10s | ETA: 0:06:59
Epoch 10 [90/139] Loss: 1.5349 | Batch Time: 6.46s | ETA: 0:05:51
Epoch 10 [100/139] Loss: 1.5860 | Batch Time: 7.42s | ETA: 0:04:39
Epoch 10 [110/139] Loss: 1.6620 | Batch Time: 7.23s | ETA: 0:03:29
Epoch 10 [120/139] Loss: 2.0192 | Batch Time: 7.19s | ETA: 0:02:16
Epoch 10 [130/139] Loss: 1.6895 | Batch Time: 8.25s | ETA: 0:01:05

Epoch 10 Train Metrics:
  µAP: 0.5071
  R@P90: 0.0000
  Accuracy: 0.5027
  Avg Loss: 1.3045
Epoch 10 completed in 16.91 minutes

============================================================
Progress: 11/18 epochs (61.1%)
Elapsed: 3:06:56
ETA: 1:58:57
Total estimated time: 5:05:54
============================================================

Epoch 11 [0/139] Loss: 1.8618 | Batch Time: 14.03s | ETA: 0:32:30
Epoch 11 [10/139] Loss: 1.8705 | Batch Time: 7.32s | ETA: 0:17:11
Epoch 11 [20/139] Loss: 1.2581 | Batch Time: 6.98s | ETA: 0:15:07
Epoch 11 [30/139] Loss: 1.6826 | Batch Time: 8.38s | ETA: 0:13:43
Epoch 11 [40/139] Loss: 1.6342 | Batch Time: 6.56s | ETA: 0:12:16
Epoch 11 [50/139] Loss: 1.3250 | Batch Time: 7.59s | ETA: 0:10:43
Epoch 11 [60/139] Loss: 0.4585 | Batch Time: 7.26s | ETA: 0:09:25
Epoch 11 [70/139] Loss: 1.0960 | Batch Time: 6.92s | ETA: 0:08:09
Epoch 11 [80/139] Loss: 1.5531 | Batch Time: 6.46s | ETA: 0:06:53
Epoch 11 [90/139] Loss: 1.3564 | Batch Time: 6.86s | ETA: 0:05:41
Epoch 11 [100/139] Loss: 0.3967 | Batch Time: 7.39s | ETA: 0:04:31
Epoch 11 [110/139] Loss: 1.3132 | Batch Time: 7.42s | ETA: 0:03:22
Epoch 11 [120/139] Loss: 1.2945 | Batch Time: 7.58s | ETA: 0:02:12
Epoch 11 [130/139] Loss: 0.7453 | Batch Time: 6.45s | ETA: 0:01:03

Epoch 11 Train Metrics:
  µAP: 0.5126
  R@P90: 0.0000
  Accuracy: 0.5015
  Avg Loss: 1.2504
Epoch 11 completed in 16.70 minutes

============================================================
Progress: 12/18 epochs (66.7%)
Elapsed: 3:23:38
ETA: 1:41:49
Total estimated time: 5:05:28
============================================================

Epoch 12 [0/139] Loss: 1.5753 | Batch Time: 12.95s | ETA: 0:30:00
Epoch 12 [10/139] Loss: 0.9612 | Batch Time: 6.31s | ETA: 0:17:11
Epoch 12 [20/139] Loss: 1.8537 | Batch Time: 7.10s | ETA: 0:15:25
Epoch 12 [30/139] Loss: 1.1800 | Batch Time: 7.27s | ETA: 0:13:50
Epoch 12 [40/139] Loss: 1.5422 | Batch Time: 7.15s | ETA: 0:12:24
Epoch 12 [50/139] Loss: 1.5439 | Batch Time: 6.79s | ETA: 0:10:55
Epoch 12 [60/139] Loss: 1.5126 | Batch Time: 6.88s | ETA: 0:09:37
Epoch 12 [70/139] Loss: 0.4627 | Batch Time: 6.99s | ETA: 0:08:17
Epoch 12 [80/139] Loss: 1.2053 | Batch Time: 7.52s | ETA: 0:07:03
Epoch 12 [90/139] Loss: 1.1396 | Batch Time: 7.35s | ETA: 0:05:50
Epoch 12 [100/139] Loss: 0.9936 | Batch Time: 6.29s | ETA: 0:04:37
Epoch 12 [110/139] Loss: 1.0989 | Batch Time: 7.37s | ETA: 0:03:27
Epoch 12 [120/139] Loss: 1.6371 | Batch Time: 6.62s | ETA: 0:02:16
Epoch 12 [130/139] Loss: 1.5254 | Batch Time: 7.15s | ETA: 0:01:04

Epoch 12 Train Metrics:
  µAP: 0.5113
  R@P90: 0.0000
  Accuracy: 0.5111
  Avg Loss: 1.2556
Epoch 12 completed in 17.00 minutes

============================================================
Progress: 13/18 epochs (72.2%)
Elapsed: 3:40:38
ETA: 1:24:51
Total estimated time: 5:05:30
============================================================

Epoch 13 [0/139] Loss: 1.3611 | Batch Time: 9.35s | ETA: 0:21:39
Epoch 13 [10/139] Loss: 1.0036 | Batch Time: 7.49s | ETA: 0:16:16
Epoch 13 [20/139] Loss: 1.5057 | Batch Time: 8.21s | ETA: 0:14:56
Epoch 13 [30/139] Loss: 1.3431 | Batch Time: 7.28s | ETA: 0:13:26
Epoch 13 [40/139] Loss: 0.4102 | Batch Time: 6.77s | ETA: 0:12:14
Epoch 13 [50/139] Loss: 1.5417 | Batch Time: 7.20s | ETA: 0:10:56
Epoch 13 [60/139] Loss: 1.5325 | Batch Time: 6.84s | ETA: 0:09:40
Epoch 13 [70/139] Loss: 1.3501 | Batch Time: 6.24s | ETA: 0:08:24
Epoch 13 [80/139] Loss: 1.5657 | Batch Time: 7.34s | ETA: 0:07:10
Epoch 13 [90/139] Loss: 1.5355 | Batch Time: 7.01s | ETA: 0:05:54
Epoch 13 [100/139] Loss: 1.5379 | Batch Time: 7.25s | ETA: 0:04:41
Epoch 13 [110/139] Loss: 1.6028 | Batch Time: 7.50s | ETA: 0:03:29
Epoch 13 [120/139] Loss: 1.0775 | Batch Time: 7.09s | ETA: 0:02:16
Epoch 13 [130/139] Loss: 0.6458 | Batch Time: 6.93s | ETA: 0:01:04

Epoch 13 Train Metrics:
  µAP: 0.5181
  R@P90: 0.0000
  Accuracy: 0.5033
  Avg Loss: 1.2299
Epoch 13 completed in 17.00 minutes

============================================================
Progress: 14/18 epochs (77.8%)
Elapsed: 3:57:38
ETA: 1:07:53
Total estimated time: 5:05:32
============================================================

Epoch 14 [0/139] Loss: 1.4324 | Batch Time: 12.03s | ETA: 0:27:52
Epoch 14 [10/139] Loss: 1.2682 | Batch Time: 9.13s | ETA: 0:17:03
Epoch 14 [20/139] Loss: 0.6780 | Batch Time: 7.40s | ETA: 0:15:08
Epoch 14 [30/139] Loss: 0.8460 | Batch Time: 7.93s | ETA: 0:13:44
Epoch 14 [40/139] Loss: 1.4055 | Batch Time: 6.60s | ETA: 0:12:25
Epoch 14 [50/139] Loss: 1.6564 | Batch Time: 7.09s | ETA: 0:11:00
Epoch 14 [60/139] Loss: 1.4655 | Batch Time: 7.09s | ETA: 0:09:39
Epoch 14 [70/139] Loss: 1.3961 | Batch Time: 7.24s | ETA: 0:08:23
Epoch 14 [80/139] Loss: 1.4701 | Batch Time: 7.20s | ETA: 0:07:07
Epoch 14 [90/139] Loss: 1.4564 | Batch Time: 8.66s | ETA: 0:05:54
Epoch 14 [100/139] Loss: 0.9240 | Batch Time: 7.28s | ETA: 0:04:41
Epoch 14 [110/139] Loss: 1.5405 | Batch Time: 7.07s | ETA: 0:03:30
Epoch 14 [120/139] Loss: 0.3537 | Batch Time: 7.87s | ETA: 0:02:18
Epoch 14 [130/139] Loss: 0.9443 | Batch Time: 6.14s | ETA: 0:01:05

Epoch 14 Train Metrics:
  µAP: 0.5146
  R@P90: 0.0000
  Accuracy: 0.4991
  Avg Loss: 1.2201
Epoch 14 completed in 17.14 minutes

============================================================
Progress: 15/18 epochs (83.3%)
Elapsed: 4:14:47
ETA: 0:50:57
Total estimated time: 5:05:44
============================================================

Saved checkpoint: ./checkpoints_20251213_103418/checkpoint_epoch_15.pt
Saved best model with µAP: 0.5146
Epoch 15 [0/139] Loss: 1.2074 | Batch Time: 8.19s | ETA: 0:18:58
Epoch 15 [10/139] Loss: 1.6184 | Batch Time: 7.89s | ETA: 0:16:00
Epoch 15 [20/139] Loss: 1.4483 | Batch Time: 7.06s | ETA: 0:14:35
Epoch 15 [30/139] Loss: 0.7710 | Batch Time: 6.88s | ETA: 0:13:14
Epoch 15 [40/139] Loss: 1.1957 | Batch Time: 8.08s | ETA: 0:12:03
Epoch 15 [50/139] Loss: 1.2515 | Batch Time: 6.12s | ETA: 0:10:47
Epoch 15 [60/139] Loss: 0.8816 | Batch Time: 6.94s | ETA: 0:09:31
Epoch 15 [70/139] Loss: 1.2649 | Batch Time: 8.20s | ETA: 0:08:19
Epoch 15 [80/139] Loss: 0.3298 | Batch Time: 6.10s | ETA: 0:07:05
Epoch 15 [90/139] Loss: 1.1895 | Batch Time: 7.50s | ETA: 0:05:52
Epoch 15 [100/139] Loss: 1.5280 | Batch Time: 6.47s | ETA: 0:04:39
Epoch 15 [110/139] Loss: 1.7050 | Batch Time: 7.84s | ETA: 0:03:28
Epoch 15 [120/139] Loss: 0.4188 | Batch Time: 6.50s | ETA: 0:02:16
Epoch 15 [130/139] Loss: 1.4160 | Batch Time: 7.46s | ETA: 0:01:04

Epoch 15 Train Metrics:
  µAP: 0.4931
  R@P90: 0.0000
  Accuracy: 0.4991
  Avg Loss: 1.1851
Epoch 15 completed in 16.92 minutes

============================================================
Progress: 16/18 epochs (88.9%)
Elapsed: 4:31:45
ETA: 0:33:58
Total estimated time: 5:05:43
============================================================

Epoch 16 [0/139] Loss: 1.3572 | Batch Time: 11.99s | ETA: 0:27:46
Epoch 16 [10/139] Loss: 1.3399 | Batch Time: 7.85s | ETA: 0:17:03
Epoch 16 [20/139] Loss: 0.8070 | Batch Time: 6.74s | ETA: 0:15:08
Epoch 16 [30/139] Loss: 1.0538 | Batch Time: 7.03s | ETA: 0:13:40
Epoch 16 [40/139] Loss: 1.4335 | Batch Time: 8.67s | ETA: 0:12:26
Epoch 16 [50/139] Loss: 0.7490 | Batch Time: 7.30s | ETA: 0:11:01
Epoch 16 [60/139] Loss: 0.9875 | Batch Time: 7.17s | ETA: 0:09:42
Epoch 16 [70/139] Loss: 1.1523 | Batch Time: 6.91s | ETA: 0:08:25
Epoch 16 [80/139] Loss: 1.0636 | Batch Time: 7.23s | ETA: 0:07:10
Epoch 16 [90/139] Loss: 1.5871 | Batch Time: 6.57s | ETA: 0:05:53
Epoch 16 [100/139] Loss: 1.1170 | Batch Time: 6.34s | ETA: 0:04:39
Epoch 16 [110/139] Loss: 1.3031 | Batch Time: 7.15s | ETA: 0:03:27
Epoch 16 [120/139] Loss: 0.9109 | Batch Time: 7.97s | ETA: 0:02:16
Epoch 16 [130/139] Loss: 1.2591 | Batch Time: 6.13s | ETA: 0:01:04

Epoch 16 Train Metrics:
  µAP: 0.5124
  R@P90: 0.0000
  Accuracy: 0.5105
  Avg Loss: 1.1636
Epoch 16 completed in 17.04 minutes

============================================================
Progress: 17/18 epochs (94.4%)
Elapsed: 4:48:48
ETA: 0:16:59
Total estimated time: 5:05:47
============================================================

Epoch 17 [0/139] Loss: 0.2890 | Batch Time: 12.88s | ETA: 0:29:50
Epoch 17 [10/139] Loss: 1.0026 | Batch Time: 7.57s | ETA: 0:16:49
Epoch 17 [20/139] Loss: 0.7941 | Batch Time: 8.03s | ETA: 0:15:05
Epoch 17 [30/139] Loss: 1.1248 | Batch Time: 6.94s | ETA: 0:13:48
Epoch 17 [40/139] Loss: 0.5983 | Batch Time: 8.20s | ETA: 0:12:28
Epoch 17 [50/139] Loss: 1.5218 | Batch Time: 6.23s | ETA: 0:10:55
Epoch 17 [60/139] Loss: 1.0422 | Batch Time: 7.48s | ETA: 0:09:40
Epoch 17 [70/139] Loss: 1.2081 | Batch Time: 6.41s | ETA: 0:08:25
Epoch 17 [80/139] Loss: 1.1408 | Batch Time: 7.70s | ETA: 0:07:10
Epoch 17 [90/139] Loss: 1.0382 | Batch Time: 6.80s | ETA: 0:05:56
Epoch 17 [100/139] Loss: 1.2192 | Batch Time: 7.41s | ETA: 0:04:42
Epoch 17 [110/139] Loss: 1.3757 | Batch Time: 7.23s | ETA: 0:03:29
Epoch 17 [120/139] Loss: 0.8707 | Batch Time: 6.68s | ETA: 0:02:16
Epoch 17 [130/139] Loss: 0.9748 | Batch Time: 6.31s | ETA: 0:01:04

Epoch 17 Train Metrics:
  µAP: 0.4970
  R@P90: 0.0000
  Accuracy: 0.5105
  Avg Loss: 1.1001
Epoch 17 completed in 17.06 minutes

============================================================
Progress: 18/18 epochs (100.0%)
Elapsed: 5:05:51
ETA: 0:00:00
Total estimated time: 5:05:51
============================================================



Fine-tuning on NDEC for 3 epochs...
NDEC Dataset:
  Total samples: 49252
NDEC Dataset:
  Total samples: 49252
NDEC Dataset:
  Total samples: 49252
  Positive pairs: 5009  Positive pairs: 5009
  Positive pairs: 5009
  Negative pairs: 0

  Negative pairs: 0  Negative pairs: 0

  Using 2504 samples (50.0% of dataset)
  Using 2504 samples (50.0% of dataset)
  Using 2504 samples (50.0% of dataset)
Epoch 18 [0/70] Loss: 1.7725 | Batch Time: 8.49s | ETA: 0:09:54
Epoch 18 [10/70] Loss: 1.7214 | Batch Time: 8.08s | ETA: 0:07:33
Epoch 18 [20/70] Loss: 1.7245 | Batch Time: 6.73s | ETA: 0:06:07
Epoch 18 [30/70] Loss: 1.7543 | Batch Time: 7.82s | ETA: 0:04:53
Epoch 18 [40/70] Loss: 1.7905 | Batch Time: 6.44s | ETA: 0:03:37
Epoch 18 [50/70] Loss: 1.7225 | Batch Time: 7.21s | ETA: 0:02:23
Epoch 18 [60/70] Loss: 1.7495 | Batch Time: 6.49s | ETA: 0:01:11

Epoch 18 Train Metrics:
  µAP: 1.0000
  R@P90: 1.0000
  Accuracy: 1.0000
  Avg Loss: 1.7302
Epoch 18 completed in 8.85 minutes
Epoch 19 [0/70] Loss: 1.7244 | Batch Time: 9.04s | ETA: 0:10:32
Epoch 19 [10/70] Loss: 1.7818 | Batch Time: 8.23s | ETA: 0:07:20
Epoch 19 [20/70] Loss: 1.7737 | Batch Time: 6.91s | ETA: 0:06:05
Epoch 19 [30/70] Loss: 1.7623 | Batch Time: 8.73s | ETA: 0:04:53
Epoch 19 [40/70] Loss: 1.7558 | Batch Time: 6.40s | ETA: 0:03:37
Epoch 19 [50/70] Loss: 1.7400 | Batch Time: 6.74s | ETA: 0:02:24
Epoch 19 [60/70] Loss: 1.7276 | Batch Time: 6.84s | ETA: 0:01:12

Epoch 19 Train Metrics:
  µAP: 1.0000
  R@P90: 1.0000
  Accuracy: 1.0000
  Avg Loss: 1.7293
Epoch 19 completed in 8.69 minutes
Epoch 20 [0/70] Loss: 1.7168 | Batch Time: 9.19s | ETA: 0:10:43
Epoch 20 [10/70] Loss: 1.7469 | Batch Time: 7.24s | ETA: 0:07:32
Epoch 20 [20/70] Loss: 1.7593 | Batch Time: 7.36s | ETA: 0:06:06
Epoch 20 [30/70] Loss: 1.7403 | Batch Time: 8.16s | ETA: 0:04:52
Epoch 20 [40/70] Loss: 1.7503 | Batch Time: 7.60s | ETA: 0:03:40
Epoch 20 [50/70] Loss: 1.7553 | Batch Time: 6.04s | ETA: 0:02:25
Epoch 20 [60/70] Loss: 1.7083 | Batch Time: 7.30s | ETA: 0:01:12

Epoch 20 Train Metrics:
  µAP: 1.0000
  R@P90: 1.0000
  Accuracy: 1.0000
  Avg Loss: 1.7328
Epoch 20 completed in 8.61 minutes
gpu3:3143648:3143648 [2] NCCL INFO comm 0xdd68890 rank 2 nranks 3 cudaDev 2 busId ca000 - Destroy COMPLETE
gpu3:3143647:3143647 [1] NCCL INFO comm 0xd735c20 rank 1 nranks 3 cudaDev 1 busId 4b000 - Destroy COMPLETE

Training complete! Saved final model: ./checkpoints_20251213_103418/final_model.pt
gpu3:3143646:3143646 [0] NCCL INFO comm 0xdfe0660 rank 0 nranks 3 cudaDev 0 busId 31000 - Destroy COMPLETE
=========================================
Training completed successfully!
End Time: Sat Dec 13 16:06:46 EST 2025
Checkpoints saved to: ./checkpoints_20251213_103418
=========================================
Final model files:
-rw-r--r-- 1 jowatson hpcusers 475M Dec 13 14:49 ./checkpoints_20251213_103418/best_model.pt
-rw-r--r-- 1 jowatson hpcusers 1.4G Dec 13 13:24 ./checkpoints_20251213_103418/checkpoint_epoch_10.pt
-rw-r--r-- 1 jowatson hpcusers 1.4G Dec 13 14:49 ./checkpoints_20251213_103418/checkpoint_epoch_15.pt
-rw-r--r-- 1 jowatson hpcusers 1.4G Dec 13 11:59 ./checkpoints_20251213_103418/checkpoint_epoch_5.pt
-rw-r--r-- 1 jowatson hpcusers 475M Dec 13 16:06 ./checkpoints_20251213_103418/final_model.pt
