=========================================
SLURM Job ID: 121533
Job Name: dinov3_ced_apt_gpu3
Node: gpu3
Start Time: Sat Dec 13 18:00:57 EST 2025
=========================================
Activating conda environment: gpu_training
GPUs available:
GPU 0: NVIDIA A30 (UUID: GPU-29441b90-6420-fd35-c439-d03f77885dd3)
GPU 1: NVIDIA A30 (UUID: GPU-153472c2-3399-ec40-a684-2443147fee35)
GPU 2: NVIDIA A30 (UUID: GPU-5ad644da-695f-1a04-39a7-004e8d27c563)
=========================================
Training Configuration:
  Epochs (DISC21): 18
  Epochs (NDEC): 3
  Batch Size: 12
  Learning Rate: 2e-4
  Subset Fraction: 0.5
  Mixed Precision: false
  Save Directory: ./checkpoints_20251213_180058
  Number of GPUs: 3
  Num Workers (per rank): 46
=========================================
Starting training...
DDP initialized: 3 GPUs (NCCL backend)
TF32 enabled for Ampere GPUs (A30)
Training CEDetector with APT on 3 GPUs
Arguments: Namespace(disc21_path='/home/jowatson/Deep Learning/DISC21', ndec_path='/home/jowatson/Deep Learning/NDEC', hf_token_path='/home/jowatson/Deep Learning/Code/.env', epochs=18, ndec_epochs=3, batch_size=12, lr=0.0002, subset_fraction=0.5, num_workers=46, use_amp=False, dinov3_model='facebook/dinov3-vitb16-pretrain-lvd1689m', freeze_backbone=False, save_dir='./checkpoints_20251213_180058', save_every=5)
Logging metrics to: ./checkpoints_20251213_180058/training_metrics.jsonl

Loading DISC21 dataset...
Found 20 reference directories
Found 20 reference directories
Found 20 reference directories
Indexed 1000000 reference images
Indexed 1000000 reference images
Indexed 1000000 reference images
Using 5000 samples (50.0% of dataset)
Using 5000 samples (50.0% of dataset)
Using 5000 samples (50.0% of dataset)
Found 5000 valid query-reference pairsFound 5000 valid query-reference pairs

Found 5000 valid query-reference pairs

Creating model...
Loading DiNOv3 model: facebook/dinov3-vitb16-pretrain-lvd1689m
Loading DiNOv3 model: facebook/dinov3-vitb16-pretrain-lvd1689m
Loading DiNOv3 model: facebook/dinov3-vitb16-pretrain-lvd1689m
DiNOv3 loaded: embed_dim=768, layers=12
DiNOv3 loaded: embed_dim=768, layers=12
DiNOv3 loaded: embed_dim=768, layers=12
DISABLED: whitening and GEM pooling for debugging
gpu3:3453238:3453238 [0] NCCL INFO NCCL_SOCKET_IFNAME set by environment to ^docker0,lo
gpu3:3453238:3453238 [0] NCCL INFO Bootstrap : Using eth0:10.0.0.103<0>
gpu3:3453238:3453238 [0] NCCL INFO NET/Plugin: No plugin found (libnccl-net.so)
gpu3:3453238:3453238 [0] NCCL INFO NET/Plugin: Plugin load returned 2 : libnccl-net.so: cannot open shared object file: No such file or directory : when loading libnccl-net.so
gpu3:3453238:3453238 [0] NCCL INFO NET/Plugin: Using internal network plugin.
gpu3:3453238:3453238 [0] NCCL INFO cudaDriverVersion 12040
NCCL version 2.21.5+cuda11.0
gpu3:3453242:3453242 [2] NCCL INFO cudaDriverVersion 12040
gpu3:3453242:3453242 [2] NCCL INFO NCCL_SOCKET_IFNAME set by environment to ^docker0,lo
gpu3:3453239:3453239 [1] NCCL INFO cudaDriverVersion 12040
gpu3:3453242:3453242 [2] NCCL INFO Bootstrap : Using eth0:10.0.0.103<0>
gpu3:3453242:3453242 [2] NCCL INFO NET/Plugin: No plugin found (libnccl-net.so)
gpu3:3453242:3453242 [2] NCCL INFO NET/Plugin: Plugin load returned 2 : libnccl-net.so: cannot open shared object file: No such file or directory : when loading libnccl-net.so
gpu3:3453242:3453242 [2] NCCL INFO NET/Plugin: Using internal network plugin.
gpu3:3453239:3453239 [1] NCCL INFO NCCL_SOCKET_IFNAME set by environment to ^docker0,lo
gpu3:3453239:3453239 [1] NCCL INFO Bootstrap : Using eth0:10.0.0.103<0>
gpu3:3453239:3453239 [1] NCCL INFO NET/Plugin: No plugin found (libnccl-net.so)
gpu3:3453239:3453239 [1] NCCL INFO NET/Plugin: Plugin load returned 2 : libnccl-net.so: cannot open shared object file: No such file or directory : when loading libnccl-net.so
gpu3:3453239:3453239 [1] NCCL INFO NET/Plugin: Using internal network plugin.
gpu3:3453238:3453238 [0] NCCL INFO Comm config Blocking set to 1
gpu3:3453238:3454113 [0] NCCL INFO NCCL_IB_DISABLE set by environment to 0.
gpu3:3453239:3453239 [1] NCCL INFO Comm config Blocking set to 1
gpu3:3453239:3454114 [1] NCCL INFO NCCL_IB_DISABLE set by environment to 0.
gpu3:3453238:3454113 [0] NCCL INFO NCCL_SOCKET_IFNAME set by environment to ^docker0,lo
gpu3:3453239:3454114 [1] NCCL INFO NCCL_SOCKET_IFNAME set by environment to ^docker0,lo
gpu3:3453242:3453242 [2] NCCL INFO Comm config Blocking set to 1
gpu3:3453242:3454115 [2] NCCL INFO NCCL_IB_DISABLE set by environment to 0.
gpu3:3453242:3454115 [2] NCCL INFO NCCL_SOCKET_IFNAME set by environment to ^docker0,lo
gpu3:3453242:3454115 [2] NCCL INFO NET/IB : Using [0]mlx5_0:1/IB [RO]; OOB eth0:10.0.0.103<0>
gpu3:3453242:3454115 [2] NCCL INFO Using non-device net plugin version 0
gpu3:3453242:3454115 [2] NCCL INFO Using network IB
gpu3:3453238:3454113 [0] NCCL INFO NET/IB : Using [0]mlx5_0:1/IB [RO]; OOB eth0:10.0.0.103<0>
gpu3:3453238:3454113 [0] NCCL INFO Using non-device net plugin version 0
gpu3:3453238:3454113 [0] NCCL INFO Using network IB
gpu3:3453239:3454114 [1] NCCL INFO NET/IB : Using [0]mlx5_0:1/IB [RO]; OOB eth0:10.0.0.103<0>
gpu3:3453239:3454114 [1] NCCL INFO Using non-device net plugin version 0
gpu3:3453239:3454114 [1] NCCL INFO Using network IB
gpu3:3453239:3454114 [1] NCCL INFO ncclCommInitRank comm 0xe188d60 rank 1 nranks 3 cudaDev 1 nvmlDev 1 busId 4b000 commId 0x7119b86141a6b58a - Init START
gpu3:3453238:3454113 [0] NCCL INFO ncclCommInitRank comm 0xf117040 rank 0 nranks 3 cudaDev 0 nvmlDev 0 busId 31000 commId 0x7119b86141a6b58a - Init START
gpu3:3453242:3454115 [2] NCCL INFO ncclCommInitRank comm 0xe6c4ab0 rank 2 nranks 3 cudaDev 2 nvmlDev 2 busId ca000 commId 0x7119b86141a6b58a - Init START
gpu3:3453239:3454114 [1] NCCL INFO Setting affinity for GPU 1 to ffff,0000ffff
gpu3:3453238:3454113 [0] NCCL INFO Setting affinity for GPU 0 to ffff,0000ffff
gpu3:3453242:3454115 [2] NCCL INFO Setting affinity for GPU 2 to ffff0000,ffff0000
gpu3:3453239:3454114 [1] NCCL INFO comm 0xe188d60 rank 1 nRanks 3 nNodes 1 localRanks 3 localRank 1 MNNVL 0
gpu3:3453238:3454113 [0] NCCL INFO comm 0xf117040 rank 0 nRanks 3 nNodes 1 localRanks 3 localRank 0 MNNVL 0
gpu3:3453242:3454115 [2] NCCL INFO comm 0xe6c4ab0 rank 2 nRanks 3 nNodes 1 localRanks 3 localRank 2 MNNVL 0
gpu3:3453242:3454115 [2] NCCL INFO Trees [0] -1/-1/-1->2->1 [1] -1/-1/-1->2->1
gpu3:3453238:3454113 [0] NCCL INFO Channel 00/02 :    0   1   2
gpu3:3453242:3454115 [2] NCCL INFO P2P Chunksize set to 524288
gpu3:3453238:3454113 [0] NCCL INFO Channel 01/02 :    0   1   2
gpu3:3453239:3454114 [1] NCCL INFO Trees [0] 2/-1/-1->1->0 [1] 2/-1/-1->1->0
gpu3:3453238:3454113 [0] NCCL INFO Trees [0] 1/-1/-1->0->-1 [1] 1/-1/-1->0->-1
gpu3:3453239:3454114 [1] NCCL INFO P2P Chunksize set to 524288
gpu3:3453238:3454113 [0] NCCL INFO P2P Chunksize set to 524288
gpu3:3453239:3454114 [1] NCCL INFO Channel 00 : 1[1] -> 2[2] via SHM/direct/direct
gpu3:3453239:3454114 [1] NCCL INFO Channel 01 : 1[1] -> 2[2] via SHM/direct/direct
gpu3:3453238:3454113 [0] NCCL INFO Channel 00/0 : 0[0] -> 1[1] via P2P/IPC/read
gpu3:3453242:3454115 [2] NCCL INFO Channel 00 : 2[2] -> 0[0] via SHM/direct/direct
gpu3:3453242:3454115 [2] NCCL INFO Channel 01 : 2[2] -> 0[0] via SHM/direct/direct
gpu3:3453238:3454113 [0] NCCL INFO Channel 01/0 : 0[0] -> 1[1] via P2P/IPC/read
gpu3:3453238:3454113 [0] NCCL INFO Connected all rings
gpu3:3453239:3454114 [1] NCCL INFO Connected all rings
gpu3:3453242:3454115 [2] NCCL INFO Connected all rings
gpu3:3453242:3454115 [2] NCCL INFO Channel 00 : 2[2] -> 1[1] via SHM/direct/direct
gpu3:3453242:3454115 [2] NCCL INFO Channel 01 : 2[2] -> 1[1] via SHM/direct/direct
gpu3:3453239:3454114 [1] NCCL INFO Channel 00/0 : 1[1] -> 0[0] via P2P/IPC/read
gpu3:3453239:3454114 [1] NCCL INFO Channel 01/0 : 1[1] -> 0[0] via P2P/IPC/read
gpu3:3453238:3454113 [0] NCCL INFO Connected all trees
gpu3:3453238:3454113 [0] NCCL INFO threadThresholds 8/8/64 | 24/8/64 | 512 | 512
gpu3:3453238:3454113 [0] NCCL INFO 2 coll channels, 2 collnet channels, 0 nvls channels, 2 p2p channels, 2 p2p channels per peer
gpu3:3453239:3454114 [1] NCCL INFO Connected all trees
gpu3:3453239:3454114 [1] NCCL INFO threadThresholds 8/8/64 | 24/8/64 | 512 | 512
gpu3:3453239:3454114 [1] NCCL INFO 2 coll channels, 2 collnet channels, 0 nvls channels, 2 p2p channels, 2 p2p channels per peer
gpu3:3453242:3454115 [2] NCCL INFO Connected all trees
gpu3:3453242:3454115 [2] NCCL INFO threadThresholds 8/8/64 | 24/8/64 | 512 | 512
gpu3:3453242:3454115 [2] NCCL INFO 2 coll channels, 2 collnet channels, 0 nvls channels, 2 p2p channels, 2 p2p channels per peer
gpu3:3453239:3454114 [1] NCCL INFO TUNER/Plugin: Plugin load returned 11 : libnccl-net.so: cannot open shared object file: No such file or directory : when loading libnccl-tuner.so
gpu3:3453239:3454114 [1] NCCL INFO TUNER/Plugin: Using internal tuner plugin.
gpu3:3453239:3454114 [1] NCCL INFO ncclCommInitRank comm 0xe188d60 rank 1 nranks 3 cudaDev 1 nvmlDev 1 busId 4b000 commId 0x7119b86141a6b58a - Init COMPLETE
gpu3:3453238:3454113 [0] NCCL INFO TUNER/Plugin: Plugin load returned 11 : libnccl-net.so: cannot open shared object file: No such file or directory : when loading libnccl-tuner.so
gpu3:3453242:3454115 [2] NCCL INFO TUNER/Plugin: Plugin load returned 11 : libnccl-net.so: cannot open shared object file: No such file or directory : when loading libnccl-tuner.so
gpu3:3453238:3454113 [0] NCCL INFO TUNER/Plugin: Using internal tuner plugin.
gpu3:3453242:3454115 [2] NCCL INFO TUNER/Plugin: Using internal tuner plugin.
gpu3:3453238:3454113 [0] NCCL INFO ncclCommInitRank comm 0xf117040 rank 0 nranks 3 cudaDev 0 nvmlDev 0 busId 31000 commId 0x7119b86141a6b58a - Init COMPLETE
gpu3:3453242:3454115 [2] NCCL INFO ncclCommInitRank comm 0xe6c4ab0 rank 2 nranks 3 cudaDev 2 nvmlDev 2 busId ca000 commId 0x7119b86141a6b58a - Init COMPLETE
Mixed precision training: Disabled

Training on DISC21 for 18 epochs...
Epoch 0 [0/139] Loss: 6.2176 | Logits: [-0.166, 0.440] | Preds: [0.459, 0.608] | Labels: 0.583 | Batch Time: 12.78s | ETA: 0:29:36
Epoch 0 [10/139] Loss: 6.7272 | Logits: [-1.360, -0.320] | Preds: [0.204, 0.421] | Labels: 0.500 | Batch Time: 6.71s | ETA: 0:15:00
Epoch 0 [20/139] Loss: 6.1142 | Logits: [0.101, 0.537] | Preds: [0.525, 0.631] | Labels: 0.500 | Batch Time: 7.90s | ETA: 0:13:56
Epoch 0 [30/139] Loss: 4.8082 | Logits: [-1.694, -0.881] | Preds: [0.155, 0.293] | Labels: 0.750 | Batch Time: 6.41s | ETA: 0:12:52
Epoch 0 [40/139] Loss: 3.1040 | Logits: [0.366, 1.068] | Preds: [0.591, 0.744] | Labels: 0.500 | Batch Time: 6.76s | ETA: 0:11:35
