=========================================
SLURM Job ID: 121521
Job Name: dinov3_ced_apt_gpu3
Node: gpu3
Start Time: Sat Dec 13 07:10:01 EST 2025
=========================================
Activating conda environment: gpu_training
GPUs available:
GPU 0: NVIDIA A30 (UUID: GPU-29441b90-6420-fd35-c439-d03f77885dd3)
GPU 1: NVIDIA A30 (UUID: GPU-153472c2-3399-ec40-a684-2443147fee35)
GPU 2: NVIDIA A30 (UUID: GPU-5ad644da-695f-1a04-39a7-004e8d27c563)
=========================================
Training Configuration:
  Epochs (DISC21): 18
  Epochs (NDEC): 3
  Batch Size: 12
  Learning Rate: 2e-4
  Subset Fraction: 0.5
  Mixed Precision: true
  Save Directory: ./checkpoints_20251213_071002
  Number of GPUs: 3
  Num Workers (per rank): 46
=========================================
Starting training...
DDP initialized: 3 GPUs (NCCL backend)
TF32 enabled for Ampere GPUs (A30)
Training CEDetector with APT on 3 GPUs
Arguments: Namespace(disc21_path='/home/jowatson/Deep Learning/DISC21', ndec_path='/home/jowatson/Deep Learning/NDEC', hf_token_path='/home/jowatson/Deep Learning/Code/.env', epochs=18, ndec_epochs=3, batch_size=12, lr=0.0002, subset_fraction=0.5, num_workers=46, use_amp=True, dinov3_model='facebook/dinov3-vitb16-pretrain-lvd1689m', freeze_backbone=False, save_dir='./checkpoints_20251213_071002', save_every=5)
Logging metrics to: ./checkpoints_20251213_071002/training_metrics.jsonl

Loading DISC21 dataset...
Found 20 reference directories
Found 20 reference directories
Found 20 reference directories
Indexed 1000000 reference images
Indexed 1000000 reference images
Indexed 1000000 reference images
Using 5000 samples (50.0% of dataset)
Using 5000 samples (50.0% of dataset)
Using 5000 samples (50.0% of dataset)
Found 5000 valid query-reference pairsFound 5000 valid query-reference pairsFound 5000 valid query-reference pairs



Creating model...
Loading DiNOv3 model: facebook/dinov3-vitb16-pretrain-lvd1689m
Loading DiNOv3 model: facebook/dinov3-vitb16-pretrain-lvd1689m
Loading DiNOv3 model: facebook/dinov3-vitb16-pretrain-lvd1689m
DiNOv3 loaded: embed_dim=768, layers=12
DiNOv3 loaded: embed_dim=768, layers=12
DiNOv3 loaded: embed_dim=768, layers=12
gpu3:2993918:2993918 [0] NCCL INFO NCCL_SOCKET_IFNAME set by environment to ^docker0,lo
gpu3:2993918:2993918 [0] NCCL INFO Bootstrap : Using eth0:10.0.0.103<0>
gpu3:2993918:2993918 [0] NCCL INFO NET/Plugin: No plugin found (libnccl-net.so)
gpu3:2993918:2993918 [0] NCCL INFO NET/Plugin: Plugin load returned 2 : libnccl-net.so: cannot open shared object file: No such file or directory : when loading libnccl-net.so
gpu3:2993918:2993918 [0] NCCL INFO NET/Plugin: Using internal network plugin.
gpu3:2993918:2993918 [0] NCCL INFO cudaDriverVersion 12040
NCCL version 2.21.5+cuda11.0
gpu3:2993920:2993920 [2] NCCL INFO cudaDriverVersion 12040
gpu3:2993919:2993919 [1] NCCL INFO cudaDriverVersion 12040
gpu3:2993920:2993920 [2] NCCL INFO NCCL_SOCKET_IFNAME set by environment to ^docker0,lo
gpu3:2993920:2993920 [2] NCCL INFO Bootstrap : Using eth0:10.0.0.103<0>
gpu3:2993920:2993920 [2] NCCL INFO NET/Plugin: No plugin found (libnccl-net.so)
gpu3:2993920:2993920 [2] NCCL INFO NET/Plugin: Plugin load returned 2 : libnccl-net.so: cannot open shared object file: No such file or directory : when loading libnccl-net.so
gpu3:2993920:2993920 [2] NCCL INFO NET/Plugin: Using internal network plugin.
gpu3:2993919:2993919 [1] NCCL INFO NCCL_SOCKET_IFNAME set by environment to ^docker0,lo
gpu3:2993919:2993919 [1] NCCL INFO Bootstrap : Using eth0:10.0.0.103<0>
gpu3:2993919:2993919 [1] NCCL INFO NET/Plugin: No plugin found (libnccl-net.so)
gpu3:2993919:2993919 [1] NCCL INFO NET/Plugin: Plugin load returned 2 : libnccl-net.so: cannot open shared object file: No such file or directory : when loading libnccl-net.so
gpu3:2993919:2993919 [1] NCCL INFO NET/Plugin: Using internal network plugin.
gpu3:2993918:2993918 [0] NCCL INFO Comm config Blocking set to 1
gpu3:2993918:2995113 [0] NCCL INFO NCCL_IB_DISABLE set by environment to 0.
gpu3:2993918:2995113 [0] NCCL INFO NCCL_SOCKET_IFNAME set by environment to ^docker0,lo
gpu3:2993919:2993919 [1] NCCL INFO Comm config Blocking set to 1
gpu3:2993919:2995114 [1] NCCL INFO NCCL_IB_DISABLE set by environment to 0.
gpu3:2993920:2993920 [2] NCCL INFO Comm config Blocking set to 1
gpu3:2993920:2995115 [2] NCCL INFO NCCL_IB_DISABLE set by environment to 0.
gpu3:2993919:2995114 [1] NCCL INFO NCCL_SOCKET_IFNAME set by environment to ^docker0,lo
gpu3:2993920:2995115 [2] NCCL INFO NCCL_SOCKET_IFNAME set by environment to ^docker0,lo
gpu3:2993918:2995113 [0] NCCL INFO NET/IB : Using [0]mlx5_0:1/IB [RO]; OOB eth0:10.0.0.103<0>
gpu3:2993918:2995113 [0] NCCL INFO Using non-device net plugin version 0
gpu3:2993918:2995113 [0] NCCL INFO Using network IB
gpu3:2993920:2995115 [2] NCCL INFO NET/IB : Using [0]mlx5_0:1/IB [RO]; OOB eth0:10.0.0.103<0>
gpu3:2993919:2995114 [1] NCCL INFO NET/IB : Using [0]mlx5_0:1/IB [RO]; OOB eth0:10.0.0.103<0>
gpu3:2993920:2995115 [2] NCCL INFO Using non-device net plugin version 0
gpu3:2993920:2995115 [2] NCCL INFO Using network IB
gpu3:2993919:2995114 [1] NCCL INFO Using non-device net plugin version 0
gpu3:2993919:2995114 [1] NCCL INFO Using network IB
gpu3:2993918:2995113 [0] NCCL INFO ncclCommInitRank comm 0xd019920 rank 0 nranks 3 cudaDev 0 nvmlDev 0 busId 31000 commId 0xa539b7e684e95bd1 - Init START
gpu3:2993920:2995115 [2] NCCL INFO ncclCommInitRank comm 0x10586d20 rank 2 nranks 3 cudaDev 2 nvmlDev 2 busId ca000 commId 0xa539b7e684e95bd1 - Init START
gpu3:2993919:2995114 [1] NCCL INFO ncclCommInitRank comm 0xd742cd0 rank 1 nranks 3 cudaDev 1 nvmlDev 1 busId 4b000 commId 0xa539b7e684e95bd1 - Init START
gpu3:2993919:2995114 [1] NCCL INFO Setting affinity for GPU 1 to ffff,0000ffff
gpu3:2993920:2995115 [2] NCCL INFO Setting affinity for GPU 2 to ffff0000,ffff0000
gpu3:2993918:2995113 [0] NCCL INFO Setting affinity for GPU 0 to ffff,0000ffff
gpu3:2993919:2995114 [1] NCCL INFO comm 0xd742cd0 rank 1 nRanks 3 nNodes 1 localRanks 3 localRank 1 MNNVL 0
gpu3:2993918:2995113 [0] NCCL INFO comm 0xd019920 rank 0 nRanks 3 nNodes 1 localRanks 3 localRank 0 MNNVL 0
gpu3:2993920:2995115 [2] NCCL INFO comm 0x10586d20 rank 2 nRanks 3 nNodes 1 localRanks 3 localRank 2 MNNVL 0
gpu3:2993919:2995114 [1] NCCL INFO Trees [0] 2/-1/-1->1->0 [1] 2/-1/-1->1->0
gpu3:2993919:2995114 [1] NCCL INFO P2P Chunksize set to 524288
gpu3:2993920:2995115 [2] NCCL INFO Trees [0] -1/-1/-1->2->1 [1] -1/-1/-1->2->1
gpu3:2993918:2995113 [0] NCCL INFO Channel 00/02 :    0   1   2
gpu3:2993920:2995115 [2] NCCL INFO P2P Chunksize set to 524288
gpu3:2993918:2995113 [0] NCCL INFO Channel 01/02 :    0   1   2
gpu3:2993918:2995113 [0] NCCL INFO Trees [0] 1/-1/-1->0->-1 [1] 1/-1/-1->0->-1
gpu3:2993918:2995113 [0] NCCL INFO P2P Chunksize set to 524288
gpu3:2993919:2995114 [1] NCCL INFO Channel 00 : 1[1] -> 2[2] via SHM/direct/direct
gpu3:2993919:2995114 [1] NCCL INFO Channel 01 : 1[1] -> 2[2] via SHM/direct/direct
gpu3:2993918:2995113 [0] NCCL INFO Channel 00/0 : 0[0] -> 1[1] via P2P/IPC/read
gpu3:2993920:2995115 [2] NCCL INFO Channel 00 : 2[2] -> 0[0] via SHM/direct/direct
gpu3:2993920:2995115 [2] NCCL INFO Channel 01 : 2[2] -> 0[0] via SHM/direct/direct
gpu3:2993918:2995113 [0] NCCL INFO Channel 01/0 : 0[0] -> 1[1] via P2P/IPC/read
gpu3:2993920:2995115 [2] NCCL INFO Connected all rings
gpu3:2993918:2995113 [0] NCCL INFO Connected all rings
gpu3:2993919:2995114 [1] NCCL INFO Connected all rings
gpu3:2993920:2995115 [2] NCCL INFO Channel 00 : 2[2] -> 1[1] via SHM/direct/direct
gpu3:2993920:2995115 [2] NCCL INFO Channel 01 : 2[2] -> 1[1] via SHM/direct/direct
gpu3:2993919:2995114 [1] NCCL INFO Channel 00/0 : 1[1] -> 0[0] via P2P/IPC/read
gpu3:2993919:2995114 [1] NCCL INFO Channel 01/0 : 1[1] -> 0[0] via P2P/IPC/read
gpu3:2993918:2995113 [0] NCCL INFO Connected all trees
gpu3:2993918:2995113 [0] NCCL INFO threadThresholds 8/8/64 | 24/8/64 | 512 | 512
gpu3:2993918:2995113 [0] NCCL INFO 2 coll channels, 2 collnet channels, 0 nvls channels, 2 p2p channels, 2 p2p channels per peer
gpu3:2993919:2995114 [1] NCCL INFO Connected all trees
gpu3:2993920:2995115 [2] NCCL INFO Connected all trees
gpu3:2993919:2995114 [1] NCCL INFO threadThresholds 8/8/64 | 24/8/64 | 512 | 512
gpu3:2993919:2995114 [1] NCCL INFO 2 coll channels, 2 collnet channels, 0 nvls channels, 2 p2p channels, 2 p2p channels per peer
gpu3:2993920:2995115 [2] NCCL INFO threadThresholds 8/8/64 | 24/8/64 | 512 | 512
gpu3:2993920:2995115 [2] NCCL INFO 2 coll channels, 2 collnet channels, 0 nvls channels, 2 p2p channels, 2 p2p channels per peer
gpu3:2993918:2995113 [0] NCCL INFO TUNER/Plugin: Plugin load returned 11 : libnccl-net.so: cannot open shared object file: No such file or directory : when loading libnccl-tuner.so
gpu3:2993918:2995113 [0] NCCL INFO TUNER/Plugin: Using internal tuner plugin.
gpu3:2993919:2995114 [1] NCCL INFO TUNER/Plugin: Plugin load returned 11 : libnccl-net.so: cannot open shared object file: No such file or directory : when loading libnccl-tuner.so
gpu3:2993918:2995113 [0] NCCL INFO ncclCommInitRank comm 0xd019920 rank 0 nranks 3 cudaDev 0 nvmlDev 0 busId 31000 commId 0xa539b7e684e95bd1 - Init COMPLETE
gpu3:2993919:2995114 [1] NCCL INFO TUNER/Plugin: Using internal tuner plugin.
gpu3:2993919:2995114 [1] NCCL INFO ncclCommInitRank comm 0xd742cd0 rank 1 nranks 3 cudaDev 1 nvmlDev 1 busId 4b000 commId 0xa539b7e684e95bd1 - Init COMPLETE
gpu3:2993920:2995115 [2] NCCL INFO TUNER/Plugin: Plugin load returned 11 : libnccl-net.so: cannot open shared object file: No such file or directory : when loading libnccl-tuner.so
gpu3:2993920:2995115 [2] NCCL INFO TUNER/Plugin: Using internal tuner plugin.
gpu3:2993920:2995115 [2] NCCL INFO ncclCommInitRank comm 0x10586d20 rank 2 nranks 3 cudaDev 2 nvmlDev 2 busId ca000 commId 0xa539b7e684e95bd1 - Init COMPLETE
Mixed precision training: Enabled

Training on DISC21 for 18 epochs...
Epoch 0 [0/139] Loss: 8.7437 | Batch Time: 14.45s | ETA: 0:33:28
Epoch 0 [10/139] Loss: 7.8338 | Batch Time: 7.09s | ETA: 0:16:49
Epoch 0 [20/139] Loss: 6.4201 | Batch Time: 7.65s | ETA: 0:14:47
Epoch 0 [30/139] Loss: 5.1895 | Batch Time: 7.01s | ETA: 0:13:13
Epoch 0 [40/139] Loss: 4.1768 | Batch Time: 6.86s | ETA: 0:11:52
Epoch 0 [50/139] Loss: 3.4127 | Batch Time: 7.35s | ETA: 0:10:23
Epoch 0 [60/139] Loss: 3.7312 | Batch Time: 5.85s | ETA: 0:09:05
Epoch 0 [70/139] Loss: 3.6012 | Batch Time: 6.81s | ETA: 0:07:51
Epoch 0 [80/139] Loss: 2.9705 | Batch Time: 7.75s | ETA: 0:06:42
Epoch 0 [90/139] Loss: 2.6329 | Batch Time: 5.87s | ETA: 0:05:31
Epoch 0 [100/139] Loss: 2.5380 | Batch Time: 6.69s | ETA: 0:04:22
Epoch 0 [110/139] Loss: 2.2671 | Batch Time: 7.70s | ETA: 0:03:16
Epoch 0 [120/139] Loss: 2.2171 | Batch Time: 6.21s | ETA: 0:02:08
Epoch 0 [130/139] Loss: 2.1232 | Batch Time: 6.73s | ETA: 0:01:00

Epoch 0 Train Metrics:
  µAP: 0.5161
  R@P90: 0.0000
  Accuracy: 0.5087
  Avg Loss: 4.2180
Epoch 0 completed in 16.04 minutes

============================================================
Progress: 1/18 epochs (5.6%)
Elapsed: 0:16:02
ETA: 4:32:43
Total estimated time: 4:48:45
============================================================

Epoch 1 [0/139] Loss: 2.8124 | Batch Time: 13.68s | ETA: 0:31:42
Epoch 1 [10/139] Loss: 2.6983 | Batch Time: 8.12s | ETA: 0:16:42
Epoch 1 [20/139] Loss: 2.7655 | Batch Time: 7.12s | ETA: 0:14:43
Epoch 1 [30/139] Loss: 2.7943 | Batch Time: 7.32s | ETA: 0:13:12
Epoch 1 [40/139] Loss: 2.0786 | Batch Time: 6.63s | ETA: 0:11:48
Epoch 1 [50/139] Loss: 2.7709 | Batch Time: 7.08s | ETA: 0:10:20
Epoch 1 [60/139] Loss: 1.4731 | Batch Time: 6.66s | ETA: 0:09:03
Epoch 1 [70/139] Loss: 2.1503 | Batch Time: 6.73s | ETA: 0:07:51
Epoch 1 [80/139] Loss: 0.8914 | Batch Time: 6.99s | ETA: 0:06:40
Epoch 1 [90/139] Loss: 1.7502 | Batch Time: 6.73s | ETA: 0:05:30
Epoch 1 [100/139] Loss: 2.1957 | Batch Time: 6.69s | ETA: 0:04:21
Epoch 1 [110/139] Loss: 2.4691 | Batch Time: 6.79s | ETA: 0:03:14
Epoch 1 [120/139] Loss: 2.1844 | Batch Time: 6.50s | ETA: 0:02:06
Epoch 1 [130/139] Loss: 2.2752 | Batch Time: 6.58s | ETA: 0:01:00

Epoch 1 Train Metrics:
  µAP: 0.4823
  R@P90: 0.0000
  Accuracy: 0.4991
  Avg Loss: 2.2620
Epoch 1 completed in 15.98 minutes

============================================================
Progress: 2/18 epochs (11.1%)
Elapsed: 0:32:01
ETA: 4:16:13
Total estimated time: 4:48:15
============================================================

Epoch 2 [0/139] Loss: 1.7770 | Batch Time: 13.48s | ETA: 0:31:14
Epoch 2 [10/139] Loss: 1.8027 | Batch Time: 7.15s | ETA: 0:16:16
Epoch 2 [20/139] Loss: 2.1913 | Batch Time: 6.68s | ETA: 0:14:31
Epoch 2 [30/139] Loss: 2.0551 | Batch Time: 6.46s | ETA: 0:12:56
Epoch 2 [40/139] Loss: 1.8871 | Batch Time: 7.67s | ETA: 0:11:41
Epoch 2 [50/139] Loss: 1.4894 | Batch Time: 6.06s | ETA: 0:10:11
Epoch 2 [60/139] Loss: 2.2919 | Batch Time: 6.32s | ETA: 0:08:57
Epoch 2 [70/139] Loss: 2.2256 | Batch Time: 6.68s | ETA: 0:07:44
Epoch 2 [80/139] Loss: 2.0972 | Batch Time: 6.45s | ETA: 0:06:38
Epoch 2 [90/139] Loss: 2.0427 | Batch Time: 6.32s | ETA: 0:05:28
Epoch 2 [100/139] Loss: 1.6979 | Batch Time: 7.15s | ETA: 0:04:22
Epoch 2 [110/139] Loss: 2.1946 | Batch Time: 6.74s | ETA: 0:03:16
Epoch 2 [120/139] Loss: 1.8129 | Batch Time: 6.27s | ETA: 0:02:08
Epoch 2 [130/139] Loss: 0.9065 | Batch Time: 7.44s | ETA: 0:01:01

Epoch 2 Train Metrics:
  µAP: 0.5239
  R@P90: 0.0023
  Accuracy: 0.4955
  Avg Loss: 1.8330
Epoch 2 completed in 15.93 minutes

============================================================
Progress: 3/18 epochs (16.7%)
Elapsed: 0:47:57
ETA: 3:59:48
Total estimated time: 4:47:46
============================================================

Epoch 3 [0/139] Loss: 1.0549 | Batch Time: 9.04s | ETA: 0:20:57
Epoch 3 [10/139] Loss: 2.1932 | Batch Time: 8.04s | ETA: 0:15:35
Epoch 3 [20/139] Loss: 0.9452 | Batch Time: 5.69s | ETA: 0:14:01
Epoch 3 [30/139] Loss: 1.9392 | Batch Time: 6.84s | ETA: 0:12:47
Epoch 3 [40/139] Loss: 1.6413 | Batch Time: 7.93s | ETA: 0:11:40
Epoch 3 [50/139] Loss: 1.5907 | Batch Time: 5.81s | ETA: 0:10:20
Epoch 3 [60/139] Loss: 1.9272 | Batch Time: 6.81s | ETA: 0:09:07
Epoch 3 [70/139] Loss: 1.3980 | Batch Time: 7.41s | ETA: 0:07:59
Epoch 3 [80/139] Loss: 1.3733 | Batch Time: 6.38s | ETA: 0:06:47
Epoch 3 [90/139] Loss: 1.5892 | Batch Time: 6.87s | ETA: 0:05:34
Epoch 3 [100/139] Loss: 1.5137 | Batch Time: 7.47s | ETA: 0:04:26
Epoch 3 [110/139] Loss: 2.1471 | Batch Time: 5.72s | ETA: 0:03:16
Epoch 3 [120/139] Loss: 1.9895 | Batch Time: 7.03s | ETA: 0:02:08
Epoch 3 [130/139] Loss: 1.8991 | Batch Time: 7.72s | ETA: 0:01:01

Epoch 3 Train Metrics:
  µAP: 0.4726
  R@P90: 0.0000
  Accuracy: 0.5111
  Avg Loss: 1.6367
Epoch 3 completed in 16.07 minutes

============================================================
Progress: 4/18 epochs (22.2%)
Elapsed: 1:04:01
ETA: 3:44:06
Total estimated time: 4:48:07
============================================================

Epoch 4 [0/139] Loss: 1.2943 | Batch Time: 13.67s | ETA: 0:31:40
Epoch 4 [10/139] Loss: 1.4563 | Batch Time: 7.66s | ETA: 0:16:37
Epoch 4 [20/139] Loss: 0.7843 | Batch Time: 6.39s | ETA: 0:14:31
Epoch 4 [30/139] Loss: 1.2680 | Batch Time: 7.26s | ETA: 0:13:06
Epoch 4 [40/139] Loss: 1.9665 | Batch Time: 6.79s | ETA: 0:11:47
Epoch 4 [50/139] Loss: 1.4683 | Batch Time: 5.81s | ETA: 0:10:19
Epoch 4 [60/139] Loss: 1.9439 | Batch Time: 6.62s | ETA: 0:09:03
Epoch 4 [70/139] Loss: 1.7641 | Batch Time: 7.33s | ETA: 0:07:52
Epoch 4 [80/139] Loss: 1.9101 | Batch Time: 5.55s | ETA: 0:06:39
Epoch 4 [90/139] Loss: 1.6879 | Batch Time: 7.02s | ETA: 0:05:29
Epoch 4 [100/139] Loss: 1.7599 | Batch Time: 8.19s | ETA: 0:04:22
Epoch 4 [110/139] Loss: 1.4666 | Batch Time: 5.94s | ETA: 0:03:14
Epoch 4 [120/139] Loss: 1.0601 | Batch Time: 6.75s | ETA: 0:02:07
Epoch 4 [130/139] Loss: 1.3630 | Batch Time: 7.77s | ETA: 0:01:00

Epoch 4 Train Metrics:
  µAP: 0.4991
  R@P90: 0.0012
  Accuracy: 0.4991
  Avg Loss: 1.6192
Epoch 4 completed in 15.98 minutes

============================================================
Progress: 5/18 epochs (27.8%)
Elapsed: 1:20:00
ETA: 3:28:01
Total estimated time: 4:48:02
============================================================

Saved checkpoint: ./checkpoints_20251213_071002/checkpoint_epoch_5.pt
Saved best model with µAP: 0.4991
Epoch 5 [0/139] Loss: 1.6478 | Batch Time: 9.90s | ETA: 0:22:56
Epoch 5 [10/139] Loss: 2.0767 | Batch Time: 7.74s | ETA: 0:15:46
Epoch 5 [20/139] Loss: 2.0568 | Batch Time: 6.05s | ETA: 0:14:14
Epoch 5 [30/139] Loss: 1.2903 | Batch Time: 6.94s | ETA: 0:12:58
Epoch 5 [40/139] Loss: 1.4153 | Batch Time: 7.23s | ETA: 0:11:43
Epoch 5 [50/139] Loss: 1.7328 | Batch Time: 5.72s | ETA: 0:10:22
Epoch 5 [60/139] Loss: 1.6922 | Batch Time: 6.94s | ETA: 0:09:07
Epoch 5 [70/139] Loss: 1.1454 | Batch Time: 7.43s | ETA: 0:07:56
Epoch 5 [80/139] Loss: 1.4486 | Batch Time: 5.71s | ETA: 0:06:44
Epoch 5 [90/139] Loss: 1.6723 | Batch Time: 6.98s | ETA: 0:05:33
Epoch 5 [100/139] Loss: 0.8761 | Batch Time: 7.57s | ETA: 0:04:25
Epoch 5 [110/139] Loss: 1.5473 | Batch Time: 5.68s | ETA: 0:03:17
Epoch 5 [120/139] Loss: 1.3338 | Batch Time: 6.91s | ETA: 0:02:09
Epoch 5 [130/139] Loss: 1.8093 | Batch Time: 7.22s | ETA: 0:01:01

Epoch 5 Train Metrics:
  µAP: 0.5287
  R@P90: 0.0000
  Accuracy: 0.4979
  Avg Loss: 1.5945
Epoch 5 completed in 16.07 minutes

============================================================
Progress: 6/18 epochs (33.3%)
Elapsed: 1:36:07
ETA: 3:12:14
Total estimated time: 4:48:22
============================================================

Epoch 6 [0/139] Loss: 0.1575 | Batch Time: 13.53s | ETA: 0:31:21
Epoch 6 [10/139] Loss: 1.4192 | Batch Time: 7.32s | ETA: 0:16:41
Epoch 6 [20/139] Loss: 1.1368 | Batch Time: 6.22s | ETA: 0:14:48
Epoch 6 [30/139] Loss: 1.0729 | Batch Time: 8.22s | ETA: 0:13:23
Epoch 6 [40/139] Loss: 1.7001 | Batch Time: 6.50s | ETA: 0:11:57
Epoch 6 [50/139] Loss: 1.6327 | Batch Time: 6.14s | ETA: 0:10:25
Epoch 6 [60/139] Loss: 1.9447 | Batch Time: 7.56s | ETA: 0:09:10
Epoch 6 [70/139] Loss: 1.3202 | Batch Time: 6.34s | ETA: 0:07:53
Epoch 6 [80/139] Loss: 1.3836 | Batch Time: 6.36s | ETA: 0:06:40
Epoch 6 [90/139] Loss: 1.8531 | Batch Time: 7.48s | ETA: 0:05:32
Epoch 6 [100/139] Loss: 0.9402 | Batch Time: 6.79s | ETA: 0:04:24
Epoch 6 [110/139] Loss: 1.3383 | Batch Time: 6.82s | ETA: 0:03:16
Epoch 6 [120/139] Loss: 1.7040 | Batch Time: 6.98s | ETA: 0:02:08
Epoch 6 [130/139] Loss: 0.9578 | Batch Time: 6.37s | ETA: 0:01:01

Epoch 6 Train Metrics:
  µAP: 0.4882
  R@P90: 0.0012
  Accuracy: 0.4967
  Avg Loss: 1.4824
Epoch 6 completed in 16.16 minutes

============================================================
Progress: 7/18 epochs (38.9%)
Elapsed: 1:52:17
ETA: 2:56:26
Total estimated time: 4:48:44
============================================================

Epoch 7 [0/139] Loss: 0.8380 | Batch Time: 9.61s | ETA: 0:22:16
Epoch 7 [10/139] Loss: 1.5015 | Batch Time: 7.00s | ETA: 0:15:34
Epoch 7 [20/139] Loss: 1.1950 | Batch Time: 7.30s | ETA: 0:14:04
Epoch 7 [30/139] Loss: 1.5787 | Batch Time: 6.35s | ETA: 0:12:44
Epoch 7 [40/139] Loss: 1.0384 | Batch Time: 6.55s | ETA: 0:11:29
Epoch 7 [50/139] Loss: 1.6649 | Batch Time: 7.11s | ETA: 0:10:11
Epoch 7 [60/139] Loss: 1.8364 | Batch Time: 6.36s | ETA: 0:08:58
Epoch 7 [70/139] Loss: 1.5363 | Batch Time: 6.25s | ETA: 0:07:48
Epoch 7 [80/139] Loss: 1.6293 | Batch Time: 7.40s | ETA: 0:06:40
Epoch 7 [90/139] Loss: 1.7565 | Batch Time: 6.23s | ETA: 0:05:30
Epoch 7 [100/139] Loss: 0.6165 | Batch Time: 6.19s | ETA: 0:04:22
Epoch 7 [110/139] Loss: 1.0046 | Batch Time: 6.96s | ETA: 0:03:14
Epoch 7 [120/139] Loss: 0.9541 | Batch Time: 6.33s | ETA: 0:02:07
Epoch 7 [130/139] Loss: 1.9098 | Batch Time: 6.30s | ETA: 0:01:00

Epoch 7 Train Metrics:
  µAP: 0.4684
  R@P90: 0.0000
  Accuracy: 0.4901
  Avg Loss: 1.4351
Epoch 7 completed in 15.88 minutes

============================================================
Progress: 8/18 epochs (44.4%)
Elapsed: 2:08:10
ETA: 2:40:12
Total estimated time: 4:48:23
============================================================

Epoch 8 [0/139] Loss: 1.5426 | Batch Time: 12.65s | ETA: 0:29:18
Epoch 8 [10/139] Loss: 1.3051 | Batch Time: 7.81s | ETA: 0:16:21
Epoch 8 [20/139] Loss: 1.9338 | Batch Time: 6.49s | ETA: 0:14:24
Epoch 8 [30/139] Loss: 1.4273 | Batch Time: 6.22s | ETA: 0:12:59
Epoch 8 [40/139] Loss: 1.9922 | Batch Time: 7.74s | ETA: 0:11:43
Epoch 8 [50/139] Loss: 1.1627 | Batch Time: 6.65s | ETA: 0:10:18
Epoch 8 [60/139] Loss: 1.8825 | Batch Time: 6.43s | ETA: 0:09:02
Epoch 8 [70/139] Loss: 1.5532 | Batch Time: 7.67s | ETA: 0:07:53
Epoch 8 [80/139] Loss: 1.4648 | Batch Time: 6.37s | ETA: 0:06:42
Epoch 8 [90/139] Loss: 1.7094 | Batch Time: 6.70s | ETA: 0:05:30
Epoch 8 [100/139] Loss: 0.9696 | Batch Time: 7.80s | ETA: 0:04:23
Epoch 8 [110/139] Loss: 1.6641 | Batch Time: 6.56s | ETA: 0:03:15
Epoch 8 [120/139] Loss: 1.2731 | Batch Time: 6.73s | ETA: 0:02:08
Epoch 8 [130/139] Loss: 1.0318 | Batch Time: 7.52s | ETA: 0:01:00

Epoch 8 Train Metrics:
  µAP: 0.5124
  R@P90: 0.0012
  Accuracy: 0.4829
  Avg Loss: 1.4417
Epoch 8 completed in 16.03 minutes

============================================================
Progress: 9/18 epochs (50.0%)
Elapsed: 2:24:11
ETA: 2:24:11
Total estimated time: 4:48:23
============================================================

Epoch 9 [0/139] Loss: 1.0489 | Batch Time: 13.44s | ETA: 0:31:08
Epoch 9 [10/139] Loss: 1.6368 | Batch Time: 7.68s | ETA: 0:16:43
Epoch 9 [20/139] Loss: 0.6631 | Batch Time: 6.41s | ETA: 0:14:43
Epoch 9 [30/139] Loss: 1.5048 | Batch Time: 7.46s | ETA: 0:13:14
Epoch 9 [40/139] Loss: 1.0410 | Batch Time: 7.33s | ETA: 0:11:54
Epoch 9 [50/139] Loss: 1.2970 | Batch Time: 6.96s | ETA: 0:10:25
Epoch 9 [60/139] Loss: 0.6190 | Batch Time: 6.60s | ETA: 0:09:09
Epoch 9 [70/139] Loss: 1.6418 | Batch Time: 7.32s | ETA: 0:07:59
Epoch 9 [80/139] Loss: 1.7192 | Batch Time: 6.68s | ETA: 0:06:47
Epoch 9 [90/139] Loss: 1.7235 | Batch Time: 6.49s | ETA: 0:05:36
Epoch 9 [100/139] Loss: 1.6709 | Batch Time: 6.82s | ETA: 0:04:27
Epoch 9 [110/139] Loss: 0.5369 | Batch Time: 6.76s | ETA: 0:03:17
Epoch 9 [120/139] Loss: 1.5745 | Batch Time: 6.35s | ETA: 0:02:08
Epoch 9 [130/139] Loss: 1.6474 | Batch Time: 6.83s | ETA: 0:01:00

Epoch 9 Train Metrics:
  µAP: 0.4879
  R@P90: 0.0000
  Accuracy: 0.4799
  Avg Loss: 1.4081
Epoch 9 completed in 16.20 minutes

============================================================
Progress: 10/18 epochs (55.6%)
Elapsed: 2:40:24
ETA: 2:08:19
Total estimated time: 4:48:43
============================================================

Saved checkpoint: ./checkpoints_20251213_071002/checkpoint_epoch_10.pt
Epoch 10 [0/139] Loss: 1.5868 | Batch Time: 7.89s | ETA: 0:18:17
Epoch 10 [10/139] Loss: 1.2355 | Batch Time: 7.74s | ETA: 0:15:35
Epoch 10 [20/139] Loss: 1.7946 | Batch Time: 6.34s | ETA: 0:14:03
Epoch 10 [30/139] Loss: 1.5059 | Batch Time: 6.94s | ETA: 0:12:48
Epoch 10 [40/139] Loss: 1.4636 | Batch Time: 7.69s | ETA: 0:11:38
Epoch 10 [50/139] Loss: 1.0119 | Batch Time: 6.23s | ETA: 0:10:24
Epoch 10 [60/139] Loss: 2.0653 | Batch Time: 6.84s | ETA: 0:09:09
Epoch 10 [70/139] Loss: 1.1916 | Batch Time: 7.84s | ETA: 0:08:03
Epoch 10 [80/139] Loss: 0.6513 | Batch Time: 7.04s | ETA: 0:06:53
Epoch 10 [90/139] Loss: 0.5442 | Batch Time: 6.94s | ETA: 0:05:41
Epoch 10 [100/139] Loss: 0.8798 | Batch Time: 7.67s | ETA: 0:04:31
Epoch 10 [110/139] Loss: 1.8849 | Batch Time: 5.92s | ETA: 0:03:20
Epoch 10 [120/139] Loss: 1.4363 | Batch Time: 6.63s | ETA: 0:02:10
Epoch 10 [130/139] Loss: 1.1661 | Batch Time: 8.08s | ETA: 0:01:02

Epoch 10 Train Metrics:
  µAP: 0.5136
  R@P90: 0.0024
  Accuracy: 0.5105
  Avg Loss: 1.3582
Epoch 10 completed in 16.28 minutes

============================================================
Progress: 11/18 epochs (61.1%)
Elapsed: 2:56:42
ETA: 1:52:27
Total estimated time: 4:49:09
============================================================

Epoch 11 [0/139] Loss: 1.7012 | Batch Time: 9.32s | ETA: 0:21:35
Epoch 11 [10/139] Loss: 1.7288 | Batch Time: 7.75s | ETA: 0:15:38
Epoch 11 [20/139] Loss: 1.9237 | Batch Time: 6.19s | ETA: 0:14:01
Epoch 11 [30/139] Loss: 1.5497 | Batch Time: 7.24s | ETA: 0:12:42
Epoch 11 [40/139] Loss: 1.6485 | Batch Time: 7.91s | ETA: 0:11:33
Epoch 11 [50/139] Loss: 1.5375 | Batch Time: 5.51s | ETA: 0:10:15
Epoch 11 [60/139] Loss: 1.3159 | Batch Time: 6.93s | ETA: 0:09:01
Epoch 11 [70/139] Loss: 1.6873 | Batch Time: 8.28s | ETA: 0:07:53
Epoch 11 [80/139] Loss: 1.6701 | Batch Time: 6.11s | ETA: 0:06:45
Epoch 11 [90/139] Loss: 1.5094 | Batch Time: 7.03s | ETA: 0:05:34
Epoch 11 [100/139] Loss: 2.0562 | Batch Time: 7.59s | ETA: 0:04:28
Epoch 11 [110/139] Loss: 1.2405 | Batch Time: 5.74s | ETA: 0:03:19
Epoch 11 [120/139] Loss: 1.0543 | Batch Time: 6.92s | ETA: 0:02:10
Epoch 11 [130/139] Loss: 0.8480 | Batch Time: 7.09s | ETA: 0:01:01

Epoch 11 Train Metrics:
  µAP: 0.4696
  R@P90: 0.0012
  Accuracy: 0.4847
  Avg Loss: 1.2936
Epoch 11 completed in 16.10 minutes

============================================================
Progress: 12/18 epochs (66.7%)
Elapsed: 3:12:48
ETA: 1:36:24
Total estimated time: 4:49:12
============================================================

Epoch 12 [0/139] Loss: 1.5412 | Batch Time: 10.03s | ETA: 0:23:14
Epoch 12 [10/139] Loss: 1.5990 | Batch Time: 7.33s | ETA: 0:15:35
Epoch 12 [20/139] Loss: 0.8243 | Batch Time: 5.65s | ETA: 0:13:58
Epoch 12 [30/139] Loss: 1.2623 | Batch Time: 6.88s | ETA: 0:12:44
Epoch 12 [40/139] Loss: 1.5520 | Batch Time: 7.58s | ETA: 0:11:31
Epoch 12 [50/139] Loss: 1.5728 | Batch Time: 5.63s | ETA: 0:10:13
Epoch 12 [60/139] Loss: 0.9206 | Batch Time: 6.85s | ETA: 0:09:02
Epoch 12 [70/139] Loss: 1.6657 | Batch Time: 7.96s | ETA: 0:07:56
Epoch 12 [80/139] Loss: 1.7344 | Batch Time: 6.15s | ETA: 0:06:44
Epoch 12 [90/139] Loss: 1.1607 | Batch Time: 7.11s | ETA: 0:05:34
