=========================================
SLURM Job ID: 121513
Job Name: dinov3_ced_apt_gpu3
Node: gpu3
Start Time: Fri Dec 12 20:03:47 EST 2025
=========================================
Activating conda environment: gpu_training
GPUs available:
GPU 0: NVIDIA A30 (UUID: GPU-29441b90-6420-fd35-c439-d03f77885dd3)
GPU 1: NVIDIA A30 (UUID: GPU-153472c2-3399-ec40-a684-2443147fee35)
GPU 2: NVIDIA A30 (UUID: GPU-5ad644da-695f-1a04-39a7-004e8d27c563)
=========================================
Training Configuration:
  Epochs (DISC21): 18
  Epochs (NDEC): 3
  Batch Size: 12
  Learning Rate: 2e-4
  Subset Fraction: 0.5
  Mixed Precision: true
  Save Directory: ./checkpoints_20251212_200347
  Number of GPUs: 3
  Num Workers (per rank): 46
=========================================
Starting training...
DDP initialized: 3 GPUs (NCCL backend)
TF32 enabled for Ampere GPUs (A30)
Training CEDetector with APT on 3 GPUs
Arguments: Namespace(disc21_path='/home/jowatson/Deep Learning/DISC21', ndec_path='/home/jowatson/Deep Learning/NDEC', hf_token_path='/home/jowatson/Deep Learning/Code/.env', epochs=18, ndec_epochs=3, batch_size=12, lr=0.0002, subset_fraction=0.5, num_workers=46, use_amp=True, dinov3_model='facebook/dinov3-vitb16-pretrain-lvd1689m', freeze_backbone=False, save_dir='./checkpoints_20251212_200347', save_every=5)
Logging metrics to: ./checkpoints_20251212_200347/training_metrics.jsonl

Loading DISC21 dataset...
Found 20 reference directories
Found 20 reference directories
Found 20 reference directories
Indexed 1000000 reference images
Indexed 1000000 reference images
Indexed 1000000 reference images
Using 5000 samples (50.0% of dataset)
Using 5000 samples (50.0% of dataset)
Using 5000 samples (50.0% of dataset)
Found 5000 valid query-reference pairs
Found 5000 valid query-reference pairs
Found 5000 valid query-reference pairs

Creating model...
Loading DiNOv3 model: facebook/dinov3-vitb16-pretrain-lvd1689m
Loading DiNOv3 model: facebook/dinov3-vitb16-pretrain-lvd1689m
Loading DiNOv3 model: facebook/dinov3-vitb16-pretrain-lvd1689m
DiNOv3 loaded: embed_dim=768, layers=12
DiNOv3 loaded: embed_dim=768, layers=12
DiNOv3 loaded: embed_dim=768, layers=12
gpu3:2760738:2760738 [0] NCCL INFO NCCL_SOCKET_IFNAME set by environment to ^docker0,lo
gpu3:2760738:2760738 [0] NCCL INFO Bootstrap : Using eth0:10.0.0.103<0>
gpu3:2760738:2760738 [0] NCCL INFO NET/Plugin: No plugin found (libnccl-net.so)
gpu3:2760738:2760738 [0] NCCL INFO NET/Plugin: Plugin load returned 2 : libnccl-net.so: cannot open shared object file: No such file or directory : when loading libnccl-net.so
gpu3:2760738:2760738 [0] NCCL INFO NET/Plugin: Using internal network plugin.
gpu3:2760738:2760738 [0] NCCL INFO cudaDriverVersion 12040
NCCL version 2.21.5+cuda11.0
gpu3:2760739:2760739 [1] NCCL INFO cudaDriverVersion 12040
gpu3:2760739:2760739 [1] NCCL INFO NCCL_SOCKET_IFNAME set by environment to ^docker0,lo
gpu3:2760739:2760739 [1] NCCL INFO Bootstrap : Using eth0:10.0.0.103<0>
gpu3:2760739:2760739 [1] NCCL INFO NET/Plugin: No plugin found (libnccl-net.so)
gpu3:2760739:2760739 [1] NCCL INFO NET/Plugin: Plugin load returned 2 : libnccl-net.so: cannot open shared object file: No such file or directory : when loading libnccl-net.so
gpu3:2760739:2760739 [1] NCCL INFO NET/Plugin: Using internal network plugin.
gpu3:2760740:2760740 [2] NCCL INFO cudaDriverVersion 12040
gpu3:2760740:2760740 [2] NCCL INFO NCCL_SOCKET_IFNAME set by environment to ^docker0,lo
gpu3:2760740:2760740 [2] NCCL INFO Bootstrap : Using eth0:10.0.0.103<0>
gpu3:2760740:2760740 [2] NCCL INFO NET/Plugin: No plugin found (libnccl-net.so)
gpu3:2760740:2760740 [2] NCCL INFO NET/Plugin: Plugin load returned 2 : libnccl-net.so: cannot open shared object file: No such file or directory : when loading libnccl-net.so
gpu3:2760740:2760740 [2] NCCL INFO NET/Plugin: Using internal network plugin.
gpu3:2760738:2760738 [0] NCCL INFO Comm config Blocking set to 1
gpu3:2760738:2761946 [0] NCCL INFO NCCL_IB_DISABLE set by environment to 0.
gpu3:2760738:2761946 [0] NCCL INFO NCCL_SOCKET_IFNAME set by environment to ^docker0,lo
gpu3:2760738:2761946 [0] NCCL INFO NET/IB : Using [0]mlx5_0:1/IB [RO]; OOB eth0:10.0.0.103<0>
gpu3:2760738:2761946 [0] NCCL INFO Using non-device net plugin version 0
gpu3:2760738:2761946 [0] NCCL INFO Using network IB
gpu3:2760740:2760740 [2] NCCL INFO Comm config Blocking set to 1
gpu3:2760740:2761948 [2] NCCL INFO NCCL_IB_DISABLE set by environment to 0.
gpu3:2760740:2761948 [2] NCCL INFO NCCL_SOCKET_IFNAME set by environment to ^docker0,lo
gpu3:2760739:2760739 [1] NCCL INFO Comm config Blocking set to 1
gpu3:2760739:2761949 [1] NCCL INFO NCCL_IB_DISABLE set by environment to 0.
gpu3:2760739:2761949 [1] NCCL INFO NCCL_SOCKET_IFNAME set by environment to ^docker0,lo
gpu3:2760740:2761948 [2] NCCL INFO NET/IB : Using [0]mlx5_0:1/IB [RO]; OOB eth0:10.0.0.103<0>
gpu3:2760740:2761948 [2] NCCL INFO Using non-device net plugin version 0
gpu3:2760740:2761948 [2] NCCL INFO Using network IB
gpu3:2760739:2761949 [1] NCCL INFO NET/IB : Using [0]mlx5_0:1/IB [RO]; OOB eth0:10.0.0.103<0>
gpu3:2760739:2761949 [1] NCCL INFO Using non-device net plugin version 0
gpu3:2760739:2761949 [1] NCCL INFO Using network IB
gpu3:2760740:2761948 [2] NCCL INFO ncclCommInitRank comm 0xc6886b0 rank 2 nranks 3 cudaDev 2 nvmlDev 2 busId ca000 commId 0xf10642dda859dc42 - Init START
gpu3:2760738:2761946 [0] NCCL INFO ncclCommInitRank comm 0xdd84ff0 rank 0 nranks 3 cudaDev 0 nvmlDev 0 busId 31000 commId 0xf10642dda859dc42 - Init START
gpu3:2760739:2761949 [1] NCCL INFO ncclCommInitRank comm 0xda58c40 rank 1 nranks 3 cudaDev 1 nvmlDev 1 busId 4b000 commId 0xf10642dda859dc42 - Init START
gpu3:2760738:2761946 [0] NCCL INFO Setting affinity for GPU 0 to ffff,0000ffff
gpu3:2760739:2761949 [1] NCCL INFO Setting affinity for GPU 1 to ffff,0000ffff
gpu3:2760740:2761948 [2] NCCL INFO Setting affinity for GPU 2 to ffff0000,ffff0000
gpu3:2760739:2761949 [1] NCCL INFO comm 0xda58c40 rank 1 nRanks 3 nNodes 1 localRanks 3 localRank 1 MNNVL 0
gpu3:2760740:2761948 [2] NCCL INFO comm 0xc6886b0 rank 2 nRanks 3 nNodes 1 localRanks 3 localRank 2 MNNVL 0
gpu3:2760738:2761946 [0] NCCL INFO comm 0xdd84ff0 rank 0 nRanks 3 nNodes 1 localRanks 3 localRank 0 MNNVL 0
gpu3:2760739:2761949 [1] NCCL INFO Trees [0] 2/-1/-1->1->0 [1] 2/-1/-1->1->0
gpu3:2760739:2761949 [1] NCCL INFO P2P Chunksize set to 524288
gpu3:2760740:2761948 [2] NCCL INFO Trees [0] -1/-1/-1->2->1 [1] -1/-1/-1->2->1
gpu3:2760740:2761948 [2] NCCL INFO P2P Chunksize set to 524288
gpu3:2760738:2761946 [0] NCCL INFO Channel 00/02 :    0   1   2
gpu3:2760738:2761946 [0] NCCL INFO Channel 01/02 :    0   1   2
gpu3:2760738:2761946 [0] NCCL INFO Trees [0] 1/-1/-1->0->-1 [1] 1/-1/-1->0->-1
gpu3:2760738:2761946 [0] NCCL INFO P2P Chunksize set to 524288
gpu3:2760739:2761949 [1] NCCL INFO Channel 00 : 1[1] -> 2[2] via SHM/direct/direct
gpu3:2760739:2761949 [1] NCCL INFO Channel 01 : 1[1] -> 2[2] via SHM/direct/direct
gpu3:2760738:2761946 [0] NCCL INFO Channel 00/0 : 0[0] -> 1[1] via P2P/IPC/read
gpu3:2760740:2761948 [2] NCCL INFO Channel 00 : 2[2] -> 0[0] via SHM/direct/direct
gpu3:2760740:2761948 [2] NCCL INFO Channel 01 : 2[2] -> 0[0] via SHM/direct/direct
gpu3:2760738:2761946 [0] NCCL INFO Channel 01/0 : 0[0] -> 1[1] via P2P/IPC/read
gpu3:2760738:2761946 [0] NCCL INFO Connected all rings
gpu3:2760739:2761949 [1] NCCL INFO Connected all rings
gpu3:2760740:2761948 [2] NCCL INFO Connected all rings
gpu3:2760740:2761948 [2] NCCL INFO Channel 00 : 2[2] -> 1[1] via SHM/direct/direct
gpu3:2760740:2761948 [2] NCCL INFO Channel 01 : 2[2] -> 1[1] via SHM/direct/direct
gpu3:2760739:2761949 [1] NCCL INFO Channel 00/0 : 1[1] -> 0[0] via P2P/IPC/read
gpu3:2760739:2761949 [1] NCCL INFO Channel 01/0 : 1[1] -> 0[0] via P2P/IPC/read
gpu3:2760738:2761946 [0] NCCL INFO Connected all trees
gpu3:2760738:2761946 [0] NCCL INFO threadThresholds 8/8/64 | 24/8/64 | 512 | 512
gpu3:2760738:2761946 [0] NCCL INFO 2 coll channels, 2 collnet channels, 0 nvls channels, 2 p2p channels, 2 p2p channels per peer
gpu3:2760739:2761949 [1] NCCL INFO Connected all trees
gpu3:2760740:2761948 [2] NCCL INFO Connected all trees
gpu3:2760739:2761949 [1] NCCL INFO threadThresholds 8/8/64 | 24/8/64 | 512 | 512
gpu3:2760739:2761949 [1] NCCL INFO 2 coll channels, 2 collnet channels, 0 nvls channels, 2 p2p channels, 2 p2p channels per peer
gpu3:2760740:2761948 [2] NCCL INFO threadThresholds 8/8/64 | 24/8/64 | 512 | 512
gpu3:2760740:2761948 [2] NCCL INFO 2 coll channels, 2 collnet channels, 0 nvls channels, 2 p2p channels, 2 p2p channels per peer
gpu3:2760739:2761949 [1] NCCL INFO TUNER/Plugin: Plugin load returned 11 : libnccl-net.so: cannot open shared object file: No such file or directory : when loading libnccl-tuner.so
gpu3:2760739:2761949 [1] NCCL INFO TUNER/Plugin: Using internal tuner plugin.
gpu3:2760739:2761949 [1] NCCL INFO ncclCommInitRank comm 0xda58c40 rank 1 nranks 3 cudaDev 1 nvmlDev 1 busId 4b000 commId 0xf10642dda859dc42 - Init COMPLETE
gpu3:2760740:2761948 [2] NCCL INFO TUNER/Plugin: Plugin load returned 11 : libnccl-net.so: cannot open shared object file: No such file or directory : when loading libnccl-tuner.so
gpu3:2760740:2761948 [2] NCCL INFO TUNER/Plugin: Using internal tuner plugin.
gpu3:2760740:2761948 [2] NCCL INFO ncclCommInitRank comm 0xc6886b0 rank 2 nranks 3 cudaDev 2 nvmlDev 2 busId ca000 commId 0xf10642dda859dc42 - Init COMPLETE
gpu3:2760738:2761946 [0] NCCL INFO TUNER/Plugin: Plugin load returned 11 : libnccl-net.so: cannot open shared object file: No such file or directory : when loading libnccl-tuner.so
gpu3:2760738:2761946 [0] NCCL INFO TUNER/Plugin: Using internal tuner plugin.
gpu3:2760738:2761946 [0] NCCL INFO ncclCommInitRank comm 0xdd84ff0 rank 0 nranks 3 cudaDev 0 nvmlDev 0 busId 31000 commId 0xf10642dda859dc42 - Init COMPLETE
Mixed precision training: Enabled

Training on DISC21 for 18 epochs...
Epoch 0 [0/139] Loss: 0.5946 | Batch Time: 25.93s | ETA: 1:00:04
Epoch 0 [10/139] Loss: 0.6939 | Batch Time: 20.80s | ETA: 0:48:07
Epoch 0 [20/139] Loss: 0.6932 | Batch Time: 22.11s | ETA: 0:44:11
Epoch 0 [30/139] Loss: 0.6931 | Batch Time: 22.65s | ETA: 0:40:23
Epoch 0 [40/139] Loss: 0.6931 | Batch Time: 20.83s | ETA: 0:36:31
Epoch 0 [50/139] Loss: 0.6931 | Batch Time: 22.80s | ETA: 0:32:43
Epoch 0 [60/139] Loss: 0.6931 | Batch Time: 22.48s | ETA: 0:28:59
Epoch 0 [70/139] Loss: 0.6931 | Batch Time: 20.42s | ETA: 0:25:12
Epoch 0 [80/139] Loss: 0.6931 | Batch Time: 22.37s | ETA: 0:21:29
Epoch 0 [90/139] Loss: 0.6931 | Batch Time: 22.37s | ETA: 0:17:49
Epoch 0 [100/139] Loss: 0.6931 | Batch Time: 20.22s | ETA: 0:14:06
Epoch 0 [110/139] Loss: 0.6931 | Batch Time: 22.07s | ETA: 0:10:28
Epoch 0 [120/139] Loss: 0.6931 | Batch Time: 22.18s | ETA: 0:06:51
Epoch 0 [130/139] Loss: 0.6931 | Batch Time: 19.92s | ETA: 0:03:14

Epoch 0 Train Metrics:
  µAP: 0.5120
  R@P90: 0.0024
  Accuracy: 0.5003
  Avg Loss: 0.6932
Epoch 0 completed in 50.67 minutes

============================================================
Progress: 1/18 epochs (5.6%)
Elapsed: 0:50:40
ETA: 14:21:28
Total estimated time: 15:12:09
============================================================

Epoch 1 [0/139] Loss: 0.6931 | Batch Time: 28.03s | ETA: 1:04:55
Epoch 1 [10/139] Loss: 0.6931 | Batch Time: 21.33s | ETA: 0:47:18
Epoch 1 [20/139] Loss: 0.6931 | Batch Time: 20.39s | ETA: 0:43:11
Epoch 1 [30/139] Loss: 0.6931 | Batch Time: 20.72s | ETA: 0:39:20
Epoch 1 [40/139] Loss: 0.6931 | Batch Time: 20.62s | ETA: 0:35:35
Epoch 1 [50/139] Loss: 0.6931 | Batch Time: 22.12s | ETA: 0:31:49
Epoch 1 [60/139] Loss: 0.6931 | Batch Time: 21.21s | ETA: 0:28:08
Epoch 1 [70/139] Loss: 0.6931 | Batch Time: 21.15s | ETA: 0:24:28
Epoch 1 [80/139] Loss: 0.6931 | Batch Time: 21.50s | ETA: 0:20:51
Epoch 1 [90/139] Loss: 0.6931 | Batch Time: 21.14s | ETA: 0:17:17
Epoch 1 [100/139] Loss: 0.6931 | Batch Time: 21.30s | ETA: 0:13:42
Epoch 1 [110/139] Loss: 0.6931 | Batch Time: 21.33s | ETA: 0:10:11
Epoch 1 [120/139] Loss: 0.6931 | Batch Time: 20.90s | ETA: 0:06:41
Epoch 1 [130/139] Loss: 0.6931 | Batch Time: 21.28s | ETA: 0:03:10

Epoch 1 Train Metrics:
  µAP: 0.5039
  R@P90: 0.0000
  Accuracy: 0.4961
  Avg Loss: 0.6931
Epoch 1 completed in 49.40 minutes

============================================================
Progress: 2/18 epochs (11.1%)
Elapsed: 1:40:04
ETA: 13:20:37
Total estimated time: 15:00:41
============================================================

Epoch 2 [0/139] Loss: 0.6931 | Batch Time: 23.48s | ETA: 0:54:23
Epoch 2 [10/139] Loss: 0.6931 | Batch Time: 19.38s | ETA: 0:43:11
Epoch 2 [20/139] Loss: 0.6931 | Batch Time: 20.82s | ETA: 0:41:19
Epoch 2 [30/139] Loss: 0.6931 | Batch Time: 20.90s | ETA: 0:38:30
Epoch 2 [40/139] Loss: 0.6931 | Batch Time: 21.74s | ETA: 0:35:08
Epoch 2 [50/139] Loss: 0.6931 | Batch Time: 22.67s | ETA: 0:31:31
Epoch 2 [60/139] Loss: 0.6931 | Batch Time: 20.19s | ETA: 0:28:26
Epoch 2 [70/139] Loss: 0.6931 | Batch Time: 20.19s | ETA: 0:24:43
Epoch 2 [80/139] Loss: 0.6931 | Batch Time: 22.72s | ETA: 0:21:06
Epoch 2 [90/139] Loss: 0.6931 | Batch Time: 19.80s | ETA: 0:17:25
Epoch 2 [100/139] Loss: 0.6931 | Batch Time: 20.56s | ETA: 0:13:52
Epoch 2 [110/139] Loss: 0.6931 | Batch Time: 21.23s | ETA: 0:10:17
Epoch 2 [120/139] Loss: 0.6931 | Batch Time: 20.19s | ETA: 0:06:43
Epoch 2 [130/139] Loss: 0.6931 | Batch Time: 20.79s | ETA: 0:03:10

Epoch 2 Train Metrics:
  µAP: 0.5117
  R@P90: 0.0000
  Accuracy: 0.4883
  Avg Loss: 0.6931
Epoch 2 completed in 49.38 minutes

============================================================
Progress: 3/18 epochs (16.7%)
Elapsed: 2:29:27
ETA: 12:27:17
Total estimated time: 14:56:45
============================================================

Epoch 3 [0/139] Loss: 0.6931 | Batch Time: 24.59s | ETA: 0:56:57
Epoch 3 [10/139] Loss: 0.6931 | Batch Time: 20.69s | ETA: 0:44:26
Epoch 3 [20/139] Loss: 0.6931 | Batch Time: 22.21s | ETA: 0:41:42
Epoch 3 [30/139] Loss: 0.6931 | Batch Time: 20.92s | ETA: 0:38:29
Epoch 3 [40/139] Loss: 0.6931 | Batch Time: 21.96s | ETA: 0:35:07
Epoch 3 [50/139] Loss: 0.6931 | Batch Time: 20.29s | ETA: 0:31:32
Epoch 3 [60/139] Loss: 0.6931 | Batch Time: 21.03s | ETA: 0:28:16
Epoch 3 [70/139] Loss: 0.6931 | Batch Time: 21.30s | ETA: 0:24:36
Epoch 3 [80/139] Loss: 0.6931 | Batch Time: 21.94s | ETA: 0:20:58
Epoch 3 [90/139] Loss: 0.6931 | Batch Time: 21.50s | ETA: 0:17:21
Epoch 3 [100/139] Loss: 0.6931 | Batch Time: 21.51s | ETA: 0:13:46
Epoch 3 [110/139] Loss: 0.6931 | Batch Time: 20.81s | ETA: 0:10:13
Epoch 3 [120/139] Loss: 0.6931 | Batch Time: 21.09s | ETA: 0:06:42
Epoch 3 [130/139] Loss: 0.6931 | Batch Time: 21.23s | ETA: 0:03:10

Epoch 3 Train Metrics:
  µAP: 0.5003
  R@P90: 0.0000
  Accuracy: 0.4997
  Avg Loss: 0.6931
Epoch 3 completed in 49.29 minutes

============================================================
Progress: 4/18 epochs (22.2%)
Elapsed: 3:18:45
ETA: 11:35:38
Total estimated time: 14:54:23
============================================================

Epoch 4 [0/139] Loss: 0.6931 | Batch Time: 24.90s | ETA: 0:57:40
Epoch 4 [10/139] Loss: 0.6931 | Batch Time: 21.49s | ETA: 0:45:55
Epoch 4 [20/139] Loss: 0.6931 | Batch Time: 21.92s | ETA: 0:42:14
Epoch 4 [30/139] Loss: 0.6931 | Batch Time: 20.24s | ETA: 0:38:35
Epoch 4 [40/139] Loss: 0.6931 | Batch Time: 21.38s | ETA: 0:35:00
Epoch 4 [50/139] Loss: 0.6931 | Batch Time: 20.79s | ETA: 0:31:19
Epoch 4 [60/139] Loss: 0.6931 | Batch Time: 21.36s | ETA: 0:27:49
Epoch 4 [70/139] Loss: 0.6931 | Batch Time: 20.36s | ETA: 0:24:22
Epoch 4 [80/139] Loss: 0.6931 | Batch Time: 20.90s | ETA: 0:20:51
Epoch 4 [90/139] Loss: 0.6931 | Batch Time: 21.22s | ETA: 0:17:19
Epoch 4 [100/139] Loss: 0.6931 | Batch Time: 21.65s | ETA: 0:13:48
Epoch 4 [110/139] Loss: 0.6931 | Batch Time: 20.79s | ETA: 0:10:16
Epoch 4 [120/139] Loss: 0.6931 | Batch Time: 21.19s | ETA: 0:06:42
Epoch 4 [130/139] Loss: 0.6931 | Batch Time: 21.52s | ETA: 0:03:10

Epoch 4 Train Metrics:
  µAP: 0.5117
  R@P90: 0.0000
  Accuracy: 0.4883
  Avg Loss: 0.6931
Epoch 4 completed in 49.24 minutes

============================================================
Progress: 5/18 epochs (27.8%)
Elapsed: 4:07:59
ETA: 10:44:47
Total estimated time: 14:52:47
============================================================

Saved checkpoint: ./checkpoints_20251212_200347/checkpoint_epoch_5.pt
Saved best model with µAP: 0.5117
Epoch 5 [0/139] Loss: 0.6931 | Batch Time: 21.47s | ETA: 0:49:44
Epoch 5 [10/139] Loss: 0.6931 | Batch Time: 20.89s | ETA: 0:44:31
Epoch 5 [20/139] Loss: 0.6931 | Batch Time: 21.92s | ETA: 0:40:57
Epoch 5 [30/139] Loss: 0.6931 | Batch Time: 21.33s | ETA: 0:37:41
Epoch 5 [40/139] Loss: 0.6931 | Batch Time: 23.07s | ETA: 0:34:17
Epoch 5 [50/139] Loss: 0.6931 | Batch Time: 20.77s | ETA: 0:30:55
Epoch 5 [60/139] Loss: 0.6931 | Batch Time: 22.55s | ETA: 0:27:42
Epoch 5 [70/139] Loss: 0.6931 | Batch Time: 21.74s | ETA: 0:24:26
Epoch 5 [80/139] Loss: 0.6931 | Batch Time: 20.93s | ETA: 0:20:58
Epoch 5 [90/139] Loss: 0.6931 | Batch Time: 22.28s | ETA: 0:17:30
Epoch 5 [100/139] Loss: 0.6931 | Batch Time: 21.81s | ETA: 0:13:59
Epoch 5 [110/139] Loss: 0.6931 | Batch Time: 19.90s | ETA: 0:10:21
Epoch 5 [120/139] Loss: 0.6931 | Batch Time: 21.24s | ETA: 0:06:44
Epoch 5 [130/139] Loss: 0.6931 | Batch Time: 21.24s | ETA: 0:03:10

Epoch 5 Train Metrics:
  µAP: 0.4943
  R@P90: 0.0000
  Accuracy: 0.5057
  Avg Loss: 0.6931
Epoch 5 completed in 49.01 minutes

============================================================
Progress: 6/18 epochs (33.3%)
Elapsed: 4:57:03
ETA: 9:54:06
Total estimated time: 14:51:09
============================================================

Epoch 6 [0/139] Loss: 0.6931 | Batch Time: 23.21s | ETA: 0:53:45
Epoch 6 [10/139] Loss: 0.6931 | Batch Time: 21.10s | ETA: 0:46:03
Epoch 6 [20/139] Loss: 0.6931 | Batch Time: 21.12s | ETA: 0:42:20
Epoch 6 [30/139] Loss: 0.6931 | Batch Time: 20.94s | ETA: 0:38:32
Epoch 6 [40/139] Loss: 0.6931 | Batch Time: 21.19s | ETA: 0:34:57
Epoch 6 [50/139] Loss: 0.6931 | Batch Time: 20.81s | ETA: 0:31:23
Epoch 6 [60/139] Loss: 0.6931 | Batch Time: 22.36s | ETA: 0:27:50
Epoch 6 [70/139] Loss: 0.6931 | Batch Time: 20.50s | ETA: 0:24:12
Epoch 6 [80/139] Loss: 0.6931 | Batch Time: 20.42s | ETA: 0:20:40
Epoch 6 [90/139] Loss: 0.6931 | Batch Time: 20.60s | ETA: 0:17:06
Epoch 6 [100/139] Loss: 0.6931 | Batch Time: 21.35s | ETA: 0:13:36
Epoch 6 [110/139] Loss: 0.6931 | Batch Time: 20.10s | ETA: 0:10:05
Epoch 6 [120/139] Loss: 0.6931 | Batch Time: 20.95s | ETA: 0:06:37
Epoch 6 [130/139] Loss: 0.6931 | Batch Time: 21.62s | ETA: 0:03:08

Epoch 6 Train Metrics:
  µAP: 0.4757
  R@P90: 0.0000
  Accuracy: 0.5243
  Avg Loss: 0.6931
Epoch 6 completed in 48.89 minutes

============================================================
Progress: 7/18 epochs (38.9%)
Elapsed: 5:45:57
ETA: 9:03:38
Total estimated time: 14:49:35
============================================================

Epoch 7 [0/139] Loss: 0.6931 | Batch Time: 22.95s | ETA: 0:53:09
Epoch 7 [10/139] Loss: 0.6931 | Batch Time: 19.63s | ETA: 0:44:15
Epoch 7 [20/139] Loss: 0.6931 | Batch Time: 21.68s | ETA: 0:41:46
Epoch 7 [30/139] Loss: 0.6931 | Batch Time: 21.80s | ETA: 0:38:26
Epoch 7 [40/139] Loss: 0.6931 | Batch Time: 22.09s | ETA: 0:35:14
Epoch 7 [50/139] Loss: 0.6931 | Batch Time: 20.34s | ETA: 0:31:40
Epoch 7 [60/139] Loss: 0.6931 | Batch Time: 21.89s | ETA: 0:28:27
Epoch 7 [70/139] Loss: 0.6931 | Batch Time: 20.30s | ETA: 0:24:43
Epoch 7 [80/139] Loss: 0.6931 | Batch Time: 20.65s | ETA: 0:21:09
Epoch 7 [90/139] Loss: 0.6931 | Batch Time: 21.95s | ETA: 0:17:26
Epoch 7 [100/139] Loss: 0.6931 | Batch Time: 22.87s | ETA: 0:13:50
Epoch 7 [110/139] Loss: 0.6931 | Batch Time: 20.51s | ETA: 0:10:17
Epoch 7 [120/139] Loss: 0.6931 | Batch Time: 21.08s | ETA: 0:06:47
Epoch 7 [130/139] Loss: 0.6931 | Batch Time: 21.21s | ETA: 0:03:12

Epoch 7 Train Metrics:
  µAP: 0.5045
  R@P90: 0.0000
  Accuracy: 0.4955
  Avg Loss: 0.6931
Epoch 7 completed in 49.58 minutes

============================================================
Progress: 8/18 epochs (44.4%)
Elapsed: 6:35:32
ETA: 8:14:25
Total estimated time: 14:49:57
============================================================

Epoch 8 [0/139] Loss: 0.6931 | Batch Time: 24.01s | ETA: 0:55:36
Epoch 8 [10/139] Loss: 0.6931 | Batch Time: 21.64s | ETA: 0:47:00
Epoch 8 [20/139] Loss: 0.6931 | Batch Time: 21.99s | ETA: 0:42:39
Epoch 8 [30/139] Loss: 0.6931 | Batch Time: 22.29s | ETA: 0:38:50
Epoch 8 [40/139] Loss: 0.6931 | Batch Time: 20.68s | ETA: 0:35:23
Epoch 8 [50/139] Loss: 0.6931 | Batch Time: 22.41s | ETA: 0:31:56
Epoch 8 [60/139] Loss: 0.6931 | Batch Time: 22.47s | ETA: 0:28:25
Epoch 8 [70/139] Loss: 0.6931 | Batch Time: 20.49s | ETA: 0:24:57
Epoch 8 [80/139] Loss: 0.6931 | Batch Time: 23.49s | ETA: 0:21:33
Epoch 8 [90/139] Loss: 0.6931 | Batch Time: 21.61s | ETA: 0:17:52
Epoch 8 [100/139] Loss: 0.6931 | Batch Time: 20.30s | ETA: 0:14:06
Epoch 8 [110/139] Loss: 0.6931 | Batch Time: 22.31s | ETA: 0:10:25
Epoch 8 [120/139] Loss: 0.6931 | Batch Time: 22.59s | ETA: 0:06:50
Epoch 8 [130/139] Loss: 0.6931 | Batch Time: 20.75s | ETA: 0:03:13

Epoch 8 Train Metrics:
  µAP: 0.4889
  R@P90: 0.0000
  Accuracy: 0.5111
  Avg Loss: 0.6931
Epoch 8 completed in 50.36 minutes

============================================================
Progress: 9/18 epochs (50.0%)
Elapsed: 7:25:54
ETA: 7:25:54
Total estimated time: 14:51:48
============================================================

Epoch 9 [0/139] Loss: 0.6931 | Batch Time: 22.95s | ETA: 0:53:10
Epoch 9 [10/139] Loss: 0.6931 | Batch Time: 19.89s | ETA: 0:46:11
Epoch 9 [20/139] Loss: 0.6931 | Batch Time: 19.51s | ETA: 0:41:59
Epoch 9 [30/139] Loss: 0.6931 | Batch Time: 21.77s | ETA: 0:38:27
Epoch 9 [40/139] Loss: 0.6931 | Batch Time: 21.50s | ETA: 0:34:54
Epoch 9 [50/139] Loss: 0.6931 | Batch Time: 20.07s | ETA: 0:31:23
Epoch 9 [60/139] Loss: 0.6931 | Batch Time: 22.44s | ETA: 0:27:52
Epoch 9 [70/139] Loss: 0.6931 | Batch Time: 21.57s | ETA: 0:24:32
Epoch 9 [80/139] Loss: 0.6931 | Batch Time: 20.83s | ETA: 0:20:56
Epoch 9 [90/139] Loss: 0.6931 | Batch Time: 20.41s | ETA: 0:17:24
Epoch 9 [100/139] Loss: 0.6931 | Batch Time: 21.24s | ETA: 0:13:52
Epoch 9 [110/139] Loss: 0.6931 | Batch Time: 22.69s | ETA: 0:10:20
Epoch 9 [120/139] Loss: 0.6931 | Batch Time: 21.70s | ETA: 0:06:45
Epoch 9 [130/139] Loss: 0.6931 | Batch Time: 20.78s | ETA: 0:03:12

Epoch 9 Train Metrics:
  µAP: 0.4973
  R@P90: 0.0000
  Accuracy: 0.5027
  Avg Loss: 0.6931
Epoch 9 completed in 49.46 minutes

============================================================
Progress: 10/18 epochs (55.6%)
Elapsed: 8:15:22
ETA: 6:36:17
Total estimated time: 14:51:39
============================================================

Saved checkpoint: ./checkpoints_20251212_200347/checkpoint_epoch_10.pt
Epoch 10 [0/139] Loss: 0.6931 | Batch Time: 19.73s | ETA: 0:45:43
Epoch 10 [10/139] Loss: 0.6931 | Batch Time: 22.16s | ETA: 0:44:55
Epoch 10 [20/139] Loss: 0.6931 | Batch Time: 22.47s | ETA: 0:42:00
Epoch 10 [30/139] Loss: 0.6931 | Batch Time: 22.07s | ETA: 0:38:42
Epoch 10 [40/139] Loss: 0.6931 | Batch Time: 20.66s | ETA: 0:35:07
Epoch 10 [50/139] Loss: 0.6931 | Batch Time: 20.60s | ETA: 0:31:42
Epoch 10 [60/139] Loss: 0.6931 | Batch Time: 24.08s | ETA: 0:28:16
Epoch 10 [70/139] Loss: 0.6931 | Batch Time: 22.44s | ETA: 0:24:46
Epoch 10 [80/139] Loss: 0.6931 | Batch Time: 20.92s | ETA: 0:21:13
Epoch 10 [90/139] Loss: 0.6931 | Batch Time: 20.92s | ETA: 0:17:35
Epoch 10 [100/139] Loss: 0.6931 | Batch Time: 21.65s | ETA: 0:13:57
Epoch 10 [110/139] Loss: 0.6931 | Batch Time: 20.05s | ETA: 0:10:20
Epoch 10 [120/139] Loss: 0.6931 | Batch Time: 20.69s | ETA: 0:06:43
Epoch 10 [130/139] Loss: 0.6931 | Batch Time: 20.98s | ETA: 0:03:09

Epoch 10 Train Metrics:
  µAP: 0.5123
  R@P90: 0.0000
  Accuracy: 0.4877
  Avg Loss: 0.6931
Epoch 10 completed in 49.50 minutes

============================================================
Progress: 11/18 epochs (61.1%)
Elapsed: 9:04:54
ETA: 5:46:45
Total estimated time: 14:51:39
============================================================

Epoch 11 [0/139] Loss: 0.6931 | Batch Time: 22.36s | ETA: 0:51:47
Epoch 11 [10/139] Loss: 0.6931 | Batch Time: 20.59s | ETA: 0:45:44
Epoch 11 [20/139] Loss: 0.6931 | Batch Time: 21.09s | ETA: 0:42:29
Epoch 11 [30/139] Loss: 0.6931 | Batch Time: 20.42s | ETA: 0:38:47
Epoch 11 [40/139] Loss: 0.6931 | Batch Time: 19.56s | ETA: 0:35:06
Epoch 11 [50/139] Loss: 0.6931 | Batch Time: 20.87s | ETA: 0:31:36
Epoch 11 [60/139] Loss: 0.6931 | Batch Time: 22.46s | ETA: 0:28:14
Epoch 11 [70/139] Loss: 0.6931 | Batch Time: 21.21s | ETA: 0:24:31
Epoch 11 [80/139] Loss: 0.6931 | Batch Time: 20.76s | ETA: 0:20:55
Epoch 11 [90/139] Loss: 0.6931 | Batch Time: 22.48s | ETA: 0:17:29
Epoch 11 [100/139] Loss: 0.6931 | Batch Time: 21.29s | ETA: 0:13:51
Epoch 11 [110/139] Loss: 0.6931 | Batch Time: 20.82s | ETA: 0:10:13
Epoch 11 [120/139] Loss: 0.6931 | Batch Time: 21.62s | ETA: 0:06:42
Epoch 11 [130/139] Loss: 0.6931 | Batch Time: 21.28s | ETA: 0:03:10

Epoch 11 Train Metrics:
  µAP: 0.5117
  R@P90: 0.0000
  Accuracy: 0.4883
  Avg Loss: 0.6931
Epoch 11 completed in 49.38 minutes

============================================================
Progress: 12/18 epochs (66.7%)
Elapsed: 9:54:17
ETA: 4:57:08
Total estimated time: 14:51:25
============================================================

Epoch 12 [0/139] Loss: 0.6931 | Batch Time: 22.49s | ETA: 0:52:05
Epoch 12 [10/139] Loss: 0.6931 | Batch Time: 22.33s | ETA: 0:45:32
Epoch 12 [20/139] Loss: 0.6931 | Batch Time: 22.37s | ETA: 0:42:48
Epoch 12 [30/139] Loss: 0.6931 | Batch Time: 22.66s | ETA: 0:39:19
Epoch 12 [40/139] Loss: 0.6931 | Batch Time: 22.24s | ETA: 0:35:34
Epoch 12 [50/139] Loss: 0.6931 | Batch Time: 22.24s | ETA: 0:31:58
Epoch 12 [60/139] Loss: 0.6931 | Batch Time: 20.31s | ETA: 0:28:36
Epoch 12 [70/139] Loss: 0.6931 | Batch Time: 21.35s | ETA: 0:24:50
Epoch 12 [80/139] Loss: 0.6931 | Batch Time: 20.62s | ETA: 0:21:07
Epoch 12 [90/139] Loss: 0.6931 | Batch Time: 21.42s | ETA: 0:17:30
Epoch 12 [100/139] Loss: 0.6931 | Batch Time: 20.95s | ETA: 0:13:51
Epoch 12 [110/139] Loss: 0.6931 | Batch Time: 20.25s | ETA: 0:10:11
Epoch 12 [120/139] Loss: 0.6931 | Batch Time: 20.94s | ETA: 0:06:39
Epoch 12 [130/139] Loss: 0.6931 | Batch Time: 21.92s | ETA: 0:03:09

Epoch 12 Train Metrics:
  µAP: 0.4925
  R@P90: 0.0000
  Accuracy: 0.5075
  Avg Loss: 0.6931
Epoch 12 completed in 49.56 minutes

============================================================
Progress: 13/18 epochs (72.2%)
Elapsed: 10:43:51
ETA: 4:07:38
Total estimated time: 14:51:29
============================================================

Epoch 13 [0/139] Loss: 0.6931 | Batch Time: 24.21s | ETA: 0:56:04
Epoch 13 [10/139] Loss: 0.6931 | Batch Time: 20.74s | ETA: 0:45:38
Epoch 13 [20/139] Loss: 0.6931 | Batch Time: 21.18s | ETA: 0:42:23
Epoch 13 [30/139] Loss: 0.6931 | Batch Time: 21.67s | ETA: 0:38:51
Epoch 13 [40/139] Loss: 0.6931 | Batch Time: 20.88s | ETA: 0:35:20
Epoch 13 [50/139] Loss: 0.6931 | Batch Time: 20.72s | ETA: 0:31:33
