=========================================
SLURM Job ID: 121519
Job Name: ced_baseline_gpu4
Node: gpu4
Start Time: Sat Dec 13 07:00:02 EST 2025
Model: Baseline CED (no APT)
=========================================
Activating conda environment: gpu_training
GPUs available:
GPU 0: NVIDIA A30 (UUID: GPU-0d8cf53b-0ff7-53a3-9669-89ebc3143d63)
GPU 1: NVIDIA A30 (UUID: GPU-775d5a9a-f72c-2c95-9965-5a7604516d10)
=========================================
Training Configuration:
  Model: Baseline CED (no APT)
  Epochs (DISC21): 18
  Epochs (NDEC): 3
  Batch Size: 12
  Learning Rate: 2e-4
  Subset Fraction: 0.5
  Mixed Precision: true
  Save Directory: ./checkpoints_baseline_20251213_070008
  Number of GPUs: 2
  Num Workers (per rank): 46
=========================================
Starting baseline CED training (no APT)...
DDP initialized: 2 GPUs (NCCL backend)
Baseline CED (no APT) - TF32 enabled for Ampere GPUs
Training Baseline CEDetector (no APT) on 2 GPUs
Arguments: Namespace(disc21_path='/home/jowatson/Deep Learning/DISC21', ndec_path='/home/jowatson/Deep Learning/NDEC', hf_token_path='/home/jowatson/Deep Learning/Code/.env', epochs=18, ndec_epochs=3, batch_size=12, lr=0.0002, subset_fraction=0.5, num_workers=46, use_amp=True, dinov3_model='facebook/dinov3-vitb16-pretrain-lvd1689m', freeze_backbone=False, save_dir='./checkpoints_baseline_20251213_070008', save_every=5)
Logging metrics to: ./checkpoints_baseline_20251213_070008/training_metrics.jsonl

Loading DISC21 dataset...
Found 20 reference directories
Found 20 reference directories
Indexed 1000000 reference images
Indexed 1000000 reference images
Using 5000 samples (50.0% of dataset)
Using 5000 samples (50.0% of dataset)
Found 5000 valid query-reference pairsFound 5000 valid query-reference pairs


Creating Baseline CEDetector model (no APT)...
Loading DiNOv3 model: facebook/dinov3-vitb16-pretrain-lvd1689m
Loading DiNOv3 model: facebook/dinov3-vitb16-pretrain-lvd1689m
DiNOv3 loaded: embed_dim=768, layers=12
DiNOv3 loaded: embed_dim=768, layers=12
gpu4:3746548:3746548 [0] NCCL INFO NCCL_SOCKET_IFNAME set by environment to ^docker0,lo
gpu4:3746548:3746548 [0] NCCL INFO Bootstrap : Using eth0:10.0.0.104<0>
gpu4:3746548:3746548 [0] NCCL INFO NET/Plugin: No plugin found (libnccl-net.so)
gpu4:3746548:3746548 [0] NCCL INFO NET/Plugin: Plugin load returned 2 : libnccl-net.so: cannot open shared object file: No such file or directory : when loading libnccl-net.so
gpu4:3746548:3746548 [0] NCCL INFO NET/Plugin: Using internal network plugin.
gpu4:3746548:3746548 [0] NCCL INFO cudaDriverVersion 12040
NCCL version 2.21.5+cuda11.0
gpu4:3746550:3746550 [1] NCCL INFO cudaDriverVersion 12040
gpu4:3746550:3746550 [1] NCCL INFO NCCL_SOCKET_IFNAME set by environment to ^docker0,lo
gpu4:3746550:3746550 [1] NCCL INFO Bootstrap : Using eth0:10.0.0.104<0>
gpu4:3746550:3746550 [1] NCCL INFO NET/Plugin: No plugin found (libnccl-net.so)
gpu4:3746550:3746550 [1] NCCL INFO NET/Plugin: Plugin load returned 2 : libnccl-net.so: cannot open shared object file: No such file or directory : when loading libnccl-net.so
gpu4:3746550:3746550 [1] NCCL INFO NET/Plugin: Using internal network plugin.
gpu4:3746550:3746550 [1] NCCL INFO Comm config Blocking set to 1
gpu4:3746550:3754764 [1] NCCL INFO NCCL_IB_DISABLE set by environment to 0.
gpu4:3746548:3746548 [0] NCCL INFO Comm config Blocking set to 1
gpu4:3746548:3754766 [0] NCCL INFO NCCL_IB_DISABLE set by environment to 0.
gpu4:3746550:3754764 [1] NCCL INFO NCCL_SOCKET_IFNAME set by environment to ^docker0,lo
gpu4:3746550:3754764 [1] NCCL INFO NET/IB : Using [0]mlx5_0:1/IB [RO]; OOB eth0:10.0.0.104<0>
gpu4:3746550:3754764 [1] NCCL INFO Using non-device net plugin version 0
gpu4:3746550:3754764 [1] NCCL INFO Using network IB
gpu4:3746548:3754766 [0] NCCL INFO NCCL_SOCKET_IFNAME set by environment to ^docker0,lo
gpu4:3746548:3754766 [0] NCCL INFO NET/IB : Using [0]mlx5_0:1/IB [RO]; OOB eth0:10.0.0.104<0>
gpu4:3746548:3754766 [0] NCCL INFO Using non-device net plugin version 0
gpu4:3746548:3754766 [0] NCCL INFO Using network IB
gpu4:3746550:3754764 [1] NCCL INFO ncclCommInitRank comm 0xc3774e0 rank 1 nranks 2 cudaDev 1 nvmlDev 1 busId 4b000 commId 0xde57280256833dd4 - Init START
gpu4:3746548:3754766 [0] NCCL INFO ncclCommInitRank comm 0x16635a60 rank 0 nranks 2 cudaDev 0 nvmlDev 0 busId 31000 commId 0xde57280256833dd4 - Init START
gpu4:3746550:3754764 [1] NCCL INFO Setting affinity for GPU 1 to ffff,0000ffff
gpu4:3746548:3754766 [0] NCCL INFO Setting affinity for GPU 0 to ffff,0000ffff
gpu4:3746550:3754764 [1] NCCL INFO comm 0xc3774e0 rank 1 nRanks 2 nNodes 1 localRanks 2 localRank 1 MNNVL 0
gpu4:3746548:3754766 [0] NCCL INFO comm 0x16635a60 rank 0 nRanks 2 nNodes 1 localRanks 2 localRank 0 MNNVL 0
gpu4:3746550:3754764 [1] NCCL INFO Trees [0] -1/-1/-1->1->0 [1] -1/-1/-1->1->0 [2] 0/-1/-1->1->-1 [3] 0/-1/-1->1->-1 [4] -1/-1/-1->1->0 [5] -1/-1/-1->1->0 [6] 0/-1/-1->1->-1 [7] 0/-1/-1->1->-1
gpu4:3746550:3754764 [1] NCCL INFO P2P Chunksize set to 524288
gpu4:3746548:3754766 [0] NCCL INFO Channel 00/08 :    0   1
gpu4:3746548:3754766 [0] NCCL INFO Channel 01/08 :    0   1
gpu4:3746548:3754766 [0] NCCL INFO Channel 02/08 :    0   1
gpu4:3746548:3754766 [0] NCCL INFO Channel 03/08 :    0   1
gpu4:3746548:3754766 [0] NCCL INFO Channel 04/08 :    0   1
gpu4:3746548:3754766 [0] NCCL INFO Channel 05/08 :    0   1
gpu4:3746548:3754766 [0] NCCL INFO Channel 06/08 :    0   1
gpu4:3746548:3754766 [0] NCCL INFO Channel 07/08 :    0   1
gpu4:3746548:3754766 [0] NCCL INFO Trees [0] 1/-1/-1->0->-1 [1] 1/-1/-1->0->-1 [2] -1/-1/-1->0->1 [3] -1/-1/-1->0->1 [4] 1/-1/-1->0->-1 [5] 1/-1/-1->0->-1 [6] -1/-1/-1->0->1 [7] -1/-1/-1->0->1
gpu4:3746548:3754766 [0] NCCL INFO P2P Chunksize set to 524288
gpu4:3746548:3754766 [0] NCCL INFO Channel 00/0 : 0[0] -> 1[1] via P2P/IPC/read
gpu4:3746550:3754764 [1] NCCL INFO Channel 00/0 : 1[1] -> 0[0] via P2P/IPC/read
gpu4:3746550:3754764 [1] NCCL INFO Channel 01/0 : 1[1] -> 0[0] via P2P/IPC/read
gpu4:3746548:3754766 [0] NCCL INFO Channel 01/0 : 0[0] -> 1[1] via P2P/IPC/read
gpu4:3746550:3754764 [1] NCCL INFO Channel 02/0 : 1[1] -> 0[0] via P2P/IPC/read
gpu4:3746548:3754766 [0] NCCL INFO Channel 02/0 : 0[0] -> 1[1] via P2P/IPC/read
gpu4:3746550:3754764 [1] NCCL INFO Channel 03/0 : 1[1] -> 0[0] via P2P/IPC/read
gpu4:3746548:3754766 [0] NCCL INFO Channel 03/0 : 0[0] -> 1[1] via P2P/IPC/read
gpu4:3746550:3754764 [1] NCCL INFO Channel 04/0 : 1[1] -> 0[0] via P2P/IPC/read
gpu4:3746548:3754766 [0] NCCL INFO Channel 04/0 : 0[0] -> 1[1] via P2P/IPC/read
gpu4:3746550:3754764 [1] NCCL INFO Channel 05/0 : 1[1] -> 0[0] via P2P/IPC/read
gpu4:3746548:3754766 [0] NCCL INFO Channel 05/0 : 0[0] -> 1[1] via P2P/IPC/read
gpu4:3746550:3754764 [1] NCCL INFO Channel 06/0 : 1[1] -> 0[0] via P2P/IPC/read
gpu4:3746548:3754766 [0] NCCL INFO Channel 06/0 : 0[0] -> 1[1] via P2P/IPC/read
gpu4:3746550:3754764 [1] NCCL INFO Channel 07/0 : 1[1] -> 0[0] via P2P/IPC/read
gpu4:3746548:3754766 [0] NCCL INFO Channel 07/0 : 0[0] -> 1[1] via P2P/IPC/read
gpu4:3746550:3754764 [1] NCCL INFO Connected all rings
gpu4:3746550:3754764 [1] NCCL INFO Connected all trees
gpu4:3746548:3754766 [0] NCCL INFO Connected all rings
gpu4:3746550:3754764 [1] NCCL INFO threadThresholds 8/8/64 | 16/8/64 | 512 | 512
gpu4:3746550:3754764 [1] NCCL INFO 8 coll channels, 8 collnet channels, 0 nvls channels, 8 p2p channels, 8 p2p channels per peer
gpu4:3746548:3754766 [0] NCCL INFO Connected all trees
gpu4:3746548:3754766 [0] NCCL INFO threadThresholds 8/8/64 | 16/8/64 | 512 | 512
gpu4:3746548:3754766 [0] NCCL INFO 8 coll channels, 8 collnet channels, 0 nvls channels, 8 p2p channels, 8 p2p channels per peer
gpu4:3746550:3754764 [1] NCCL INFO TUNER/Plugin: Plugin load returned 11 : libnccl-net.so: cannot open shared object file: No such file or directory : when loading libnccl-tuner.so
gpu4:3746548:3754766 [0] NCCL INFO TUNER/Plugin: Plugin load returned 11 : libnccl-net.so: cannot open shared object file: No such file or directory : when loading libnccl-tuner.so
gpu4:3746550:3754764 [1] NCCL INFO TUNER/Plugin: Using internal tuner plugin.
gpu4:3746548:3754766 [0] NCCL INFO TUNER/Plugin: Using internal tuner plugin.
gpu4:3746550:3754764 [1] NCCL INFO ncclCommInitRank comm 0xc3774e0 rank 1 nranks 2 cudaDev 1 nvmlDev 1 busId 4b000 commId 0xde57280256833dd4 - Init COMPLETE
gpu4:3746548:3754766 [0] NCCL INFO ncclCommInitRank comm 0x16635a60 rank 0 nranks 2 cudaDev 0 nvmlDev 0 busId 31000 commId 0xde57280256833dd4 - Init COMPLETE
Mixed precision training: Enabled

Training on DISC21 for 18 epochs...
gpu4:3746550:3754804 [1] NCCL INFO [Service thread] Connection closed by localRank 1
gpu4:3746548:3754805 [0] NCCL INFO [Service thread] Connection closed by localRank 0
gpu4:3746550:3761329 [1] NCCL INFO comm 0xc3774e0 rank 1 nranks 2 cudaDev 1 busId 4b000 - Abort COMPLETE
gpu4:3746548:3761330 [0] NCCL INFO comm 0x16635a60 rank 0 nranks 2 cudaDev 0 busId 31000 - Abort COMPLETE
