[rank1]: Traceback (most recent call last):
[rank1]:   File "/home/jowatson/Deep Learning/CEDetector_APT/train_baseline.py", line 375, in <module>
[rank1]:     main()
[rank1]:   File "/home/jowatson/Deep Learning/CEDetector_APT/train_baseline.py", line 285, in main
[rank1]:     train_metrics = train_epoch(
[rank1]:                     ^^^^^^^^^^^^
[rank1]:   File "/home/jowatson/Deep Learning/CEDetector_APT/train_baseline.py", line 105, in train_epoch
[rank1]:     loss_dict = criterion(
[rank1]:                 ^^^^^^^^^^
[rank1]:   File "/home/jowatson/.conda/envs/gpu_training/lib/python3.12/site-packages/torch/nn/modules/module.py", line 1739, in _wrapped_call_impl
[rank1]:     return self._call_impl(*args, **kwargs)
[rank1]:            ^^^^^^^^^^^^^^^^^^^^^^^^^^^^^^^^
[rank1]:   File "/home/jowatson/.conda/envs/gpu_training/lib/python3.12/site-packages/torch/nn/modules/module.py", line 1750, in _call_impl
[rank1]:     return forward_call(*args, **kwargs)
[rank1]:            ^^^^^^^^^^^^^^^^^^^^^^^^^^^^^
[rank1]:   File "/home/jowatson/Deep Learning/CEDetector_APT/utils/losses.py", line 210, in forward
[rank1]:     simclr_loss = self.simclr_loss(cls_tokens_i, cls_tokens_j)
[rank1]:                   ^^^^^^^^^^^^^^^^^^^^^^^^^^^^^^^^^^^^^^^^^^^^
[rank1]:   File "/home/jowatson/.conda/envs/gpu_training/lib/python3.12/site-packages/torch/nn/modules/module.py", line 1739, in _wrapped_call_impl
[rank1]:     return self._call_impl(*args, **kwargs)
[rank1]:            ^^^^^^^^^^^^^^^^^^^^^^^^^^^^^^^^
[rank1]:   File "/home/jowatson/.conda/envs/gpu_training/lib/python3.12/site-packages/torch/nn/modules/module.py", line 1750, in _call_impl
[rank1]:     return forward_call(*args, **kwargs)
[rank1]:            ^^^^^^^^^^^^^^^^^^^^^^^^^^^^^
[rank1]:   File "/home/jowatson/Deep Learning/CEDetector_APT/utils/losses.py", line 48, in forward
[rank1]:     sim_matrix = sim_matrix.masked_fill(mask, -9e15)
[rank1]:                  ^^^^^^^^^^^^^^^^^^^^^^^^^^^^^^^^^^^
[rank1]: RuntimeError: value cannot be converted to type at::Half without overflow
[rank0]: Traceback (most recent call last):
[rank0]:   File "/home/jowatson/Deep Learning/CEDetector_APT/train_baseline.py", line 375, in <module>
[rank0]:     main()
[rank0]:   File "/home/jowatson/Deep Learning/CEDetector_APT/train_baseline.py", line 285, in main
[rank0]:     train_metrics = train_epoch(
[rank0]:                     ^^^^^^^^^^^^
[rank0]:   File "/home/jowatson/Deep Learning/CEDetector_APT/train_baseline.py", line 105, in train_epoch
[rank0]:     loss_dict = criterion(
[rank0]:                 ^^^^^^^^^^
[rank0]:   File "/home/jowatson/.conda/envs/gpu_training/lib/python3.12/site-packages/torch/nn/modules/module.py", line 1739, in _wrapped_call_impl
[rank0]:     return self._call_impl(*args, **kwargs)
[rank0]:            ^^^^^^^^^^^^^^^^^^^^^^^^^^^^^^^^
[rank0]:   File "/home/jowatson/.conda/envs/gpu_training/lib/python3.12/site-packages/torch/nn/modules/module.py", line 1750, in _call_impl
[rank0]:     return forward_call(*args, **kwargs)
[rank0]:            ^^^^^^^^^^^^^^^^^^^^^^^^^^^^^
[rank0]:   File "/home/jowatson/Deep Learning/CEDetector_APT/utils/losses.py", line 210, in forward
[rank0]:     simclr_loss = self.simclr_loss(cls_tokens_i, cls_tokens_j)
[rank0]:                   ^^^^^^^^^^^^^^^^^^^^^^^^^^^^^^^^^^^^^^^^^^^^
[rank0]:   File "/home/jowatson/.conda/envs/gpu_training/lib/python3.12/site-packages/torch/nn/modules/module.py", line 1739, in _wrapped_call_impl
[rank0]:     return self._call_impl(*args, **kwargs)
[rank0]:            ^^^^^^^^^^^^^^^^^^^^^^^^^^^^^^^^
[rank0]:   File "/home/jowatson/.conda/envs/gpu_training/lib/python3.12/site-packages/torch/nn/modules/module.py", line 1750, in _call_impl
[rank0]:     return forward_call(*args, **kwargs)
[rank0]:            ^^^^^^^^^^^^^^^^^^^^^^^^^^^^^
[rank0]:   File "/home/jowatson/Deep Learning/CEDetector_APT/utils/losses.py", line 48, in forward
[rank0]:     sim_matrix = sim_matrix.masked_fill(mask, -9e15)
[rank0]:                  ^^^^^^^^^^^^^^^^^^^^^^^^^^^^^^^^^^^
[rank0]: RuntimeError: value cannot be converted to type at::Half without overflow
[rank0]:[W1213 07:09:04.716559628 ProcessGroupNCCL.cpp:1496] Warning: WARNING: destroy_process_group() was not called before program exit, which can leak resources. For more info, please see https://pytorch.org/docs/stable/distributed.html#shutdown (function operator())
W1213 07:09:23.450000 3744656 site-packages/torch/distributed/elastic/multiprocessing/api.py:897] Sending process 3746550 closing signal SIGTERM
E1213 07:09:24.678000 3744656 site-packages/torch/distributed/elastic/multiprocessing/api.py:869] failed (exitcode: 1) local_rank: 0 (pid: 3746548) of binary: /home/jowatson/.conda/envs/gpu_training/bin/python
Traceback (most recent call last):
  File "/home/jowatson/.conda/envs/gpu_training/bin/torchrun", line 8, in <module>
    sys.exit(main())
             ^^^^^^
  File "/home/jowatson/.conda/envs/gpu_training/lib/python3.12/site-packages/torch/distributed/elastic/multiprocessing/errors/__init__.py", line 355, in wrapper
    return f(*args, **kwargs)
           ^^^^^^^^^^^^^^^^^^
  File "/home/jowatson/.conda/envs/gpu_training/lib/python3.12/site-packages/torch/distributed/run.py", line 918, in main
    run(args)
  File "/home/jowatson/.conda/envs/gpu_training/lib/python3.12/site-packages/torch/distributed/run.py", line 909, in run
    elastic_launch(
  File "/home/jowatson/.conda/envs/gpu_training/lib/python3.12/site-packages/torch/distributed/launcher/api.py", line 138, in __call__
    return launch_agent(self._config, self._entrypoint, list(args))
           ^^^^^^^^^^^^^^^^^^^^^^^^^^^^^^^^^^^^^^^^^^^^^^^^^^^^^^^^
  File "/home/jowatson/.conda/envs/gpu_training/lib/python3.12/site-packages/torch/distributed/launcher/api.py", line 269, in launch_agent
    raise ChildFailedError(
torch.distributed.elastic.multiprocessing.errors.ChildFailedError: 
============================================================
train_baseline.py FAILED
------------------------------------------------------------
Failures:
  <NO_OTHER_FAILURES>
------------------------------------------------------------
Root Cause (first observed failure):
[0]:
  time      : 2025-12-13_07:09:23
  host      : gpu4.cl.clarku.edu
  rank      : 0 (local_rank: 0)
  exitcode  : 1 (pid: 3746548)
  error_file: <N/A>
  traceback : To enable traceback see: https://pytorch.org/docs/stable/elastic/errors.html
============================================================
