Starting job at Mon Nov 24 13:37:17 EST 2025
Running on node: gpu4
CUDA_VISIBLE_DEVICES: 0,1
Starting job at Mon Nov 24 13:39:21 EST 2025
Running on node: gpu4
CUDA_VISIBLE_DEVICES: 0,1
Starting job at Mon Nov 24 13:41:37 EST 2025
Running on node: gpu4
CUDA_VISIBLE_DEVICES: 0,1
Starting job at Mon Nov 24 13:43:15 EST 2025
Running on node: gpu4
CUDA_VISIBLE_DEVICES: 0,1
Starting job at Mon Nov 24 14:03:25 EST 2025
Running on node: gpu4
CUDA_VISIBLE_DEVICES: 0,1
Starting job at Mon Nov 24 14:17:54 EST 2025
Running on node: gpu4
CUDA_VISIBLE_DEVICES: 0,1
Starting job at Mon Nov 24 14:24:19 EST 2025
Running on node: gpu4
CUDA_VISIBLE_DEVICES: 0,1
Starting job at Mon Nov 24 14:28:07 EST 2025
Running on node: gpu4
CUDA_VISIBLE_DEVICES: 0,1
Job finished at Mon Nov 24 14:31:27 EST 2025
Starting job at Mon Nov 24 14:41:14 EST 2025
Running on node: gpu4
CUDA_VISIBLE_DEVICES: 0,1
Starting job at Mon Nov 24 14:53:34 EST 2025
Running on node: gpu4
CUDA_VISIBLE_DEVICES: 0,1
Starting job at Mon Nov 24 15:01:53 EST 2025
Running on node: gpu4
CUDA_VISIBLE_DEVICES: 0,1
Starting job at Mon Nov 24 15:55:22 EST 2025
Running on node: gpu3
CUDA_VISIBLE_DEVICES: 0,1,2
Starting job at Mon Nov 24 15:56:51 EST 2025
Running on node: gpu3
CUDA_VISIBLE_DEVICES: 0,1,2
Starting job at Tue Nov 25 20:14:34 EST 2025
Running on node: gpu3
CUDA_VISIBLE_DEVICES: 0,1,2
Starting job at Tue Nov 25 20:52:00 EST 2025
Running on node: gpu3
CUDA_VISIBLE_DEVICES: 0,1,2
