=========================================
SLURM Job ID: 121534
Job Name: dinov3_ced_apt_gpu3
Node: gpu3
Start Time: Sat Dec 13 18:06:33 EST 2025
=========================================
Activating conda environment: gpu_training
GPUs available:
GPU 0: NVIDIA A30 (UUID: GPU-29441b90-6420-fd35-c439-d03f77885dd3)
GPU 1: NVIDIA A30 (UUID: GPU-153472c2-3399-ec40-a684-2443147fee35)
GPU 2: NVIDIA A30 (UUID: GPU-5ad644da-695f-1a04-39a7-004e8d27c563)
=========================================
Training Configuration:
  Epochs (DISC21): 13
  Epochs (NDEC): 2
  Batch Size: 12
  Learning Rate: 2e-4
  Subset Fraction: 0.5
  Mixed Precision: false
  Save Directory: ./checkpoints_20251213_180634
  Number of GPUs: 3
  Num Workers (per rank): 46
=========================================
Starting training...
Found 20 reference directories
Found 20 reference directories
DDP initialized: 3 GPUs (NCCL backend)
TF32 enabled for Ampere GPUs (A30)
Training CEDetector with APT on 3 GPUs
Arguments: Namespace(disc21_path='/home/jowatson/Deep Learning/DISC21', ndec_path='/home/jowatson/Deep Learning/NDEC', hf_token_path='/home/jowatson/Deep Learning/Code/.env', epochs=13, ndec_epochs=2, batch_size=12, lr=0.0002, subset_fraction=0.5, num_workers=46, use_amp=False, dinov3_model='facebook/dinov3-vitb16-pretrain-lvd1689m', freeze_backbone=False, save_dir='./checkpoints_20251213_180634', save_every=5)
Logging metrics to: ./checkpoints_20251213_180634/training_metrics.jsonl

Loading DISC21 dataset...
Found 20 reference directories
Indexed 1000000 reference images
Indexed 1000000 reference images
Using 5000 samples (50.0% of dataset)
Using 5000 samples (50.0% of dataset)
Indexed 1000000 reference images
Using 5000 samples (50.0% of dataset)
Found 5000 valid query-reference pairsFound 5000 valid query-reference pairsFound 5000 valid query-reference pairs



Creating model...
Loading DiNOv3 model: facebook/dinov3-vitb16-pretrain-lvd1689m
Loading DiNOv3 model: facebook/dinov3-vitb16-pretrain-lvd1689m
Loading DiNOv3 model: facebook/dinov3-vitb16-pretrain-lvd1689m
DiNOv3 loaded: embed_dim=768, layers=12DiNOv3 loaded: embed_dim=768, layers=12

DiNOv3 loaded: embed_dim=768, layers=12
DISABLED: whitening and GEM pooling for debugging
gpu3:3464211:3464211 [0] NCCL INFO NCCL_SOCKET_IFNAME set by environment to ^docker0,lo
gpu3:3464211:3464211 [0] NCCL INFO Bootstrap : Using eth0:10.0.0.103<0>
gpu3:3464211:3464211 [0] NCCL INFO NET/Plugin: No plugin found (libnccl-net.so)
gpu3:3464211:3464211 [0] NCCL INFO NET/Plugin: Plugin load returned 2 : libnccl-net.so: cannot open shared object file: No such file or directory : when loading libnccl-net.so
gpu3:3464211:3464211 [0] NCCL INFO NET/Plugin: Using internal network plugin.
gpu3:3464211:3464211 [0] NCCL INFO cudaDriverVersion 12040
NCCL version 2.21.5+cuda11.0
gpu3:3464213:3464213 [2] NCCL INFO cudaDriverVersion 12040
gpu3:3464212:3464212 [1] NCCL INFO cudaDriverVersion 12040
gpu3:3464213:3464213 [2] NCCL INFO NCCL_SOCKET_IFNAME set by environment to ^docker0,lo
gpu3:3464213:3464213 [2] NCCL INFO Bootstrap : Using eth0:10.0.0.103<0>
gpu3:3464212:3464212 [1] NCCL INFO NCCL_SOCKET_IFNAME set by environment to ^docker0,lo
gpu3:3464212:3464212 [1] NCCL INFO Bootstrap : Using eth0:10.0.0.103<0>
gpu3:3464213:3464213 [2] NCCL INFO NET/Plugin: No plugin found (libnccl-net.so)
gpu3:3464213:3464213 [2] NCCL INFO NET/Plugin: Plugin load returned 2 : libnccl-net.so: cannot open shared object file: No such file or directory : when loading libnccl-net.so
gpu3:3464213:3464213 [2] NCCL INFO NET/Plugin: Using internal network plugin.
gpu3:3464212:3464212 [1] NCCL INFO NET/Plugin: No plugin found (libnccl-net.so)
gpu3:3464212:3464212 [1] NCCL INFO NET/Plugin: Plugin load returned 2 : libnccl-net.so: cannot open shared object file: No such file or directory : when loading libnccl-net.so
gpu3:3464212:3464212 [1] NCCL INFO NET/Plugin: Using internal network plugin.
gpu3:3464211:3464211 [0] NCCL INFO Comm config Blocking set to 1
gpu3:3464211:3465115 [0] NCCL INFO NCCL_IB_DISABLE set by environment to 0.
gpu3:3464211:3465115 [0] NCCL INFO NCCL_SOCKET_IFNAME set by environment to ^docker0,lo
gpu3:3464212:3464212 [1] NCCL INFO Comm config Blocking set to 1
gpu3:3464212:3465116 [1] NCCL INFO NCCL_IB_DISABLE set by environment to 0.
gpu3:3464212:3465116 [1] NCCL INFO NCCL_SOCKET_IFNAME set by environment to ^docker0,lo
gpu3:3464212:3465116 [1] NCCL INFO NET/IB : Using [0]mlx5_0:1/IB [RO]; OOB eth0:10.0.0.103<0>
gpu3:3464212:3465116 [1] NCCL INFO Using non-device net plugin version 0
gpu3:3464212:3465116 [1] NCCL INFO Using network IB
gpu3:3464211:3465115 [0] NCCL INFO NET/IB : Using [0]mlx5_0:1/IB [RO]; OOB eth0:10.0.0.103<0>
gpu3:3464211:3465115 [0] NCCL INFO Using non-device net plugin version 0
gpu3:3464211:3465115 [0] NCCL INFO Using network IB
gpu3:3464213:3464213 [2] NCCL INFO Comm config Blocking set to 1
gpu3:3464213:3465122 [2] NCCL INFO NCCL_IB_DISABLE set by environment to 0.
gpu3:3464213:3465122 [2] NCCL INFO NCCL_SOCKET_IFNAME set by environment to ^docker0,lo
gpu3:3464213:3465122 [2] NCCL INFO NET/IB : Using [0]mlx5_0:1/IB [RO]; OOB eth0:10.0.0.103<0>
gpu3:3464213:3465122 [2] NCCL INFO Using non-device net plugin version 0
gpu3:3464213:3465122 [2] NCCL INFO Using network IB
gpu3:3464212:3465116 [1] NCCL INFO ncclCommInitRank comm 0xf8be170 rank 1 nranks 3 cudaDev 1 nvmlDev 1 busId 4b000 commId 0x542369c5ec68b3eb - Init START
gpu3:3464211:3465115 [0] NCCL INFO ncclCommInitRank comm 0xf848b00 rank 0 nranks 3 cudaDev 0 nvmlDev 0 busId 31000 commId 0x542369c5ec68b3eb - Init START
gpu3:3464213:3465122 [2] NCCL INFO ncclCommInitRank comm 0xf8fc5e0 rank 2 nranks 3 cudaDev 2 nvmlDev 2 busId ca000 commId 0x542369c5ec68b3eb - Init START
gpu3:3464213:3465122 [2] NCCL INFO Setting affinity for GPU 2 to ffff0000,ffff0000
gpu3:3464211:3465115 [0] NCCL INFO Setting affinity for GPU 0 to ffff,0000ffff
gpu3:3464212:3465116 [1] NCCL INFO Setting affinity for GPU 1 to ffff,0000ffff
gpu3:3464212:3465116 [1] NCCL INFO comm 0xf8be170 rank 1 nRanks 3 nNodes 1 localRanks 3 localRank 1 MNNVL 0
gpu3:3464211:3465115 [0] NCCL INFO comm 0xf848b00 rank 0 nRanks 3 nNodes 1 localRanks 3 localRank 0 MNNVL 0
gpu3:3464213:3465122 [2] NCCL INFO comm 0xf8fc5e0 rank 2 nRanks 3 nNodes 1 localRanks 3 localRank 2 MNNVL 0
gpu3:3464212:3465116 [1] NCCL INFO Trees [0] 2/-1/-1->1->0 [1] 2/-1/-1->1->0
gpu3:3464212:3465116 [1] NCCL INFO P2P Chunksize set to 524288
gpu3:3464211:3465115 [0] NCCL INFO Channel 00/02 :    0   1   2
gpu3:3464211:3465115 [0] NCCL INFO Channel 01/02 :    0   1   2
gpu3:3464211:3465115 [0] NCCL INFO Trees [0] 1/-1/-1->0->-1 [1] 1/-1/-1->0->-1
gpu3:3464213:3465122 [2] NCCL INFO Trees [0] -1/-1/-1->2->1 [1] -1/-1/-1->2->1
gpu3:3464211:3465115 [0] NCCL INFO P2P Chunksize set to 524288
gpu3:3464213:3465122 [2] NCCL INFO P2P Chunksize set to 524288
gpu3:3464212:3465116 [1] NCCL INFO Channel 00 : 1[1] -> 2[2] via SHM/direct/direct
gpu3:3464212:3465116 [1] NCCL INFO Channel 01 : 1[1] -> 2[2] via SHM/direct/direct
gpu3:3464211:3465115 [0] NCCL INFO Channel 00/0 : 0[0] -> 1[1] via P2P/IPC/read
gpu3:3464213:3465122 [2] NCCL INFO Channel 00 : 2[2] -> 0[0] via SHM/direct/direct
gpu3:3464211:3465115 [0] NCCL INFO Channel 01/0 : 0[0] -> 1[1] via P2P/IPC/read
gpu3:3464213:3465122 [2] NCCL INFO Channel 01 : 2[2] -> 0[0] via SHM/direct/direct
gpu3:3464213:3465122 [2] NCCL INFO Connected all rings
gpu3:3464211:3465115 [0] NCCL INFO Connected all rings
gpu3:3464212:3465116 [1] NCCL INFO Connected all rings
gpu3:3464213:3465122 [2] NCCL INFO Channel 00 : 2[2] -> 1[1] via SHM/direct/direct
gpu3:3464213:3465122 [2] NCCL INFO Channel 01 : 2[2] -> 1[1] via SHM/direct/direct
gpu3:3464212:3465116 [1] NCCL INFO Channel 00/0 : 1[1] -> 0[0] via P2P/IPC/read
gpu3:3464212:3465116 [1] NCCL INFO Channel 01/0 : 1[1] -> 0[0] via P2P/IPC/read
gpu3:3464211:3465115 [0] NCCL INFO Connected all trees
gpu3:3464211:3465115 [0] NCCL INFO threadThresholds 8/8/64 | 24/8/64 | 512 | 512
gpu3:3464211:3465115 [0] NCCL INFO 2 coll channels, 2 collnet channels, 0 nvls channels, 2 p2p channels, 2 p2p channels per peer
gpu3:3464213:3465122 [2] NCCL INFO Connected all trees
gpu3:3464213:3465122 [2] NCCL INFO threadThresholds 8/8/64 | 24/8/64 | 512 | 512
gpu3:3464213:3465122 [2] NCCL INFO 2 coll channels, 2 collnet channels, 0 nvls channels, 2 p2p channels, 2 p2p channels per peer
gpu3:3464212:3465116 [1] NCCL INFO Connected all trees
gpu3:3464212:3465116 [1] NCCL INFO threadThresholds 8/8/64 | 24/8/64 | 512 | 512
gpu3:3464212:3465116 [1] NCCL INFO 2 coll channels, 2 collnet channels, 0 nvls channels, 2 p2p channels, 2 p2p channels per peer
gpu3:3464211:3465115 [0] NCCL INFO TUNER/Plugin: Plugin load returned 11 : libnccl-net.so: cannot open shared object file: No such file or directory : when loading libnccl-tuner.so
gpu3:3464211:3465115 [0] NCCL INFO TUNER/Plugin: Using internal tuner plugin.
gpu3:3464211:3465115 [0] NCCL INFO ncclCommInitRank comm 0xf848b00 rank 0 nranks 3 cudaDev 0 nvmlDev 0 busId 31000 commId 0x542369c5ec68b3eb - Init COMPLETE
gpu3:3464212:3465116 [1] NCCL INFO TUNER/Plugin: Plugin load returned 11 : libnccl-net.so: cannot open shared object file: No such file or directory : when loading libnccl-tuner.so
gpu3:3464212:3465116 [1] NCCL INFO TUNER/Plugin: Using internal tuner plugin.
gpu3:3464212:3465116 [1] NCCL INFO ncclCommInitRank comm 0xf8be170 rank 1 nranks 3 cudaDev 1 nvmlDev 1 busId 4b000 commId 0x542369c5ec68b3eb - Init COMPLETE
gpu3:3464213:3465122 [2] NCCL INFO TUNER/Plugin: Plugin load returned 11 : libnccl-net.so: cannot open shared object file: No such file or directory : when loading libnccl-tuner.so
gpu3:3464213:3465122 [2] NCCL INFO TUNER/Plugin: Using internal tuner plugin.
gpu3:3464213:3465122 [2] NCCL INFO ncclCommInitRank comm 0xf8fc5e0 rank 2 nranks 3 cudaDev 2 nvmlDev 2 busId ca000 commId 0x542369c5ec68b3eb - Init COMPLETE
Mixed precision training: Disabled

Training on DISC21 for 13 epochs...
Epoch 0 [0/139] Loss: 6.8624 | Logits: [-0.077, 0.561] | Preds: [0.481, 0.637] | Labels: 0.417 | Batch Time: 15.74s | ETA: 0:36:27
Epoch 0 [10/139] Loss: 6.5370 | Logits: [0.185, 0.936] | Preds: [0.546, 0.718] | Labels: 0.333 | Batch Time: 6.12s | ETA: 0:15:27
Epoch 0 [20/139] Loss: 6.7757 | Logits: [0.095, 0.580] | Preds: [0.524, 0.641] | Labels: 0.750 | Batch Time: 6.33s | ETA: 0:13:25
Epoch 0 [30/139] Loss: 4.7556 | Logits: [-0.060, 0.553] | Preds: [0.485, 0.635] | Labels: 0.667 | Batch Time: 7.18s | ETA: 0:12:28
Epoch 0 [40/139] Loss: 3.1880 | Logits: [-0.504, 0.298] | Preds: [0.377, 0.574] | Labels: 0.417 | Batch Time: 7.22s | ETA: 0:11:23
Epoch 0 [50/139] Loss: 2.9360 | Logits: [0.220, 0.717] | Preds: [0.555, 0.672] | Labels: 0.750 | Batch Time: 7.34s | ETA: 0:10:03
Epoch 0 [60/139] Loss: 1.8503 | Logits: [-1.521, -0.745] | Preds: [0.179, 0.322] | Labels: 0.333 | Batch Time: 6.65s | ETA: 0:09:05
Epoch 0 [70/139] Loss: 2.4914 | Logits: [-1.267, -0.302] | Preds: [0.220, 0.425] | Labels: 0.583 | Batch Time: 7.19s | ETA: 0:08:00
Epoch 0 [80/139] Loss: 2.1649 | Logits: [0.665, 1.448] | Preds: [0.660, 0.810] | Labels: 0.500 | Batch Time: 7.14s | ETA: 0:06:47
Epoch 0 [90/139] Loss: 1.0683 | Logits: [-0.711, -0.066] | Preds: [0.329, 0.484] | Labels: 0.250 | Batch Time: 4.83s | ETA: 0:05:31
Epoch 0 [100/139] Loss: 2.0832 | Logits: [-0.924, -0.379] | Preds: [0.284, 0.406] | Labels: 0.583 | Batch Time: 7.22s | ETA: 0:04:18
Epoch 0 [110/139] Loss: 1.3004 | Logits: [-0.402, 0.024] | Preds: [0.401, 0.506] | Labels: 0.333 | Batch Time: 7.20s | ETA: 0:03:11
Epoch 0 [120/139] Loss: 1.2537 | Logits: [-0.383, 0.840] | Preds: [0.406, 0.699] | Labels: 0.333 | Batch Time: 7.45s | ETA: 0:02:06
Epoch 0 [130/139] Loss: 1.9088 | Logits: [-1.445, -0.351] | Preds: [0.191, 0.413] | Labels: 0.583 | Batch Time: 5.59s | ETA: 0:00:58

Epoch 0 Train Metrics:
  µAP: 0.4726
  R@P90: 0.0000
  Accuracy: 0.5057
  Avg Loss: 3.0996
Epoch 0 completed in 15.77 minutes

============================================================
Progress: 1/13 epochs (7.7%)
Elapsed: 0:15:46
ETA: 3:09:18
Total estimated time: 3:25:04
============================================================

Epoch 1 [0/139] Loss: 1.5757 | Logits: [0.613, 1.127] | Preds: [0.649, 0.755] | Labels: 0.500 | Batch Time: 10.92s | ETA: 0:25:18
Epoch 1 [10/139] Loss: 0.5337 | Logits: [-0.464, -0.140] | Preds: [0.386, 0.465] | Labels: 0.250 | Batch Time: 8.39s | ETA: 0:16:22
Epoch 1 [20/139] Loss: 1.4389 | Logits: [-0.771, -0.132] | Preds: [0.316, 0.467] | Labels: 0.500 | Batch Time: 6.42s | ETA: 0:14:26
Epoch 1 [30/139] Loss: 1.1026 | Logits: [-0.360, 0.339] | Preds: [0.411, 0.584] | Labels: 0.417 | Batch Time: 6.55s | ETA: 0:12:59
Epoch 1 [40/139] Loss: 1.8812 | Logits: [-0.426, 0.168] | Preds: [0.395, 0.542] | Labels: 0.833 | Batch Time: 7.57s | ETA: 0:11:50
Epoch 1 [50/139] Loss: 1.6170 | Logits: [-0.735, 0.236] | Preds: [0.324, 0.559] | Labels: 0.583 | Batch Time: 7.12s | ETA: 0:10:27
Epoch 1 [60/139] Loss: 1.3038 | Logits: [-0.437, 0.315] | Preds: [0.393, 0.578] | Labels: 0.500 | Batch Time: 6.90s | ETA: 0:09:05
Epoch 1 [70/139] Loss: 0.8045 | Logits: [0.358, 1.132] | Preds: [0.589, 0.756] | Labels: 0.250 | Batch Time: 7.76s | ETA: 0:07:55
Epoch 1 [80/139] Loss: 0.7329 | Logits: [-0.667, -0.248] | Preds: [0.339, 0.438] | Labels: 0.333 | Batch Time: 7.56s | ETA: 0:06:39
Epoch 1 [90/139] Loss: -0.2112 | Logits: [-0.276, 0.133] | Preds: [0.431, 0.533] | Labels: 0.167 | Batch Time: 6.51s | ETA: 0:05:28
Epoch 1 [100/139] Loss: 1.3178 | Logits: [0.453, 1.050] | Preds: [0.611, 0.741] | Labels: 0.500 | Batch Time: 6.77s | ETA: 0:04:22
Epoch 1 [110/139] Loss: 1.4155 | Logits: [0.005, 0.801] | Preds: [0.501, 0.690] | Labels: 0.667 | Batch Time: 6.77s | ETA: 0:03:17
Epoch 1 [120/139] Loss: 0.6475 | Logits: [-0.063, 0.580] | Preds: [0.484, 0.641] | Labels: 0.333 | Batch Time: 6.03s | ETA: 0:02:08
Epoch 1 [130/139] Loss: 0.8933 | Logits: [-0.006, 0.412] | Preds: [0.499, 0.602] | Labels: 0.417 | Batch Time: 7.01s | ETA: 0:01:01

Epoch 1 Train Metrics:
  µAP: 0.4660
  R@P90: 0.0013
  Accuracy: 0.5117
  Avg Loss: 1.1642
Epoch 1 completed in 16.06 minutes

============================================================
Progress: 2/13 epochs (15.4%)
Elapsed: 0:31:50
ETA: 2:55:06
Total estimated time: 3:26:57
============================================================

Epoch 2 [0/139] Loss: 1.2800 | Logits: [0.041, 0.386] | Preds: [0.510, 0.595] | Labels: 0.583 | Batch Time: 10.08s | ETA: 0:23:21
Epoch 2 [10/139] Loss: 1.2790 | Logits: [-0.147, 0.091] | Preds: [0.463, 0.523] | Labels: 0.583 | Batch Time: 6.33s | ETA: 0:14:43
Epoch 2 [20/139] Loss: 1.4934 | Logits: [0.307, 0.633] | Preds: [0.576, 0.653] | Labels: 0.750 | Batch Time: 7.06s | ETA: 0:13:34
Epoch 2 [30/139] Loss: 1.4091 | Logits: [-0.265, 0.256] | Preds: [0.434, 0.564] | Labels: 0.750 | Batch Time: 6.86s | ETA: 0:12:27
Epoch 2 [40/139] Loss: 1.2566 | Logits: [-0.806, -0.153] | Preds: [0.309, 0.462] | Labels: 0.583 | Batch Time: 6.38s | ETA: 0:11:24
Epoch 2 [50/139] Loss: 1.7484 | Logits: [-1.157, -0.293] | Preds: [0.239, 0.427] | Labels: 0.750 | Batch Time: 8.09s | ETA: 0:10:15
Epoch 2 [60/139] Loss: 1.0772 | Logits: [0.372, 0.582] | Preds: [0.592, 0.642] | Labels: 0.500 | Batch Time: 7.65s | ETA: 0:09:14
Epoch 2 [70/139] Loss: 0.6724 | Logits: [-0.242, 0.350] | Preds: [0.440, 0.587] | Labels: 0.333 | Batch Time: 6.67s | ETA: 0:08:05
Epoch 2 [80/139] Loss: 1.1489 | Logits: [-0.202, 0.193] | Preds: [0.450, 0.548] | Labels: 0.583 | Batch Time: 5.95s | ETA: 0:06:49
Epoch 2 [90/139] Loss: 1.0791 | Logits: [-0.132, 0.103] | Preds: [0.467, 0.526] | Labels: 0.583 | Batch Time: 8.05s | ETA: 0:05:38
Epoch 2 [100/139] Loss: 1.0520 | Logits: [-0.265, 0.027] | Preds: [0.434, 0.507] | Labels: 0.583 | Batch Time: 7.83s | ETA: 0:04:27
Epoch 2 [110/139] Loss: 0.3656 | Logits: [-0.150, 0.057] | Preds: [0.463, 0.514] | Labels: 0.333 | Batch Time: 7.58s | ETA: 0:03:19
Epoch 2 [120/139] Loss: 0.2662 | Logits: [0.248, 0.521] | Preds: [0.562, 0.627] | Labels: 0.250 | Batch Time: 8.59s | ETA: 0:02:14
Epoch 2 [130/139] Loss: 0.6808 | Logits: [0.420, 0.800] | Preds: [0.603, 0.690] | Labels: 0.417 | Batch Time: 6.62s | ETA: 0:01:04

Epoch 2 Train Metrics:
  µAP: 0.5204
  R@P90: 0.0069
  Accuracy: 0.4877
  Avg Loss: 0.9772
Epoch 2 completed in 16.37 minutes

============================================================
Progress: 3/13 epochs (23.1%)
Elapsed: 0:48:12
ETA: 2:40:42
Total estimated time: 3:28:55
============================================================

Epoch 3 [0/139] Loss: 1.0561 | Logits: [-0.216, 0.034] | Preds: [0.446, 0.508] | Labels: 0.583 | Batch Time: 11.63s | ETA: 0:26:56
Epoch 3 [10/139] Loss: 0.7023 | Logits: [-0.190, -0.031] | Preds: [0.453, 0.492] | Labels: 0.417 | Batch Time: 7.22s | ETA: 0:15:44
Epoch 3 [20/139] Loss: 0.6317 | Logits: [-0.333, -0.111] | Preds: [0.418, 0.472] | Labels: 0.417 | Batch Time: 7.31s | ETA: 0:14:33
Epoch 3 [30/139] Loss: 0.7063 | Logits: [0.589, 0.837] | Preds: [0.643, 0.698] | Labels: 0.417 | Batch Time: 5.89s | ETA: 0:12:54
Epoch 3 [40/139] Loss: 0.9768 | Logits: [-0.707, -0.281] | Preds: [0.330, 0.430] | Labels: 0.583 | Batch Time: 6.85s | ETA: 0:11:46
Epoch 3 [50/139] Loss: 0.1846 | Logits: [0.200, 0.555] | Preds: [0.550, 0.635] | Labels: 0.250 | Batch Time: 6.68s | ETA: 0:10:20
Epoch 3 [60/139] Loss: 0.6059 | Logits: [-0.257, 0.074] | Preds: [0.436, 0.519] | Labels: 0.417 | Batch Time: 5.98s | ETA: 0:09:06
Epoch 3 [70/139] Loss: 0.3524 | Logits: [0.038, 0.398] | Preds: [0.509, 0.598] | Labels: 0.333 | Batch Time: 6.37s | ETA: 0:07:47
Epoch 3 [80/139] Loss: 0.0362 | Logits: [-0.070, 0.283] | Preds: [0.483, 0.570] | Labels: 0.250 | Batch Time: 7.45s | ETA: 0:06:43
Epoch 3 [90/139] Loss: 0.5287 | Logits: [-0.252, 0.358] | Preds: [0.437, 0.589] | Labels: 0.417 | Batch Time: 7.54s | ETA: 0:05:31
Epoch 3 [100/139] Loss: 1.1140 | Logits: [-0.291, 0.256] | Preds: [0.428, 0.564] | Labels: 0.667 | Batch Time: 7.01s | ETA: 0:04:24
Epoch 3 [110/139] Loss: 0.8644 | Logits: [-0.156, 0.333] | Preds: [0.461, 0.582] | Labels: 0.583 | Batch Time: 5.62s | ETA: 0:03:18
Epoch 3 [120/139] Loss: 0.5637 | Logits: [-0.387, -0.065] | Preds: [0.404, 0.484] | Labels: 0.417 | Batch Time: 5.43s | ETA: 0:02:10
Epoch 3 [130/139] Loss: 0.4267 | Logits: [-0.044, 0.356] | Preds: [0.489, 0.588] | Labels: 0.417 | Batch Time: 5.30s | ETA: 0:01:00

Epoch 3 Train Metrics:
  µAP: 0.4864
  R@P90: 0.0013
  Accuracy: 0.5021
  Avg Loss: 0.6629
Epoch 3 completed in 15.99 minutes

============================================================
Progress: 4/13 epochs (30.8%)
Elapsed: 1:04:12
ETA: 2:24:27
Total estimated time: 3:28:40
============================================================

Epoch 4 [0/139] Loss: 0.6089 | Logits: [-0.181, 0.179] | Preds: [0.455, 0.545] | Labels: 0.417 | Batch Time: 10.08s | ETA: 0:23:21
Epoch 4 [10/139] Loss: 0.8997 | Logits: [-0.307, -0.063] | Preds: [0.424, 0.484] | Labels: 0.583 | Batch Time: 6.19s | ETA: 0:15:23
Epoch 4 [20/139] Loss: 0.4826 | Logits: [-0.120, 0.188] | Preds: [0.470, 0.547] | Labels: 0.417 | Batch Time: 6.42s | ETA: 0:13:59
Epoch 4 [30/139] Loss: 0.3773 | Logits: [0.021, 0.231] | Preds: [0.505, 0.558] | Labels: 0.333 | Batch Time: 8.46s | ETA: 0:12:46
Epoch 4 [40/139] Loss: 0.6442 | Logits: [-0.007, 0.293] | Preds: [0.498, 0.573] | Labels: 0.500 | Batch Time: 7.38s | ETA: 0:11:38
Epoch 4 [50/139] Loss: 0.6042 | Logits: [0.010, 0.170] | Preds: [0.503, 0.542] | Labels: 0.500 | Batch Time: 8.19s | ETA: 0:10:15
Epoch 4 [60/139] Loss: 1.0075 | Logits: [-0.153, 0.137] | Preds: [0.462, 0.534] | Labels: 0.750 | Batch Time: 6.60s | ETA: 0:09:13
Epoch 4 [70/139] Loss: 0.9252 | Logits: [-0.106, 0.130] | Preds: [0.474, 0.532] | Labels: 0.667 | Batch Time: 5.89s | ETA: 0:08:01
Epoch 4 [80/139] Loss: 0.9082 | Logits: [-0.051, 0.311] | Preds: [0.487, 0.577] | Labels: 0.667 | Batch Time: 7.71s | ETA: 0:06:53
Epoch 4 [90/139] Loss: 0.9636 | Logits: [0.081, 0.386] | Preds: [0.520, 0.595] | Labels: 0.750 | Batch Time: 6.52s | ETA: 0:05:38
Epoch 4 [100/139] Loss: 0.4656 | Logits: [0.237, 0.321] | Preds: [0.559, 0.580] | Labels: 0.417 | Batch Time: 7.09s | ETA: 0:04:30
Epoch 4 [110/139] Loss: 0.4782 | Logits: [-0.188, -0.098] | Preds: [0.453, 0.475] | Labels: 0.500 | Batch Time: 6.56s | ETA: 0:03:20
Epoch 4 [120/139] Loss: 0.7815 | Logits: [-0.143, 0.023] | Preds: [0.464, 0.506] | Labels: 0.583 | Batch Time: 6.37s | ETA: 0:02:10
Epoch 4 [130/139] Loss: 0.1590 | Logits: [-0.188, 0.007] | Preds: [0.453, 0.502] | Labels: 0.333 | Batch Time: 6.35s | ETA: 0:01:00

Epoch 4 Train Metrics:
  µAP: 0.4989
  R@P90: 0.0000
  Accuracy: 0.5009
  Avg Loss: 0.6121
Epoch 4 completed in 16.18 minutes

============================================================
Progress: 5/13 epochs (38.5%)
Elapsed: 1:20:23
ETA: 2:08:37
Total estimated time: 3:29:00
============================================================

Saved checkpoint: ./checkpoints_20251213_180634/checkpoint_epoch_5.pt
Saved best model with µAP: 0.4989
Epoch 5 [0/139] Loss: 0.9764 | Logits: [-0.370, -0.124] | Preds: [0.409, 0.469] | Labels: 0.667 | Batch Time: 9.85s | ETA: 0:22:49
Epoch 5 [10/139] Loss: 0.4892 | Logits: [0.073, 0.219] | Preds: [0.518, 0.555] | Labels: 0.500 | Batch Time: 8.78s | ETA: 0:16:13
Epoch 5 [20/139] Loss: 0.7674 | Logits: [-0.117, 0.032] | Preds: [0.471, 0.508] | Labels: 0.583 | Batch Time: 6.97s | ETA: 0:14:33
Epoch 5 [30/139] Loss: 0.8950 | Logits: [-0.288, -0.030] | Preds: [0.429, 0.492] | Labels: 0.667 | Batch Time: 7.27s | ETA: 0:13:23
Epoch 5 [40/139] Loss: 0.5467 | Logits: [-0.462, -0.047] | Preds: [0.387, 0.488] | Labels: 0.500 | Batch Time: 6.37s | ETA: 0:12:01
Epoch 5 [50/139] Loss: 0.0612 | Logits: [-0.090, 0.164] | Preds: [0.477, 0.541] | Labels: 0.333 | Batch Time: 6.20s | ETA: 0:10:32
Epoch 5 [60/139] Loss: 0.5646 | Logits: [0.252, 0.362] | Preds: [0.563, 0.590] | Labels: 0.500 | Batch Time: 6.95s | ETA: 0:09:13
Epoch 5 [70/139] Loss: 0.7022 | Logits: [-0.324, -0.104] | Preds: [0.420, 0.474] | Labels: 0.583 | Batch Time: 6.72s | ETA: 0:07:58
Epoch 5 [80/139] Loss: 0.7961 | Logits: [-0.417, 0.032] | Preds: [0.397, 0.508] | Labels: 0.667 | Batch Time: 7.29s | ETA: 0:06:41
Epoch 5 [90/139] Loss: 0.8990 | Logits: [-0.504, -0.138] | Preds: [0.377, 0.466] | Labels: 0.667 | Batch Time: 6.12s | ETA: 0:05:29
Epoch 5 [100/139] Loss: 0.0783 | Logits: [-0.074, 0.258] | Preds: [0.482, 0.564] | Labels: 0.333 | Batch Time: 7.35s | ETA: 0:04:23
Epoch 5 [110/139] Loss: 0.5530 | Logits: [-0.065, 0.087] | Preds: [0.484, 0.522] | Labels: 0.500 | Batch Time: 6.74s | ETA: 0:03:16
Epoch 5 [120/139] Loss: 0.5929 | Logits: [0.010, 0.268] | Preds: [0.503, 0.566] | Labels: 0.583 | Batch Time: 6.76s | ETA: 0:02:08
Epoch 5 [130/139] Loss: 0.5054 | Logits: [0.067, 0.260] | Preds: [0.517, 0.565] | Labels: 0.500 | Batch Time: 7.39s | ETA: 0:01:01

Epoch 5 Train Metrics:
  µAP: 0.5127
  R@P90: 0.0012
  Accuracy: 0.5105
  Avg Loss: 0.5033
Epoch 5 completed in 16.25 minutes

============================================================
Progress: 6/13 epochs (46.2%)
Elapsed: 1:36:42
ETA: 1:52:49
Total estimated time: 3:29:32
============================================================

Epoch 6 [0/139] Loss: 0.0475 | Logits: [-0.136, 0.041] | Preds: [0.466, 0.510] | Labels: 0.333 | Batch Time: 12.57s | ETA: 0:29:07
Epoch 6 [10/139] Loss: 0.5347 | Logits: [-0.093, 0.143] | Preds: [0.477, 0.536] | Labels: 0.500 | Batch Time: 6.76s | ETA: 0:15:10
Epoch 6 [20/139] Loss: 0.4204 | Logits: [-0.152, 0.109] | Preds: [0.462, 0.527] | Labels: 0.500 | Batch Time: 5.99s | ETA: 0:13:37
Epoch 6 [30/139] Loss: 0.2453 | Logits: [-0.047, 0.167] | Preds: [0.488, 0.542] | Labels: 0.417 | Batch Time: 6.96s | ETA: 0:12:33
Epoch 6 [40/139] Loss: 0.2036 | Logits: [-0.013, 0.131] | Preds: [0.497, 0.533] | Labels: 0.417 | Batch Time: 6.10s | ETA: 0:11:23
Epoch 6 [50/139] Loss: 0.7738 | Logits: [0.082, 0.147] | Preds: [0.521, 0.537] | Labels: 0.667 | Batch Time: 6.96s | ETA: 0:09:57
Epoch 6 [60/139] Loss: -0.3520 | Logits: [-0.083, -0.039] | Preds: [0.479, 0.490] | Labels: 0.250 | Batch Time: 7.70s | ETA: 0:08:57
Epoch 6 [70/139] Loss: 0.3950 | Logits: [-0.024, 0.042] | Preds: [0.494, 0.511] | Labels: 0.500 | Batch Time: 6.48s | ETA: 0:07:51
Epoch 6 [80/139] Loss: 0.0118 | Logits: [-0.030, 0.028] | Preds: [0.493, 0.507] | Labels: 0.333 | Batch Time: 7.28s | ETA: 0:06:45
Epoch 6 [90/139] Loss: 0.6987 | Logits: [-0.158, -0.024] | Preds: [0.460, 0.494] | Labels: 0.583 | Batch Time: 7.40s | ETA: 0:05:38
Epoch 6 [100/139] Loss: 1.0519 | Logits: [-0.021, 0.091] | Preds: [0.495, 0.523] | Labels: 0.917 | Batch Time: 6.71s | ETA: 0:04:30
Epoch 6 [110/139] Loss: 0.5831 | Logits: [-0.041, 0.048] | Preds: [0.490, 0.512] | Labels: 0.500 | Batch Time: 7.16s | ETA: 0:03:20
Epoch 6 [120/139] Loss: 0.4316 | Logits: [-0.187, -0.068] | Preds: [0.453, 0.483] | Labels: 0.500 | Batch Time: 6.99s | ETA: 0:02:13
Epoch 6 [130/139] Loss: 0.6000 | Logits: [0.141, 0.228] | Preds: [0.535, 0.557] | Labels: 0.583 | Batch Time: 6.43s | ETA: 0:01:02

Epoch 6 Train Metrics:
  µAP: 0.5449
  R@P90: 0.0011
  Accuracy: 0.5051
  Avg Loss: 0.4864
Epoch 6 completed in 16.14 minutes

============================================================
Progress: 7/13 epochs (53.8%)
Elapsed: 1:52:51
ETA: 1:36:43
Total estimated time: 3:29:34
============================================================

Epoch 7 [0/139] Loss: 0.3589 | Logits: [0.334, 0.380] | Preds: [0.583, 0.594] | Labels: 0.500 | Batch Time: 10.48s | ETA: 0:24:17
Epoch 7 [10/139] Loss: 0.4915 | Logits: [-0.046, 0.044] | Preds: [0.488, 0.511] | Labels: 0.500 | Batch Time: 6.57s | ETA: 0:15:37
Epoch 7 [20/139] Loss: 0.6053 | Logits: [0.033, 0.119] | Preds: [0.508, 0.530] | Labels: 0.583 | Batch Time: 6.86s | ETA: 0:13:49
Epoch 7 [30/139] Loss: 0.2934 | Logits: [0.035, 0.208] | Preds: [0.509, 0.552] | Labels: 0.417 | Batch Time: 7.19s | ETA: 0:12:43
Epoch 7 [40/139] Loss: 0.2196 | Logits: [-0.136, 0.038] | Preds: [0.466, 0.510] | Labels: 0.417 | Batch Time: 5.62s | ETA: 0:11:27
Epoch 7 [50/139] Loss: 0.6139 | Logits: [-0.155, 0.009] | Preds: [0.461, 0.502] | Labels: 0.583 | Batch Time: 7.87s | ETA: 0:10:14
Epoch 7 [60/139] Loss: 0.5353 | Logits: [-0.122, 0.026] | Preds: [0.470, 0.506] | Labels: 0.500 | Batch Time: 7.55s | ETA: 0:09:04
Epoch 7 [70/139] Loss: 0.2509 | Logits: [-0.004, 0.187] | Preds: [0.499, 0.547] | Labels: 0.500 | Batch Time: 6.06s | ETA: 0:07:58
Epoch 7 [80/139] Loss: -0.1144 | Logits: [-0.225, -0.125] | Preds: [0.444, 0.469] | Labels: 0.333 | Batch Time: 6.24s | ETA: 0:06:47
Epoch 7 [90/139] Loss: 0.5629 | Logits: [-0.200, -0.073] | Preds: [0.450, 0.482] | Labels: 0.583 | Batch Time: 7.30s | ETA: 0:05:38
Epoch 7 [100/139] Loss: -0.3612 | Logits: [0.139, 0.231] | Preds: [0.535, 0.558] | Labels: 0.250 | Batch Time: 6.39s | ETA: 0:04:28
Epoch 7 [110/139] Loss: 0.4249 | Logits: [0.070, 0.129] | Preds: [0.518, 0.532] | Labels: 0.500 | Batch Time: 7.95s | ETA: 0:03:20
Epoch 7 [120/139] Loss: -0.1330 | Logits: [-0.191, -0.002] | Preds: [0.452, 0.500] | Labels: 0.333 | Batch Time: 7.07s | ETA: 0:02:10
Epoch 7 [130/139] Loss: 0.4139 | Logits: [0.391, 0.529] | Preds: [0.597, 0.629] | Labels: 0.500 | Batch Time: 7.09s | ETA: 0:01:01

Epoch 7 Train Metrics:
  µAP: 0.5227
  R@P90: 0.0012
  Accuracy: 0.5141
  Avg Loss: 0.3615
Epoch 7 completed in 16.12 minutes

============================================================
Progress: 8/13 epochs (61.5%)
Elapsed: 2:08:58
ETA: 1:20:36
Total estimated time: 3:29:34
============================================================

Epoch 8 [0/139] Loss: 0.6123 | Logits: [0.188, 0.328] | Preds: [0.547, 0.581] | Labels: 0.583 | Batch Time: 10.44s | ETA: 0:24:11
Epoch 8 [10/139] Loss: 0.2016 | Logits: [-0.270, -0.068] | Preds: [0.433, 0.483] | Labels: 0.417 | Batch Time: 7.13s | ETA: 0:15:47
Epoch 8 [20/139] Loss: 0.6213 | Logits: [-0.380, -0.147] | Preds: [0.406, 0.463] | Labels: 0.667 | Batch Time: 6.84s | ETA: 0:14:10
Epoch 8 [30/139] Loss: 0.5565 | Logits: [-0.201, -0.071] | Preds: [0.450, 0.482] | Labels: 0.500 | Batch Time: 8.08s | ETA: 0:13:17
Epoch 8 [40/139] Loss: 0.1487 | Logits: [0.168, 0.234] | Preds: [0.542, 0.558] | Labels: 0.417 | Batch Time: 7.16s | ETA: 0:11:58
Epoch 8 [50/139] Loss: 1.0183 | Logits: [-0.181, 0.046] | Preds: [0.455, 0.512] | Labels: 0.917 | Batch Time: 6.80s | ETA: 0:10:34
Epoch 8 [60/139] Loss: 0.6517 | Logits: [-0.044, 0.104] | Preds: [0.489, 0.526] | Labels: 0.583 | Batch Time: 7.02s | ETA: 0:09:19
Epoch 8 [70/139] Loss: 0.8504 | Logits: [-0.018, 0.080] | Preds: [0.495, 0.520] | Labels: 0.833 | Batch Time: 6.60s | ETA: 0:08:07
Epoch 8 [80/139] Loss: 0.5790 | Logits: [0.096, 0.166] | Preds: [0.524, 0.541] | Labels: 0.583 | Batch Time: 6.42s | ETA: 0:06:42
Epoch 8 [90/139] Loss: 0.2655 | Logits: [0.118, 0.196] | Preds: [0.529, 0.549] | Labels: 0.417 | Batch Time: 6.72s | ETA: 0:05:30
Epoch 8 [100/139] Loss: 0.3886 | Logits: [0.011, 0.074] | Preds: [0.503, 0.518] | Labels: 0.500 | Batch Time: 7.11s | ETA: 0:04:20
Epoch 8 [110/139] Loss: 0.9295 | Logits: [-0.095, -0.020] | Preds: [0.476, 0.495] | Labels: 0.750 | Batch Time: 7.06s | ETA: 0:03:14
Epoch 8 [120/139] Loss: 0.8024 | Logits: [-0.093, -0.025] | Preds: [0.477, 0.494] | Labels: 0.750 | Batch Time: 6.59s | ETA: 0:02:07
Epoch 8 [130/139] Loss: 0.6578 | Logits: [-0.084, -0.028] | Preds: [0.479, 0.493] | Labels: 0.583 | Batch Time: 6.80s | ETA: 0:01:01

Epoch 8 Train Metrics:
  µAP: 0.5041
  R@P90: 0.0000
  Accuracy: 0.5225
  Avg Loss: 0.2930
Epoch 8 completed in 16.19 minutes

============================================================
Progress: 9/13 epochs (69.2%)
Elapsed: 2:25:09
ETA: 1:04:31
Total estimated time: 3:29:40
============================================================

Epoch 9 [0/139] Loss: -0.1123 | Logits: [-0.094, -0.029] | Preds: [0.476, 0.493] | Labels: 0.333 | Batch Time: 13.00s | ETA: 0:30:07
Epoch 9 [10/139] Loss: 0.7777 | Logits: [-0.100, -0.020] | Preds: [0.475, 0.495] | Labels: 0.750 | Batch Time: 7.79s | ETA: 0:16:14
Epoch 9 [20/139] Loss: 0.2091 | Logits: [-0.064, 0.001] | Preds: [0.484, 0.500] | Labels: 0.417 | Batch Time: 8.12s | ETA: 0:14:39
Epoch 9 [30/139] Loss: 0.5430 | Logits: [-0.032, 0.022] | Preds: [0.492, 0.506] | Labels: 0.583 | Batch Time: 6.70s | ETA: 0:13:08
Epoch 9 [40/139] Loss: -1.0594 | Logits: [-0.015, 0.027] | Preds: [0.496, 0.507] | Labels: 0.167 | Batch Time: 6.65s | ETA: 0:11:50
Epoch 9 [50/139] Loss: 0.1220 | Logits: [-0.026, 0.019] | Preds: [0.493, 0.505] | Labels: 0.417 | Batch Time: 6.70s | ETA: 0:10:27
Epoch 9 [60/139] Loss: 0.1971 | Logits: [0.011, 0.029] | Preds: [0.503, 0.507] | Labels: 0.417 | Batch Time: 8.31s | ETA: 0:09:17
Epoch 9 [70/139] Loss: 0.8249 | Logits: [0.021, 0.036] | Preds: [0.505, 0.509] | Labels: 0.833 | Batch Time: 5.82s | ETA: 0:08:00
Epoch 9 [80/139] Loss: 0.1444 | Logits: [0.018, 0.041] | Preds: [0.504, 0.510] | Labels: 0.417 | Batch Time: 7.58s | ETA: 0:06:52
Epoch 9 [90/139] Loss: 0.3311 | Logits: [-0.013, 0.029] | Preds: [0.497, 0.507] | Labels: 0.500 | Batch Time: 6.59s | ETA: 0:05:40
Epoch 9 [100/139] Loss: 0.5563 | Logits: [-0.050, 0.028] | Preds: [0.487, 0.507] | Labels: 0.583 | Batch Time: 6.81s | ETA: 0:04:28
Epoch 9 [110/139] Loss: -0.1782 | Logits: [-0.059, -0.008] | Preds: [0.485, 0.498] | Labels: 0.333 | Batch Time: 6.92s | ETA: 0:03:18
Epoch 9 [120/139] Loss: 0.4985 | Logits: [-0.034, 0.026] | Preds: [0.492, 0.507] | Labels: 0.583 | Batch Time: 6.44s | ETA: 0:02:09
Epoch 9 [130/139] Loss: 0.4253 | Logits: [-0.040, 0.029] | Preds: [0.490, 0.507] | Labels: 0.500 | Batch Time: 7.74s | ETA: 0:01:01

Epoch 9 Train Metrics:
  µAP: 0.5123
  R@P90: 0.0000
  Accuracy: 0.5045
  Avg Loss: 0.2833
Epoch 9 completed in 16.31 minutes

============================================================
Progress: 10/13 epochs (76.9%)
Elapsed: 2:41:28
ETA: 0:48:26
Total estimated time: 3:29:54
============================================================

Saved checkpoint: ./checkpoints_20251213_180634/checkpoint_epoch_10.pt
Saved best model with µAP: 0.5123
Epoch 10 [0/139] Loss: 0.3460 | Logits: [-0.037, 0.008] | Preds: [0.491, 0.502] | Labels: 0.500 | Batch Time: 8.28s | ETA: 0:19:10
Epoch 10 [10/139] Loss: 0.5274 | Logits: [-0.047, 0.027] | Preds: [0.488, 0.507] | Labels: 0.583 | Batch Time: 4.71s | ETA: 0:15:50
Epoch 10 [20/139] Loss: 0.1312 | Logits: [-0.053, -0.009] | Preds: [0.487, 0.498] | Labels: 0.417 | Batch Time: 6.89s | ETA: 0:14:19
Epoch 10 [30/139] Loss: 0.5772 | Logits: [-0.070, -0.018] | Preds: [0.482, 0.496] | Labels: 0.583 | Batch Time: 7.68s | ETA: 0:12:57
Epoch 10 [40/139] Loss: 0.0392 | Logits: [-0.058, 0.028] | Preds: [0.485, 0.507] | Labels: 0.417 | Batch Time: 7.04s | ETA: 0:11:53
Epoch 10 [50/139] Loss: 0.1767 | Logits: [-0.039, -0.004] | Preds: [0.490, 0.499] | Labels: 0.417 | Batch Time: 7.16s | ETA: 0:10:36
Epoch 10 [60/139] Loss: -0.5798 | Logits: [-0.026, 0.034] | Preds: [0.494, 0.509] | Labels: 0.250 | Batch Time: 6.38s | ETA: 0:09:22
Epoch 10 [70/139] Loss: 0.1603 | Logits: [-0.024, 0.028] | Preds: [0.494, 0.507] | Labels: 0.417 | Batch Time: 7.32s | ETA: 0:08:03
Epoch 10 [80/139] Loss: 0.8572 | Logits: [-0.044, 0.025] | Preds: [0.489, 0.506] | Labels: 0.833 | Batch Time: 6.97s | ETA: 0:06:52
Epoch 10 [90/139] Loss: -0.0944 | Logits: [-0.041, -0.001] | Preds: [0.490, 0.500] | Labels: 0.333 | Batch Time: 6.91s | ETA: 0:05:32
Epoch 10 [100/139] Loss: 0.3945 | Logits: [-0.031, 0.028] | Preds: [0.492, 0.507] | Labels: 0.583 | Batch Time: 7.50s | ETA: 0:04:23
Epoch 10 [110/139] Loss: 0.3781 | Logits: [-0.021, 0.011] | Preds: [0.495, 0.503] | Labels: 0.500 | Batch Time: 6.24s | ETA: 0:03:14
Epoch 10 [120/139] Loss: 0.5321 | Logits: [-0.021, 0.011] | Preds: [0.495, 0.503] | Labels: 0.583 | Batch Time: 6.81s | ETA: 0:02:09
Epoch 10 [130/139] Loss: -0.2302 | Logits: [-0.023, 0.033] | Preds: [0.494, 0.508] | Labels: 0.333 | Batch Time: 7.23s | ETA: 0:01:01

Epoch 10 Train Metrics:
  µAP: 0.4837
  R@P90: 0.0000
  Accuracy: 0.5009
  Avg Loss: 0.2453
Epoch 10 completed in 16.32 minutes

============================================================
Progress: 11/13 epochs (84.6%)
Elapsed: 2:57:51
ETA: 0:32:20
Total estimated time: 3:30:11
============================================================

Epoch 11 [0/139] Loss: 0.3697 | Logits: [-0.013, 0.019] | Preds: [0.497, 0.505] | Labels: 0.583 | Batch Time: 11.27s | ETA: 0:26:06
Epoch 11 [10/139] Loss: 0.7932 | Logits: [-0.011, 0.022] | Preds: [0.497, 0.506] | Labels: 0.750 | Batch Time: 7.49s | ETA: 0:16:45
Epoch 11 [20/139] Loss: 0.4808 | Logits: [-0.010, 0.023] | Preds: [0.498, 0.506] | Labels: 0.583 | Batch Time: 7.09s | ETA: 0:14:47
Epoch 11 [30/139] Loss: 0.7644 | Logits: [-0.009, 0.025] | Preds: [0.498, 0.506] | Labels: 0.667 | Batch Time: 6.27s | ETA: 0:13:18
Epoch 11 [40/139] Loss: 0.4101 | Logits: [0.000, 0.027] | Preds: [0.500, 0.507] | Labels: 0.500 | Batch Time: 7.71s | ETA: 0:11:53
Epoch 11 [50/139] Loss: -0.0287 | Logits: [0.005, 0.036] | Preds: [0.501, 0.509] | Labels: 0.333 | Batch Time: 7.11s | ETA: 0:10:28
Epoch 11 [60/139] Loss: -1.0501 | Logits: [0.001, 0.033] | Preds: [0.500, 0.508] | Labels: 0.167 | Batch Time: 7.32s | ETA: 0:09:07
Epoch 11 [70/139] Loss: 0.7565 | Logits: [-0.005, 0.033] | Preds: [0.499, 0.508] | Labels: 0.750 | Batch Time: 6.68s | ETA: 0:07:59
Epoch 11 [80/139] Loss: -0.5240 | Logits: [-0.007, 0.035] | Preds: [0.498, 0.509] | Labels: 0.250 | Batch Time: 6.20s | ETA: 0:06:51
Epoch 11 [90/139] Loss: -0.0541 | Logits: [0.003, 0.027] | Preds: [0.501, 0.507] | Labels: 0.417 | Batch Time: 7.17s | ETA: 0:05:44
Epoch 11 [100/139] Loss: 0.6100 | Logits: [0.013, 0.035] | Preds: [0.503, 0.509] | Labels: 0.667 | Batch Time: 5.92s | ETA: 0:04:36
Epoch 11 [110/139] Loss: 0.4708 | Logits: [0.027, 0.039] | Preds: [0.507, 0.510] | Labels: 0.583 | Batch Time: 7.42s | ETA: 0:03:27
Epoch 11 [120/139] Loss: 0.2972 | Logits: [0.035, 0.040] | Preds: [0.509, 0.510] | Labels: 0.500 | Batch Time: 6.66s | ETA: 0:02:14
Epoch 11 [130/139] Loss: 0.5217 | Logits: [0.036, 0.041] | Preds: [0.509, 0.510] | Labels: 0.583 | Batch Time: 5.69s | ETA: 0:01:03

Epoch 11 Train Metrics:
  µAP: 0.5185
  R@P90: 0.0000
  Accuracy: 0.5135
  Avg Loss: 0.3122
Epoch 11 completed in 16.50 minutes

============================================================
Progress: 12/13 epochs (92.3%)
Elapsed: 3:14:21
ETA: 0:16:11
Total estimated time: 3:30:33
============================================================

Epoch 12 [0/139] Loss: 0.2022 | Logits: [0.037, 0.040] | Preds: [0.509, 0.510] | Labels: 0.417 | Batch Time: 9.86s | ETA: 0:22:49
Epoch 12 [10/139] Loss: 0.3510 | Logits: [0.036, 0.041] | Preds: [0.509, 0.510] | Labels: 0.500 | Batch Time: 6.53s | ETA: 0:15:38
Epoch 12 [20/139] Loss: 0.0041 | Logits: [0.035, 0.040] | Preds: [0.509, 0.510] | Labels: 0.417 | Batch Time: 6.52s | ETA: 0:13:50
Epoch 12 [30/139] Loss: 0.0826 | Logits: [0.036, 0.039] | Preds: [0.509, 0.510] | Labels: 0.417 | Batch Time: 6.41s | ETA: 0:12:37
Epoch 12 [40/139] Loss: 0.4303 | Logits: [0.036, 0.040] | Preds: [0.509, 0.510] | Labels: 0.583 | Batch Time: 8.06s | ETA: 0:11:31
Epoch 12 [50/139] Loss: -0.4014 | Logits: [0.035, 0.040] | Preds: [0.509, 0.510] | Labels: 0.250 | Batch Time: 6.94s | ETA: 0:10:20
Epoch 12 [60/139] Loss: -0.1558 | Logits: [0.034, 0.041] | Preds: [0.508, 0.510] | Labels: 0.333 | Batch Time: 7.59s | ETA: 0:09:10
Epoch 12 [70/139] Loss: 0.7637 | Logits: [0.034, 0.039] | Preds: [0.508, 0.510] | Labels: 0.833 | Batch Time: 7.43s | ETA: 0:07:58
Epoch 12 [80/139] Loss: 0.1263 | Logits: [0.035, 0.040] | Preds: [0.509, 0.510] | Labels: 0.417 | Batch Time: 6.31s | ETA: 0:06:46
Epoch 12 [90/139] Loss: 0.3753 | Logits: [0.035, 0.040] | Preds: [0.509, 0.510] | Labels: 0.500 | Batch Time: 7.07s | ETA: 0:05:34
Epoch 12 [100/139] Loss: 0.2247 | Logits: [0.034, 0.038] | Preds: [0.508, 0.510] | Labels: 0.500 | Batch Time: 7.81s | ETA: 0:04:26
Epoch 12 [110/139] Loss: 0.2779 | Logits: [0.034, 0.038] | Preds: [0.509, 0.510] | Labels: 0.500 | Batch Time: 7.85s | ETA: 0:03:18
Epoch 12 [120/139] Loss: 0.4533 | Logits: [0.033, 0.038] | Preds: [0.508, 0.509] | Labels: 0.583 | Batch Time: 6.71s | ETA: 0:02:12
Epoch 12 [130/139] Loss: 0.5569 | Logits: [0.033, 0.036] | Preds: [0.508, 0.509] | Labels: 0.667 | Batch Time: 7.97s | ETA: 0:01:03
NDEC Dataset:
  Total samples: 49252

Epoch 12 Train Metrics:
  µAP: 0.4658
  R@P90: 0.0000
  Accuracy: 0.4973
  Avg Loss: 0.2358
Epoch 12 completed in 16.30 minutes

============================================================
Progress: 13/13 epochs (100.0%)
Elapsed: 3:30:39
ETA: 0:00:00
Total estimated time: 3:30:39
============================================================



Fine-tuning on NDEC for 2 epochs...
NDEC Dataset:
  Total samples: 49252
NDEC Dataset:
  Total samples: 49252
  Positive pairs: 5009
  Negative pairs: 0
  Positive pairs: 5009  Positive pairs: 5009

  Negative pairs: 0
  Negative pairs: 0
  Using 2504 samples (50.0% of dataset)
  Using 2504 samples (50.0% of dataset)
  Using 2504 samples (50.0% of dataset)
Epoch 13 [0/70] Loss: 1.6753 | Logits: [0.033, 0.037] | Preds: [0.508, 0.509] | Labels: 1.000 | Batch Time: 6.72s | ETA: 0:07:50
Epoch 13 [10/70] Loss: 1.6103 | Logits: [0.034, 0.037] | Preds: [0.508, 0.509] | Labels: 1.000 | Batch Time: 7.12s | ETA: 0:07:44
Epoch 13 [20/70] Loss: 1.5671 | Logits: [0.033, 0.038] | Preds: [0.508, 0.510] | Labels: 1.000 | Batch Time: 7.21s | ETA: 0:06:16
Epoch 13 [30/70] Loss: 1.6127 | Logits: [0.034, 0.039] | Preds: [0.509, 0.510] | Labels: 1.000 | Batch Time: 5.64s | ETA: 0:04:50
Epoch 13 [40/70] Loss: 1.5773 | Logits: [0.034, 0.038] | Preds: [0.509, 0.510] | Labels: 1.000 | Batch Time: 7.61s | ETA: 0:03:37
Epoch 13 [50/70] Loss: 1.6026 | Logits: [0.033, 0.037] | Preds: [0.508, 0.509] | Labels: 1.000 | Batch Time: 7.79s | ETA: 0:02:24
Epoch 13 [60/70] Loss: 1.6342 | Logits: [0.034, 0.038] | Preds: [0.508, 0.509] | Labels: 1.000 | Batch Time: 7.22s | ETA: 0:01:10

Epoch 13 Train Metrics:
  µAP: 1.0000
  R@P90: 1.0000
  Accuracy: 1.0000
  Avg Loss: 1.5968
Epoch 13 completed in 8.52 minutes
Epoch 14 [0/70] Loss: 1.6087 | Logits: [0.033, 0.037] | Preds: [0.508, 0.509] | Labels: 1.000 | Batch Time: 6.63s | ETA: 0:07:43
Epoch 14 [10/70] Loss: 1.6408 | Logits: [0.034, 0.039] | Preds: [0.508, 0.510] | Labels: 1.000 | Batch Time: 6.92s | ETA: 0:07:30
Epoch 14 [20/70] Loss: 1.6521 | Logits: [0.034, 0.037] | Preds: [0.509, 0.509] | Labels: 1.000 | Batch Time: 9.20s | ETA: 0:06:14
Epoch 14 [30/70] Loss: 1.5794 | Logits: [0.033, 0.039] | Preds: [0.508, 0.510] | Labels: 1.000 | Batch Time: 7.18s | ETA: 0:04:55
Epoch 14 [40/70] Loss: 1.6361 | Logits: [0.035, 0.037] | Preds: [0.509, 0.509] | Labels: 1.000 | Batch Time: 6.84s | ETA: 0:03:39
Epoch 14 [50/70] Loss: 1.6016 | Logits: [0.034, 0.039] | Preds: [0.509, 0.510] | Labels: 1.000 | Batch Time: 7.71s | ETA: 0:02:27
Epoch 14 [60/70] Loss: 1.6027 | Logits: [0.034, 0.037] | Preds: [0.509, 0.509] | Labels: 1.000 | Batch Time: 7.75s | ETA: 0:01:12

Epoch 14 Train Metrics:
  µAP: 1.0000
  R@P90: 1.0000
  Accuracy: 1.0000
  Avg Loss: 1.6010
Epoch 14 completed in 8.57 minutes
gpu3:3464212:3464212 [1] NCCL INFO comm 0xf8be170 rank 1 nranks 3 cudaDev 1 busId 4b000 - Destroy COMPLETE
gpu3:3464213:3464213 [2] NCCL INFO comm 0xf8fc5e0 rank 2 nranks 3 cudaDev 2 busId ca000 - Destroy COMPLETE

Training complete! Saved final model: ./checkpoints_20251213_180634/final_model.pt
gpu3:3464211:3464211 [0] NCCL INFO comm 0xf848b00 rank 0 nranks 3 cudaDev 0 busId 31000 - Destroy COMPLETE
=========================================
Training completed successfully!
End Time: Sat Dec 13 21:54:45 EST 2025
Checkpoints saved to: ./checkpoints_20251213_180634
=========================================
Final model files:
-rw-r--r-- 1 jowatson hpcusers 475M Dec 13 20:48 ./checkpoints_20251213_180634/best_model.pt
-rw-r--r-- 1 jowatson hpcusers 1.4G Dec 13 20:48 ./checkpoints_20251213_180634/checkpoint_epoch_10.pt
-rw-r--r-- 1 jowatson hpcusers 1.4G Dec 13 19:27 ./checkpoints_20251213_180634/checkpoint_epoch_5.pt
-rw-r--r-- 1 jowatson hpcusers 475M Dec 13 21:54 ./checkpoints_20251213_180634/final_model.pt
